python : [INFO] RUN START | oem=hyundai | file=C:\Users\paxm\OneDrive - PBS SYSTEMS\Desktop\Office\Projects\OEM 
Accessory project\OEM_Accessories_v1\accy_v2\data\landing_zone\hyundai_genesis\Hyundai Canada - 2025-9-1 HACC MAF DIST 
- Final 09082025 (1).xlsx | run_id=af6f8d9e
At line:1 char:410
+ ... oject/OEM_Accessories_v1"; python accy_v2/run_hyundai.py 2>&1 | tee t ...
+                                ~~~~~~~~~~~~~~~~~~~~~~~~~~~~~~~~~~
    + CategoryInfo          : NotSpecified: ([INFO] RUN STAR...run_id=af6f8d9e:String) [], RemoteException
    + FullyQualifiedErrorId : NativeCommandError
 
[INFO] SHEET START | sheet=2024_elantra
[DEBUG] Group '2024_elantra' (model 'elantra'): routed to manufacturer 'Hyundai'
[DEBUG] Column mapping for '2024_elantra': {'Model_Year_From': 'year_from', 'Model_Year_To': None, 'Model': 'model', 
'Trim_1': None, 'Trim_2': None, 'Trim_3': None, 'Trim_4': None, 'Trim_5': None, 'Trim_6': None, 
'Accessory_Category_(EN)': None, 'Accessory_Group_(EN)': None, 'Accessory_Description_(EN)': 'english_description', 
'Accessory_Category_(FR)': None, 'Accessory_Group_(FR)': None, 'Accessory_Description_(FR)': 'french_description', 
'Part_Number': 'part_number', 'DNET': 'dnet', 'MSRP': 'msrp', 'Labour_Rate': 'labour_rate', 'Suggested_Labour_Hours': 
'labour_hours', 'Suggested_Base_Retail_Price_w/labour': None, 'Yearly_Rate': None, 'Weekly_Rate': None, 
'#of_Payments': None, 'Weekly_Payment': None, 'Comments_(EN)': 'comments_en', 'Comments_(FR)': 'comments_fr', 
'New_Part_SOS': None, 'Outgoing_Part_Flag': None, 'MAF_Update': None}
[INFO] Group '2024_elantra': identified 6 trim column(s): ['Trim_1', 'Trim_2', 'Trim_3', 'Trim_4', 'Trim_5', 'Trim_6']
[DEBUG] Valid trim cols for '2024_elantra': ['Trim_1', 'Trim_2', 'Trim_3', 'Trim_4', 'Trim_5', 'Trim_6']
[DEBUG] Group '2024_elantra': extracted vehicle_year=2024
[DEBUG] 95 records -> 424 after melt
[INFO] Step 4.5: model_lookup enrichment | sheet='2024_elantra'
[DEBUG] Group '2024_elantra': Unique trims identified: ['Ess', 'HEV', 'Lux', 'N', 'N-Line', 'Pref']
[DEBUG] Group '2024_elantra': model_keywords from data=['elantra'], fuel_type=None
[DEBUG] Group '2024_elantra' trim 'Ess': Searching with keywords=['elantra', 'ess']
[DEBUG] Translated keywords: ['elantra', 'ess'] → ['elantra', 'essential']
[DEBUG] Classified tokens: {'MODEL': ['elantra'], 'TRIM': ['essential']}
[DEBUG] After filtering ignored categories []: {'MODEL': ['elantra'], 'TRIM': ['essential']}
[DEBUG] After filtering excluded keywords ['combustion']: ['elantra', 'essential']
[DEBUG] Score: 15 (minimum: 10)
[DEBUG] Database search returned 1 candidates
[DEBUG] Confidence: 0.23
[DEBUG]   [OK] Found model_number(s)=['ELCS4V2BES00'] package(s)=[np.int64(449710)] confidence=0.23 for Hyundai 2024 
Ess
[DEBUG] Group '2024_elantra' trim 'HEV': Searching with keywords=['elantra', 'hev']
[DEBUG] Translated keywords: ['elantra', 'hev'] → ['elantra', 'hybrid']
[DEBUG] Classified tokens: {'MODEL': ['elantra'], 'ENGINE_TYPE': ['hybrid']}
[DEBUG] After filtering ignored categories []: {'MODEL': ['elantra'], 'ENGINE_TYPE': ['hybrid']}
[DEBUG] After filtering excluded keywords ['combustion']: ['elantra', 'hybrid']
[DEBUG] Score: 18 (minimum: 10)
[DEBUG] Database search returned 2 candidates
[DEBUG] Confidence: 0.00
[WARNING] Unclassified tokens: ['w/two-tone']
[WARNING] Unclassified tokens: ['w/two-tone']
[DEBUG] Resolved 2 candidates to 2 variant(s) by distinct Package [449812, 449813] (descriptions differ, ModelNumbers 
may repeat)
[DEBUG]   [OK] Found model_number(s)=['ELHS4T1BLUHE', 'ELHS4T1BLUHM'] package(s)=[449812, 449813] confidence=0.00 for 
Hyundai 2024 HEV
[DEBUG] Group '2024_elantra' trim 'Lux': Searching with keywords=['elantra', 'lux']
[DEBUG] Translated keywords: ['elantra', 'lux'] → ['elantra', 'luxury']
[DEBUG] Classified tokens: {'MODEL': ['elantra'], 'TRIM': ['luxury']}
[DEBUG] After filtering ignored categories []: {'MODEL': ['elantra'], 'TRIM': ['luxury']}
[DEBUG] After filtering excluded keywords ['combustion']: ['elantra', 'luxury']
[DEBUG] Score: 15 (minimum: 10)
[WARNING] Unclassified tokens: ['w/two-tone']
[DEBUG] TRIM matching (subset) narrowed to 2 candidates for searched TRIM: {'luxury'}
[DEBUG] Database search returned 2 candidates
[DEBUG] Confidence: 0.00
[WARNING] Unclassified tokens: ['w/two-tone']
[WARNING] Unclassified tokens: ['w/two-tone']
[DEBUG] Resolved 2 candidates to 2 variant(s) by distinct Package [449713, 449714] (descriptions differ, ModelNumbers 
may repeat)
[DEBUG]   [OK] Found model_number(s)=['ELCS4V2BLU00', 'ELCS4V2BLUME'] package(s)=[449713, 449714] confidence=0.00 for 
Hyundai 2024 Lux
[DEBUG] Group '2024_elantra' trim 'N': Searching with keywords=['elantra', 'n']
[DEBUG] Translated keywords: ['elantra', 'n'] → ['elantra', 'n']
[DEBUG] Classified tokens: {'MODEL': ['elantra'], 'TRIM_VARIANT': ['n']}
[DEBUG] After filtering ignored categories []: {'MODEL': ['elantra'], 'TRIM_VARIANT': ['n']}
[DEBUG] After filtering excluded keywords ['combustion']: ['elantra', 'n']
[DEBUG] Score: 16 (minimum: 10)
[DEBUG] Database search returned 2 candidates
[DEBUG] Confidence: 0.00
[DEBUG] Resolved 2 candidates to 2 variant(s) by distinct Package [456372, 456373] (descriptions differ, ModelNumbers 
may repeat)
[DEBUG]   [OK] Found model_number(s)=['ELCS472ANN00', 'ELCS4M2ANN00'] package(s)=[456372, 456373] confidence=0.00 for 
Hyundai 2024 N
[DEBUG] Group '2024_elantra' trim 'N-Line': Searching with keywords=['elantra', 'n-line']
[DEBUG] Translated keywords: ['elantra', 'n-line'] → ['elantra', 'n-line']
[DEBUG] Classified tokens: {'MODEL': ['elantra'], 'TRIM_VARIANT': ['n-line']}
[DEBUG] After filtering ignored categories []: {'MODEL': ['elantra'], 'TRIM_VARIANT': ['n-line']}
[DEBUG] After filtering excluded keywords ['combustion']: ['elantra', 'n-line']
[DEBUG] Score: 16 (minimum: 10)
[DEBUG] Database search returned 1 candidates
[DEBUG] Confidence: 0.25
[DEBUG]   [OK] Found model_number(s)=['ELCS4U1ANLUL'] package(s)=[np.int64(449715)] confidence=0.25 for Hyundai 2024 
N-Line
[DEBUG] Group '2024_elantra' trim 'Pref': Searching with keywords=['elantra', 'pref']
[DEBUG] Translated keywords: ['elantra', 'pref'] → ['elantra', 'preferred']
[DEBUG] Classified tokens: {'MODEL': ['elantra'], 'TRIM': ['preferred']}
[DEBUG] After filtering ignored categories []: {'MODEL': ['elantra'], 'TRIM': ['preferred']}
[DEBUG] After filtering excluded keywords ['combustion']: ['elantra', 'preferred']
[DEBUG] Score: 15 (minimum: 10)
[WARNING] Unclassified tokens: ['w/tech']
[DEBUG] TRIM matching (subset) narrowed to 2 candidates for searched TRIM: {'preferred'}
[DEBUG] Database search returned 2 candidates
[DEBUG] Confidence: 0.00
[WARNING] Unclassified tokens: ['w/tech']
[WARNING] Unclassified tokens: ['w/tech']
[DEBUG] Resolved 2 candidates to 2 variant(s) by distinct Package [449711, 449712] (descriptions differ, ModelNumbers 
may repeat)
[DEBUG]   [OK] Found model_number(s)=['ELCS4V2BPR00', 'ELCS4V2BPRTE'] package(s)=[449711, 449712] confidence=0.00 for 
Hyundai 2024 Pref
[DEBUG] Group '2024_elantra': 708 total rows. 708 rows with model numbers, 0 rows with missing model numbers (empty 
ModelNumber for manual correction).
[DEBUG] Group '2024_elantra': 708 total rows. 708 rows with model numbers, 0 rows with missing model numbers (empty 
ModelNumber for manual correction).
[OUTPUT_MAPPER DEBUG] Source columns: ['year_from', 'model', 'description', 'part_number', 'dnet', 'msrp', 
'labour_rate', 'labour_hours', 'comments', 'trim_column', 'trim_level', 'model_number', 'package', 
'model_number_status']
[OUTPUT_MAPPER DEBUG] Rename map: {'year_from': 'Year', 'model': 'ModelName', 'part_number': 'Part', 'description': 
'Description', 'comments': 'Comments', 'msrp': 'Price', 'labour_hours': 'Hours', 'trim_level': 'Trim', 'model_number': 
'Model', 'package': 'Package'}
[OUTPUT_MAPPER DEBUG] Required output columns: ['Year', 'ModelName', 'Part', 'Description', 'Comments', 'Price', 
'Hours', 'Trim', 'Model', 'Package']
[OUTPUT_MAPPER DEBUG] Rename subset (columns that exist): {'year_from': 'Year', 'model': 'ModelName', 'part_number': 
'Part', 'description': 'Description', 'comments': 'Comments', 'msrp': 'Price', 'labour_hours': 'Hours', 'trim_level': 
'Trim', 'model_number': 'Model', 'package': 'Package'}
[OUTPUT_MAPPER DEBUG] After rename, columns: ['Year', 'ModelName', 'Description', 'Part', 'dnet', 'Price', 
'labour_rate', 'Hours', 'Comments', 'trim_column', 'Trim', 'Model', 'Package', 'model_number_status']
[OUTPUT_MAPPER DEBUG] Source columns: ['year_from', 'model', 'description', 'part_number', 'dnet', 'msrp', 
'labour_rate', 'labour_hours', 'comments', 'trim_column', 'trim_level', 'model_number', 'package', 
'model_number_status']
[OUTPUT_MAPPER DEBUG] Rename map: {'year_from': 'Year', 'model': 'ModelName', 'part_number': 'Part', 'description': 
'Description', 'comments': 'Comments', 'msrp': 'Price', 'labour_hours': 'Hours', 'trim_level': 'Trim', 'model_number': 
'Model', 'package': 'Package'}
[OUTPUT_MAPPER DEBUG] Required output columns: ['Year', 'ModelName', 'Part', 'Description', 'Comments', 'Price', 
'Hours', 'Trim', 'Model', 'Package']
[OUTPUT_MAPPER DEBUG] Rename subset (columns that exist): {'year_from': 'Year', 'model': 'ModelName', 'part_number': 
'Part', 'description': 'Description', 'comments': 'Comments', 'msrp': 'Price', 'labour_hours': 'Hours', 'trim_level': 
'Trim', 'model_number': 'Model', 'package': 'Package'}
[OUTPUT_MAPPER DEBUG] After rename, columns: ['Year', 'ModelName', 'Description', 'Part', 'dnet', 'Price', 
'labour_rate', 'Hours', 'Comments', 'trim_column', 'Trim', 'Model', 'Package', 'model_number_status']
[INFO] SHEET COMPLETE | sheet=2024_elantra | records_in=95 | records_out=1416
[INFO] SHEET START | sheet=2024_ioniq_5
[DEBUG] Group '2024_ioniq_5' (model 'ioniq_5'): routed to manufacturer 'Hyundai'
[DEBUG] Column mapping for '2024_ioniq_5': {'Model_Year_From': 'year_from', 'Model_Year_To': None, 'Model': 'model', 
'Trim_1': None, 'Trim_2': None, 'Trim_3': None, 'Accessory_Category_(EN)': None, 'Accessory_Group_(EN)': None, 
'Accessory_Description_(EN)': 'english_description', 'Accessory_Category_(FR)': None, 'Accessory_Group_(FR)': None, 
'Accessory_Description_(FR)': 'french_description', 'Part_Number': 'part_number', 'DNET': 'dnet', 'MSRP': 'msrp', 
'Labour_Rate': 'labour_rate', 'Suggested_Labour_Hours': 'labour_hours', 'Suggested_Base_Retail_Price_w/labour': None, 
'Yearly_Rate': None, 'Weekly_Rate': None, '#of_Payments': None, 'Weekly_Payment': None, 'Comments_(EN)': 
'comments_en', 'Comments_(FR)': 'comments_fr', 'New_Part_SOS': None, 'Outgoing_Part_Flag': None, 'MAF_Update': None}
[INFO] Group '2024_ioniq_5': identified 3 trim column(s): ['Trim_1', 'Trim_2', 'Trim_3']
[DEBUG] Valid trim cols for '2024_ioniq_5': ['Trim_1', 'Trim_2', 'Trim_3']
[DEBUG] Group '2024_ioniq_5': extracted vehicle_year=2024
[DEBUG] 81 records -> 223 after melt
[INFO] Step 4.5: model_lookup enrichment | sheet='2024_ioniq_5'
[DEBUG] Group '2024_ioniq_5': Unique trims identified: ['Lux', 'Pref', 'Ult']
[DEBUG] [MERGE] Loading classification from: C:\Users\paxm\OneDrive - PBS SYSTEMS\Desktop\Office\Projects\OEM 
Accessory project\OEM_Accessories_v1\accy_v2\model_lookup\configs\hyundai\classification.yaml
[DEBUG] [MERGE] Found compound models: {'santa fe', 'santa cruz'}
[DEBUG] [MERGE] Result: ['ioniq', '5']
[DEBUG] Group '2024_ioniq_5': model_keywords from data=['ioniq', '5'], fuel_type=None
[INFO]   Model line 'ioniq_5' not in local db; attempting ADS refresh...
[INFO]   ADS returned 8 rows for Hyundai 2024 ioniq_5; saving to db...
[DEBUG] Group '2024_ioniq_5' trim 'Lux': Searching with keywords=['ioniq', '5', 'lux']
[DEBUG] Translated keywords: ['ioniq', '5', 'lux'] → ['ioniq', '5', 'luxury']
[WARNING] Unclassified tokens: ['5']
[DEBUG] Classified tokens: {'MODEL': ['ioniq'], 'TRIM': ['luxury']}
[DEBUG] After filtering ignored categories []: {'MODEL': ['ioniq'], 'TRIM': ['luxury']}
[DEBUG] After filtering excluded keywords ['combustion']: ['ioniq', 'luxury']
[DEBUG] Score: 15 (minimum: 10)
[DEBUG] Database search returned 1 candidates
[DEBUG] Confidence: 0.23
[DEBUG]   [OK] Found model_number(s)=['I5EW5ZE2PRLP'] package(s)=[np.int64(449833)] confidence=0.23 for Hyundai 2024 
Lux
[DEBUG] Group '2024_ioniq_5' trim 'Pref': Searching with keywords=['ioniq', '5', 'pref']
[DEBUG] Translated keywords: ['ioniq', '5', 'pref'] → ['ioniq', '5', 'preferred']
[WARNING] Unclassified tokens: ['5']
[DEBUG] Classified tokens: {'MODEL': ['ioniq'], 'TRIM': ['preferred']}
[DEBUG] After filtering ignored categories []: {'MODEL': ['ioniq'], 'TRIM': ['preferred']}
[DEBUG] After filtering excluded keywords ['combustion']: ['ioniq', 'preferred']
[DEBUG] Score: 15 (minimum: 10)
[WARNING] Unclassified tokens: ['long', 'range']
[WARNING] Unclassified tokens: ['long', 'range']
[WARNING] Unclassified tokens: ['long', 'range', 'w/ultimate']
[WARNING] Unclassified tokens: ['long', 'range', 'w/luxury', '*ltd', 'avail*']
[WARNING] Unclassified tokens: ['long', 'range']
[WARNING] Unclassified tokens: ['long', 'range']
[WARNING] Unclassified tokens: ['long', 'range', 'w/ultimate']
[WARNING] Unclassified tokens: ['long', 'range', 'w/ultimate']
[DEBUG] TRIM matching (exact) narrowed to 8 candidates for searched TRIM: {'preferred'}
[DEBUG] Database search returned 8 candidates
[DEBUG] Confidence: 0.00
[WARNING] Unclassified tokens: ['long', 'range']
[WARNING] Unclassified tokens: ['long', 'range']
[WARNING] Unclassified tokens: ['long', 'range', 'w/ultimate']
[WARNING] Unclassified tokens: ['long', 'range', 'w/luxury', '*ltd', 'avail*']
[WARNING] Unclassified tokens: ['long', 'range']
[WARNING] Unclassified tokens: ['long', 'range']
[WARNING] Unclassified tokens: ['long', 'range', 'w/ultimate']
[WARNING] Unclassified tokens: ['long', 'range', 'w/ultimate']
[WARNING] Unclassified tokens: ['long', 'range']
[WARNING] Unclassified tokens: ['long', 'range']
[WARNING] Unclassified tokens: ['long', 'range', 'w/ultimate']
[WARNING] Unclassified tokens: ['long', 'range', 'w/luxury', '*ltd', 'avail*']
[WARNING] Unclassified tokens: ['long', 'range']
[WARNING] Unclassified tokens: ['long', 'range']
[WARNING] Unclassified tokens: ['long', 'range', 'w/ultimate']
[WARNING] Unclassified tokens: ['long', 'range', 'w/ultimate']
[DEBUG] Resolved 8 candidates to 8 variant(s) by distinct Package [449830, 449831, 449832, 449833, 449183, 449184, 
449185, 449186] (descriptions differ, ModelNumbers may repeat)
[DEBUG]   [OK] Found model_number(s)=['I5EW5ZE4PRLR', 'I5EW5ZE2PRLR', 'I5EW5ZE2PRUP', 'I5EW5ZE2PRLP', 'I6ES4ZE4PRLR', 
'I6ES4ZE2PRLR', 'I6ES4ZE2PRUP', 'I6ES4ZE4PRUP'] package(s)=[449830, 449831, 449832, 449833, 449183, 449184, 449185, 
449186] confidence=0.00 for Hyundai 2024 Pref
[DEBUG] Group '2024_ioniq_5' trim 'Ult': Searching with keywords=['ioniq', '5', 'ult']
[DEBUG] Translated keywords: ['ioniq', '5', 'ult'] → ['ioniq', '5', 'ultimate']
[WARNING] Unclassified tokens: ['5']
[DEBUG] Classified tokens: {'MODEL': ['ioniq'], 'TRIM': ['ultimate']}
[DEBUG] After filtering ignored categories []: {'MODEL': ['ioniq'], 'TRIM': ['ultimate']}
[DEBUG] After filtering excluded keywords ['combustion']: ['ioniq', 'ultimate']
[DEBUG] Score: 15 (minimum: 10)
[WARNING] Unclassified tokens: ['long', 'range', 'w/ultimate']
[WARNING] Unclassified tokens: ['long', 'range', 'w/ultimate']
[WARNING] Unclassified tokens: ['long', 'range', 'w/ultimate']
[DEBUG] Database search returned 3 candidates
[DEBUG] Confidence: 0.00
[WARNING] Unclassified tokens: ['long', 'range', 'w/ultimate']
[WARNING] Unclassified tokens: ['long', 'range', 'w/ultimate']
[WARNING] Unclassified tokens: ['long', 'range', 'w/ultimate']
[WARNING] Unclassified tokens: ['long', 'range', 'w/ultimate']
[WARNING] Unclassified tokens: ['long', 'range', 'w/ultimate']
[WARNING] Unclassified tokens: ['long', 'range', 'w/ultimate']
[DEBUG] Resolved 3 candidates to 3 variant(s) by distinct Package [449832, 449185, 449186] (descriptions differ, 
ModelNumbers may repeat)
[DEBUG]   [OK] Found model_number(s)=['I5EW5ZE2PRUP', 'I6ES4ZE2PRUP', 'I6ES4ZE4PRUP'] package(s)=[449832, 449185, 
449186] confidence=0.00 for Hyundai 2024 Ult
[DEBUG] Group '2024_ioniq_5': 896 total rows. 896 rows with model numbers, 0 rows with missing model numbers (empty 
ModelNumber for manual correction).
[DEBUG] Group '2024_ioniq_5': 896 total rows. 896 rows with model numbers, 0 rows with missing model numbers (empty 
ModelNumber for manual correction).
[OUTPUT_MAPPER DEBUG] Source columns: ['year_from', 'model', 'description', 'part_number', 'dnet', 'msrp', 
'labour_rate', 'labour_hours', 'comments', 'trim_column', 'trim_level', 'model_number', 'package', 
'model_number_status']
[OUTPUT_MAPPER DEBUG] Rename map: {'year_from': 'Year', 'model': 'ModelName', 'part_number': 'Part', 'description': 
'Description', 'comments': 'Comments', 'msrp': 'Price', 'labour_hours': 'Hours', 'trim_level': 'Trim', 'model_number': 
'Model', 'package': 'Package'}
[OUTPUT_MAPPER DEBUG] Required output columns: ['Year', 'ModelName', 'Part', 'Description', 'Comments', 'Price', 
'Hours', 'Trim', 'Model', 'Package']
[OUTPUT_MAPPER DEBUG] Rename subset (columns that exist): {'year_from': 'Year', 'model': 'ModelName', 'part_number': 
'Part', 'description': 'Description', 'comments': 'Comments', 'msrp': 'Price', 'labour_hours': 'Hours', 'trim_level': 
'Trim', 'model_number': 'Model', 'package': 'Package'}
[OUTPUT_MAPPER DEBUG] After rename, columns: ['Year', 'ModelName', 'Description', 'Part', 'dnet', 'Price', 
'labour_rate', 'Hours', 'Comments', 'trim_column', 'Trim', 'Model', 'Package', 'model_number_status']
[OUTPUT_MAPPER DEBUG] Source columns: ['year_from', 'model', 'description', 'part_number', 'dnet', 'msrp', 
'labour_rate', 'labour_hours', 'comments', 'trim_column', 'trim_level', 'model_number', 'package', 
'model_number_status']
[OUTPUT_MAPPER DEBUG] Rename map: {'year_from': 'Year', 'model': 'ModelName', 'part_number': 'Part', 'description': 
'Description', 'comments': 'Comments', 'msrp': 'Price', 'labour_hours': 'Hours', 'trim_level': 'Trim', 'model_number': 
'Model', 'package': 'Package'}
[OUTPUT_MAPPER DEBUG] Required output columns: ['Year', 'ModelName', 'Part', 'Description', 'Comments', 'Price', 
'Hours', 'Trim', 'Model', 'Package']
[OUTPUT_MAPPER DEBUG] Rename subset (columns that exist): {'year_from': 'Year', 'model': 'ModelName', 'part_number': 
'Part', 'description': 'Description', 'comments': 'Comments', 'msrp': 'Price', 'labour_hours': 'Hours', 'trim_level': 
'Trim', 'model_number': 'Model', 'package': 'Package'}
[OUTPUT_MAPPER DEBUG] After rename, columns: ['Year', 'ModelName', 'Description', 'Part', 'dnet', 'Price', 
'labour_rate', 'Hours', 'Comments', 'trim_column', 'Trim', 'Model', 'Package', 'model_number_status']
[INFO] SHEET COMPLETE | sheet=2024_ioniq_5 | records_in=81 | records_out=1792
[INFO] SHEET START | sheet=2024_ioniq_6
[DEBUG] Group '2024_ioniq_6' (model 'ioniq_6'): routed to manufacturer 'Hyundai'
[DEBUG] Column mapping for '2024_ioniq_6': {'Model_Year_From': 'year_from', 'Model_Year_To': None, 'Model': 'model', 
'Trim_1': None, 'Trim_2': None, 'Accessory_Category_(EN)': None, 'Accessory_Group_(EN)': None, 
'Accessory_Description_(EN)': 'english_description', 'Accessory_Category_(FR)': None, 'Accessory_Group_(FR)': None, 
'Accessory_Description_(FR)': 'french_description', 'Part_Number': 'part_number', 'DNET': 'dnet', 'MSRP': 'msrp', 
'Labour_Rate': 'labour_rate', 'Suggested_Labour_Hours': 'labour_hours', 'Suggested_Base_Retail_Price_w/labour': None, 
'Yearly_Rate': None, 'Weekly_Rate': None, '#of_Payments': None, 'Weekly_Payment': None, 'Comments_(EN)': 
'comments_en', 'Comments_(FR)': 'comments_fr', 'New_Part_SOS': None, 'Outgoing_Part_Flag': None}
[INFO] Group '2024_ioniq_6': identified 2 trim column(s): ['Trim_1', 'Trim_2']
[DEBUG] Valid trim cols for '2024_ioniq_6': ['Trim_1', 'Trim_2']
[DEBUG] Group '2024_ioniq_6': extracted vehicle_year=2024
[DEBUG] 41 records -> 82 after melt
[INFO] Step 4.5: model_lookup enrichment | sheet='2024_ioniq_6'
[DEBUG] Group '2024_ioniq_6': Unique trims identified: ['Pref', 'Ult']
[DEBUG] [MERGE] Loading classification from: C:\Users\paxm\OneDrive - PBS SYSTEMS\Desktop\Office\Projects\OEM 
Accessory project\OEM_Accessories_v1\accy_v2\model_lookup\configs\hyundai\classification.yaml
[DEBUG] [MERGE] Found compound models: {'santa fe', 'santa cruz'}
[DEBUG] [MERGE] Result: ['ioniq', '6']
[DEBUG] Group '2024_ioniq_6': model_keywords from data=['ioniq', '6'], fuel_type=None
[INFO]   Model line 'ioniq_6' not in local db; attempting ADS refresh...
[INFO]   ADS returned 8 rows for Hyundai 2024 ioniq_6; saving to db...
[DEBUG] Group '2024_ioniq_6' trim 'Pref': Searching with keywords=['ioniq', '6', 'pref']
[DEBUG] Translated keywords: ['ioniq', '6', 'pref'] → ['ioniq', '6', 'preferred']
[WARNING] Unclassified tokens: ['6']
[DEBUG] Classified tokens: {'MODEL': ['ioniq'], 'TRIM': ['preferred']}
[DEBUG] After filtering ignored categories []: {'MODEL': ['ioniq'], 'TRIM': ['preferred']}
[DEBUG] After filtering excluded keywords ['combustion']: ['ioniq', 'preferred']
[DEBUG] Score: 15 (minimum: 10)
[WARNING] Unclassified tokens: ['long', 'range']
[WARNING] Unclassified tokens: ['long', 'range']
[WARNING] Unclassified tokens: ['long', 'range', 'w/ultimate']
[WARNING] Unclassified tokens: ['long', 'range', 'w/luxury', '*ltd', 'avail*']
[WARNING] Unclassified tokens: ['long', 'range']
[WARNING] Unclassified tokens: ['long', 'range']
[WARNING] Unclassified tokens: ['long', 'range', 'w/ultimate']
[WARNING] Unclassified tokens: ['long', 'range', 'w/ultimate']
[DEBUG] TRIM matching (exact) narrowed to 8 candidates for searched TRIM: {'preferred'}
[DEBUG] Database search returned 8 candidates
[DEBUG] Confidence: 0.00
[WARNING] Unclassified tokens: ['long', 'range']
[WARNING] Unclassified tokens: ['long', 'range']
[WARNING] Unclassified tokens: ['long', 'range', 'w/ultimate']
[WARNING] Unclassified tokens: ['long', 'range', 'w/luxury', '*ltd', 'avail*']
[WARNING] Unclassified tokens: ['long', 'range']
[WARNING] Unclassified tokens: ['long', 'range']
[WARNING] Unclassified tokens: ['long', 'range', 'w/ultimate']
[WARNING] Unclassified tokens: ['long', 'range', 'w/ultimate']
[WARNING] Unclassified tokens: ['long', 'range']
[WARNING] Unclassified tokens: ['long', 'range']
[WARNING] Unclassified tokens: ['long', 'range', 'w/ultimate']
[WARNING] Unclassified tokens: ['long', 'range', 'w/luxury', '*ltd', 'avail*']
[WARNING] Unclassified tokens: ['long', 'range']
[WARNING] Unclassified tokens: ['long', 'range']
[WARNING] Unclassified tokens: ['long', 'range', 'w/ultimate']
[WARNING] Unclassified tokens: ['long', 'range', 'w/ultimate']
[DEBUG] Resolved 8 candidates to 8 variant(s) by distinct Package [449830, 449831, 449832, 449833, 449183, 449184, 
449185, 449186] (descriptions differ, ModelNumbers may repeat)
[DEBUG]   [OK] Found model_number(s)=['I5EW5ZE4PRLR', 'I5EW5ZE2PRLR', 'I5EW5ZE2PRUP', 'I5EW5ZE2PRLP', 'I6ES4ZE4PRLR', 
'I6ES4ZE2PRLR', 'I6ES4ZE2PRUP', 'I6ES4ZE4PRUP'] package(s)=[449830, 449831, 449832, 449833, 449183, 449184, 449185, 
449186] confidence=0.00 for Hyundai 2024 Pref
[DEBUG] Group '2024_ioniq_6' trim 'Ult': Searching with keywords=['ioniq', '6', 'ult']
[DEBUG] Translated keywords: ['ioniq', '6', 'ult'] → ['ioniq', '6', 'ultimate']
[WARNING] Unclassified tokens: ['6']
[DEBUG] Classified tokens: {'MODEL': ['ioniq'], 'TRIM': ['ultimate']}
[DEBUG] After filtering ignored categories []: {'MODEL': ['ioniq'], 'TRIM': ['ultimate']}
[DEBUG] After filtering excluded keywords ['combustion']: ['ioniq', 'ultimate']
[DEBUG] Score: 15 (minimum: 10)
[WARNING] Unclassified tokens: ['long', 'range', 'w/ultimate']
[WARNING] Unclassified tokens: ['long', 'range', 'w/ultimate']
[WARNING] Unclassified tokens: ['long', 'range', 'w/ultimate']
[DEBUG] Database search returned 3 candidates
[DEBUG] Confidence: 0.00
[WARNING] Unclassified tokens: ['long', 'range', 'w/ultimate']
[WARNING] Unclassified tokens: ['long', 'range', 'w/ultimate']
[WARNING] Unclassified tokens: ['long', 'range', 'w/ultimate']
[WARNING] Unclassified tokens: ['long', 'range', 'w/ultimate']
[WARNING] Unclassified tokens: ['long', 'range', 'w/ultimate']
[WARNING] Unclassified tokens: ['long', 'range', 'w/ultimate']
[DEBUG] Resolved 3 candidates to 3 variant(s) by distinct Package [449832, 449185, 449186] (descriptions differ, 
ModelNumbers may repeat)
[DEBUG]   [OK] Found model_number(s)=['I5EW5ZE2PRUP', 'I6ES4ZE2PRUP', 'I6ES4ZE4PRUP'] package(s)=[449832, 449185, 
449186] confidence=0.00 for Hyundai 2024 Ult
[DEBUG] Group '2024_ioniq_6': 451 total rows. 451 rows with model numbers, 0 rows with missing model numbers (empty 
ModelNumber for manual correction).
[DEBUG] Group '2024_ioniq_6': 451 total rows. 451 rows with model numbers, 0 rows with missing model numbers (empty 
ModelNumber for manual correction).
[OUTPUT_MAPPER DEBUG] Source columns: ['year_from', 'model', 'description', 'part_number', 'dnet', 'msrp', 
'labour_rate', 'labour_hours', 'comments', 'trim_column', 'trim_level', 'model_number', 'package', 
'model_number_status']
[OUTPUT_MAPPER DEBUG] Rename map: {'year_from': 'Year', 'model': 'ModelName', 'part_number': 'Part', 'description': 
'Description', 'comments': 'Comments', 'msrp': 'Price', 'labour_hours': 'Hours', 'trim_level': 'Trim', 'model_number': 
'Model', 'package': 'Package'}
[OUTPUT_MAPPER DEBUG] Required output columns: ['Year', 'ModelName', 'Part', 'Description', 'Comments', 'Price', 
'Hours', 'Trim', 'Model', 'Package']
[OUTPUT_MAPPER DEBUG] Rename subset (columns that exist): {'year_from': 'Year', 'model': 'ModelName', 'part_number': 
'Part', 'description': 'Description', 'comments': 'Comments', 'msrp': 'Price', 'labour_hours': 'Hours', 'trim_level': 
'Trim', 'model_number': 'Model', 'package': 'Package'}
[OUTPUT_MAPPER DEBUG] After rename, columns: ['Year', 'ModelName', 'Description', 'Part', 'dnet', 'Price', 
'labour_rate', 'Hours', 'Comments', 'trim_column', 'Trim', 'Model', 'Package', 'model_number_status']
[OUTPUT_MAPPER DEBUG] Source columns: ['year_from', 'model', 'description', 'part_number', 'dnet', 'msrp', 
'labour_rate', 'labour_hours', 'comments', 'trim_column', 'trim_level', 'model_number', 'package', 
'model_number_status']
[OUTPUT_MAPPER DEBUG] Rename map: {'year_from': 'Year', 'model': 'ModelName', 'part_number': 'Part', 'description': 
'Description', 'comments': 'Comments', 'msrp': 'Price', 'labour_hours': 'Hours', 'trim_level': 'Trim', 'model_number': 
'Model', 'package': 'Package'}
[OUTPUT_MAPPER DEBUG] Required output columns: ['Year', 'ModelName', 'Part', 'Description', 'Comments', 'Price', 
'Hours', 'Trim', 'Model', 'Package']
[OUTPUT_MAPPER DEBUG] Rename subset (columns that exist): {'year_from': 'Year', 'model': 'ModelName', 'part_number': 
'Part', 'description': 'Description', 'comments': 'Comments', 'msrp': 'Price', 'labour_hours': 'Hours', 'trim_level': 
'Trim', 'model_number': 'Model', 'package': 'Package'}
[OUTPUT_MAPPER DEBUG] After rename, columns: ['Year', 'ModelName', 'Description', 'Part', 'dnet', 'Price', 
'labour_rate', 'Hours', 'Comments', 'trim_column', 'Trim', 'Model', 'Package', 'model_number_status']
[INFO] SHEET COMPLETE | sheet=2024_ioniq_6 | records_in=41 | records_out=902
[INFO] SHEET START | sheet=2024_kona
[DEBUG] Group '2024_kona' (model 'kona'): routed to manufacturer 'Hyundai'
[DEBUG] Column mapping for '2024_kona': {'Model_Year_From': 'year_from', 'Model_Year_To': None, 'Model': 'model', 
'Trim_1': None, 'Trim_2': None, 'Trim_3': None, 'Trim_4': None, 'Trim_5': None, 'Accessory_Category_(EN)': None, 
'Accessory_Group_(EN)': None, 'Accessory_Description_(EN)': 'english_description', 'Accessory_Category_(FR)': None, 
'Accessory_Group_(FR)': None, 'Accessory_Description_(FR)': 'french_description', 'Part_Number': 'part_number', 
'DNET': 'dnet', 'MSRP': 'msrp', 'Labour_Rate': 'labour_rate', 'Suggested_Labour_Hours': 'labour_hours', 
'Suggested_Base_Retail_Price_w/labour': None, 'Yearly_Rate': None, 'Weekly_Rate': None, '#of_Payments': None, 
'Weekly_Payment': None, 'Comments_(EN)': 'comments_en', 'Comments_(FR)': 'comments_fr', 'New_Part_SOS': None, 
'Outgoing_Part_Flag': None}
[INFO] Group '2024_kona': identified 5 trim column(s): ['Trim_1', 'Trim_2', 'Trim_3', 'Trim_4', 'Trim_5']
[DEBUG] Valid trim cols for '2024_kona': ['Trim_1', 'Trim_2', 'Trim_3', 'Trim_4', 'Trim_5']
[DEBUG] Group '2024_kona': extracted vehicle_year=2024
[DEBUG] 90 records -> 406 after melt
[INFO] Step 4.5: model_lookup enrichment | sheet='2024_kona'
[DEBUG] Group '2024_kona': Unique trims identified: ['Ess', 'N-Line', 'N-Line Ult', 'Pref', 'Trend']
[DEBUG] Group '2024_kona': model_keywords from data=['kona'], fuel_type=None
[DEBUG] Group '2024_kona' trim 'Ess': Searching with keywords=['kona', 'ess']
[DEBUG] Translated keywords: ['kona', 'ess'] → ['kona', 'essential']
[DEBUG] Classified tokens: {'MODEL': ['kona'], 'TRIM': ['essential']}
[DEBUG] After filtering ignored categories []: {'MODEL': ['kona'], 'TRIM': ['essential']}
[DEBUG] After filtering excluded keywords ['combustion']: ['kona', 'essential']
[DEBUG] Score: 15 (minimum: 10)
[DEBUG] TRIM matching (exact) narrowed to 2 candidates for searched TRIM: {'essential'}
[DEBUG] Database search returned 2 candidates
[DEBUG] Confidence: 0.00
[DEBUG] Resolved 2 candidates to 2 variant(s) by distinct Package [446865, 446867] (descriptions differ, ModelNumbers 
may repeat)
[DEBUG]   [OK] Found model_number(s)=['KOCW5V2BES00', 'KOCW5Q2BES00'] package(s)=[446865, 446867] confidence=0.00 for 
Hyundai 2024 Ess
[DEBUG] Group '2024_kona' trim 'N-Line': Searching with keywords=['kona', 'n-line']
[DEBUG] Translated keywords: ['kona', 'n-line'] → ['kona', 'n-line']
[DEBUG] Classified tokens: {'MODEL': ['kona'], 'TRIM_VARIANT': ['n-line']}
[DEBUG] After filtering ignored categories []: {'MODEL': ['kona'], 'TRIM_VARIANT': ['n-line']}
[DEBUG] After filtering excluded keywords ['combustion']: ['kona', 'n-line']
[DEBUG] Score: 16 (minimum: 10)
[DEBUG] Database search returned 4 candidates
[DEBUG] Confidence: 0.00
[WARNING] Unclassified tokens: ['w/two-tone', 'roof']
[WARNING] Unclassified tokens: ['w/two-tone', 'roof']
[WARNING] Unclassified tokens: ['w/two-tone', 'roof']
[WARNING] Unclassified tokens: ['w/two-tone', 'roof']
[DEBUG] Resolved 4 candidates to 4 variant(s) by distinct Package [446870, 446871, 446872, 446887] (descriptions 
differ, ModelNumbers may repeat)
[DEBUG]   [OK] Found model_number(s)=['KOCW5K1ANL00', 'KOCW5K1ANLTT', 'KOCW5K1ANLUL', 'KOCW5K1ANLBA'] 
package(s)=[446870, 446871, 446872, 446887] confidence=0.00 for Hyundai 2024 N-Line
[DEBUG] Group '2024_kona' trim 'N-Line Ult': Searching with keywords=['kona', 'n-line', 'ult']
[DEBUG] Translated keywords: ['kona', 'n-line', 'ult'] → ['kona', 'n-line', 'ultimate']
[DEBUG] Classified tokens: {'MODEL': ['kona'], 'TRIM_VARIANT': ['n-line'], 'TRIM': ['ultimate']}
[DEBUG] After filtering ignored categories []: {'MODEL': ['kona'], 'TRIM_VARIANT': ['n-line'], 'TRIM': ['ultimate']}
[DEBUG] After filtering excluded keywords ['combustion']: ['kona', 'n-line', 'ultimate']
[DEBUG] Score: 21 (minimum: 10)
[WARNING] Unclassified tokens: ['w/two-tone', 'roof']
[DEBUG] TRIM matching (exact) narrowed to 2 candidates for searched TRIM: {'ultimate'}
[DEBUG] Database search returned 2 candidates
[DEBUG] Confidence: 0.00
[WARNING] Unclassified tokens: ['w/two-tone', 'roof']
[WARNING] Unclassified tokens: ['w/two-tone', 'roof']
[DEBUG] Resolved 2 candidates to 2 package variant(s) with packages [446872, 446887] (ignoring [])
[DEBUG]   [OK] Found model_number(s)=['KOCW5K1ANLUL', 'KOCW5K1ANLBA'] package(s)=[446872, 446887] confidence=0.00 for 
Hyundai 2024 N-Line Ult
[DEBUG] Group '2024_kona' trim 'Pref': Searching with keywords=['kona', 'pref']
[DEBUG] Translated keywords: ['kona', 'pref'] → ['kona', 'preferred']
[DEBUG] Classified tokens: {'MODEL': ['kona'], 'TRIM': ['preferred']}
[DEBUG] After filtering ignored categories []: {'MODEL': ['kona'], 'TRIM': ['preferred']}
[DEBUG] After filtering excluded keywords ['combustion']: ['kona', 'preferred']
[DEBUG] Score: 15 (minimum: 10)
[WARNING] Unclassified tokens: ['w/trend']
[DEBUG] TRIM matching (exact) narrowed to 3 candidates for searched TRIM: {'preferred'}
[DEBUG] Database search returned 3 candidates
[DEBUG] Confidence: 0.00
[WARNING] Unclassified tokens: ['w/trend']
[WARNING] Unclassified tokens: ['w/trend']
[DEBUG] Resolved 3 candidates to 3 variant(s) by distinct Package [446866, 446868, 446869] (descriptions differ, 
ModelNumbers may repeat)
[DEBUG]   [OK] Found model_number(s)=['KOCW5V2BPR00', 'KOCW5Q2BPR00', 'KOCW5Q2BPRTR'] package(s)=[446866, 446868, 
446869] confidence=0.00 for Hyundai 2024 Pref
[DEBUG] Group '2024_kona' trim 'Trend': Searching with keywords=['kona', 'trend']
[DEBUG] Translated keywords: ['kona', 'trend'] → ['kona', 'trend']
[DEBUG] Classified tokens: {'MODEL': ['kona'], 'TRIM': ['trend']}
[DEBUG] After filtering ignored categories []: {'MODEL': ['kona'], 'TRIM': ['trend']}
[DEBUG] After filtering excluded keywords ['combustion']: ['kona', 'trend']
[DEBUG] Score: 15 (minimum: 10)
[DEBUG] Database search returned 1 candidates
[DEBUG] Confidence: 0.23
[DEBUG]   [OK] Found model_number(s)=['KOCW5Q2BPRTR'] package(s)=[np.int64(446869)] confidence=0.23 for Hyundai 2024 
Trend
[DEBUG] Group '2024_kona': 975 total rows. 975 rows with model numbers, 0 rows with missing model numbers (empty 
ModelNumber for manual correction).
[DEBUG] Group '2024_kona': 975 total rows. 975 rows with model numbers, 0 rows with missing model numbers (empty 
ModelNumber for manual correction).
[OUTPUT_MAPPER DEBUG] Source columns: ['year_from', 'model', 'description', 'part_number', 'dnet', 'msrp', 
'labour_rate', 'labour_hours', 'comments', 'trim_column', 'trim_level', 'model_number', 'package', 
'model_number_status']
[OUTPUT_MAPPER DEBUG] Rename map: {'year_from': 'Year', 'model': 'ModelName', 'part_number': 'Part', 'description': 
'Description', 'comments': 'Comments', 'msrp': 'Price', 'labour_hours': 'Hours', 'trim_level': 'Trim', 'model_number': 
'Model', 'package': 'Package'}
[OUTPUT_MAPPER DEBUG] Required output columns: ['Year', 'ModelName', 'Part', 'Description', 'Comments', 'Price', 
'Hours', 'Trim', 'Model', 'Package']
[OUTPUT_MAPPER DEBUG] Rename subset (columns that exist): {'year_from': 'Year', 'model': 'ModelName', 'part_number': 
'Part', 'description': 'Description', 'comments': 'Comments', 'msrp': 'Price', 'labour_hours': 'Hours', 'trim_level': 
'Trim', 'model_number': 'Model', 'package': 'Package'}
[OUTPUT_MAPPER DEBUG] After rename, columns: ['Year', 'ModelName', 'Description', 'Part', 'dnet', 'Price', 
'labour_rate', 'Hours', 'Comments', 'trim_column', 'Trim', 'Model', 'Package', 'model_number_status']
[OUTPUT_MAPPER DEBUG] Source columns: ['year_from', 'model', 'description', 'part_number', 'dnet', 'msrp', 
'labour_rate', 'labour_hours', 'comments', 'trim_column', 'trim_level', 'model_number', 'package', 
'model_number_status']
[OUTPUT_MAPPER DEBUG] Rename map: {'year_from': 'Year', 'model': 'ModelName', 'part_number': 'Part', 'description': 
'Description', 'comments': 'Comments', 'msrp': 'Price', 'labour_hours': 'Hours', 'trim_level': 'Trim', 'model_number': 
'Model', 'package': 'Package'}
[OUTPUT_MAPPER DEBUG] Required output columns: ['Year', 'ModelName', 'Part', 'Description', 'Comments', 'Price', 
'Hours', 'Trim', 'Model', 'Package']
[OUTPUT_MAPPER DEBUG] Rename subset (columns that exist): {'year_from': 'Year', 'model': 'ModelName', 'part_number': 
'Part', 'description': 'Description', 'comments': 'Comments', 'msrp': 'Price', 'labour_hours': 'Hours', 'trim_level': 
'Trim', 'model_number': 'Model', 'package': 'Package'}
[OUTPUT_MAPPER DEBUG] After rename, columns: ['Year', 'ModelName', 'Description', 'Part', 'dnet', 'Price', 
'labour_rate', 'Hours', 'Comments', 'trim_column', 'Trim', 'Model', 'Package', 'model_number_status']
[INFO] SHEET COMPLETE | sheet=2024_kona | records_in=90 | records_out=1950
[INFO] SHEET START | sheet=2024_kona_ev
[DEBUG] Group '2024_kona_ev' (model 'kona_ev'): routed to manufacturer 'Hyundai'
[DEBUG] Column mapping for '2024_kona_ev': {'Model_Year_From': 'year_from', 'Model_Year_To': None, 'Model': 'model', 
'Trim_1': None, 'Trim_2': None, 'Accessory_Category_(EN)': None, 'Accessory_Group_(EN)': None, 
'Accessory_Description_(EN)': 'english_description', 'Accessory_Category_(FR)': None, 'Accessory_Group_(FR)': None, 
'Accessory_Description_(FR)': 'french_description', 'Part_Number': 'part_number', 'DNET': 'dnet', 'MSRP': 'msrp', 
'Labour_Rate': 'labour_rate', 'Suggested_Labour_Hours': 'labour_hours', 'Suggested_Base_Retail_Price_w/labour': None, 
'Yearly_Rate': None, 'Weekly_Rate': None, '#of_Payments': None, 'Weekly_Payment': None, 'Comments_(EN)': 
'comments_en', 'Comments_(FR)': 'comments_fr', 'New_Part_SOS': None, 'Outgoing_Part_Flag': None}
[INFO] Group '2024_kona_ev': identified 2 trim column(s): ['Trim_1', 'Trim_2']
[DEBUG] Valid trim cols for '2024_kona_ev': ['Trim_1', 'Trim_2']
[DEBUG] Group '2024_kona_ev': extracted vehicle_year=2024
[DEBUG] 73 records -> 145 after melt
[INFO] Step 4.5: model_lookup enrichment | sheet='2024_kona_ev'
[DEBUG] Group '2024_kona_ev': Unique trims identified: ['Pref', 'Ult']
[DEBUG] [MERGE] Loading classification from: C:\Users\paxm\OneDrive - PBS SYSTEMS\Desktop\Office\Projects\OEM 
Accessory project\OEM_Accessories_v1\accy_v2\model_lookup\configs\hyundai\classification.yaml
[DEBUG] [MERGE] Found compound models: {'santa fe', 'santa cruz'}
[DEBUG] [MERGE] Result: ['kona', 'ev']
[DEBUG] Group '2024_kona_ev': model_keywords from data=['kona', 'ev'], fuel_type=None
[INFO]   Model line 'kona_ev' not in local db; attempting ADS refresh...
mapper | HYUNDAI | KEEW5ZE4PR00 | Keyword 'electric' found but NOT in translator. Returning keyword as-is.
mapper | HYUNDAI | KEEW5ZE4UL00 | Keyword 'electric' found but NOT in translator. Returning keyword as-is.
mapper | HYUNDAI | KEEW5ZE4ULTT | Keyword 'electric' found but NOT in translator. Returning keyword as-is.
mapper | HYUNDAI | KEEW5ZE4ULBF | Keyword 'electric' found but NOT in translator. Returning keyword as-is.
[INFO]   ADS returned 13 rows for Hyundai 2024 kona_ev; saving to db...
[DEBUG] Group '2024_kona_ev' trim 'Pref': Searching with keywords=['kona', 'ev', 'pref']
[DEBUG] Translated keywords: ['kona', 'ev', 'pref'] → ['kona', 'electric', 'preferred']
[DEBUG] Classified tokens: {'MODEL': ['kona'], 'ENGINE_TYPE': ['electric'], 'TRIM': ['preferred']}
[DEBUG] After filtering ignored categories []: {'MODEL': ['kona'], 'ENGINE_TYPE': ['electric'], 'TRIM': ['preferred']}
[DEBUG] After filtering excluded keywords ['combustion']: ['kona', 'electric', 'preferred']
[DEBUG] Score: 23 (minimum: 10)
[DEBUG] Database search returned 1 candidates
[DEBUG] Confidence: 0.36
[DEBUG]   [OK] Found model_number(s)=['KEEW5ZE4PR00'] package(s)=[np.int64(451911)] confidence=0.36 for Hyundai 2024 
Pref
[DEBUG] Group '2024_kona_ev' trim 'Ult': Searching with keywords=['kona', 'ev', 'ult']
[DEBUG] Translated keywords: ['kona', 'ev', 'ult'] → ['kona', 'electric', 'ultimate']
[DEBUG] Classified tokens: {'MODEL': ['kona'], 'ENGINE_TYPE': ['electric'], 'TRIM': ['ultimate']}
[DEBUG] After filtering ignored categories []: {'MODEL': ['kona'], 'ENGINE_TYPE': ['electric'], 'TRIM': ['ultimate']}
[DEBUG] After filtering excluded keywords ['combustion']: ['kona', 'electric', 'ultimate']
[DEBUG] Score: 23 (minimum: 10)
[WARNING] Unclassified tokens: ['w/two-tone']
[WARNING] Unclassified tokens: ['w/sage-green']
[DEBUG] TRIM matching (exact) narrowed to 3 candidates for searched TRIM: {'ultimate'}
[DEBUG] Database search returned 3 candidates
[DEBUG] Confidence: 0.00
[WARNING] Unclassified tokens: ['w/two-tone']
[WARNING] Unclassified tokens: ['w/sage-green']
[WARNING] Unclassified tokens: ['w/two-tone']
[WARNING] Unclassified tokens: ['w/sage-green']
[DEBUG] Resolved 3 candidates to 3 variant(s) by distinct Package [451912, 451913, 451914] (descriptions differ, 
ModelNumbers may repeat)
[DEBUG]   [OK] Found model_number(s)=['KEEW5ZE4UL00', 'KEEW5ZE4ULTT', 'KEEW5ZE4ULBF'] package(s)=[451912, 451913, 
451914] confidence=0.00 for Hyundai 2024 Ult
[DEBUG] Group '2024_kona_ev': 291 total rows. 291 rows with model numbers, 0 rows with missing model numbers (empty 
ModelNumber for manual correction).
[DEBUG] Group '2024_kona_ev': 291 total rows. 291 rows with model numbers, 0 rows with missing model numbers (empty 
ModelNumber for manual correction).
[OUTPUT_MAPPER DEBUG] Source columns: ['year_from', 'model', 'description', 'part_number', 'dnet', 'msrp', 
'labour_rate', 'labour_hours', 'comments', 'trim_column', 'trim_level', 'model_number', 'package', 
'model_number_status']
[OUTPUT_MAPPER DEBUG] Rename map: {'year_from': 'Year', 'model': 'ModelName', 'part_number': 'Part', 'description': 
'Description', 'comments': 'Comments', 'msrp': 'Price', 'labour_hours': 'Hours', 'trim_level': 'Trim', 'model_number': 
'Model', 'package': 'Package'}
[OUTPUT_MAPPER DEBUG] Required output columns: ['Year', 'ModelName', 'Part', 'Description', 'Comments', 'Price', 
'Hours', 'Trim', 'Model', 'Package']
[OUTPUT_MAPPER DEBUG] Rename subset (columns that exist): {'year_from': 'Year', 'model': 'ModelName', 'part_number': 
'Part', 'description': 'Description', 'comments': 'Comments', 'msrp': 'Price', 'labour_hours': 'Hours', 'trim_level': 
'Trim', 'model_number': 'Model', 'package': 'Package'}
[OUTPUT_MAPPER DEBUG] After rename, columns: ['Year', 'ModelName', 'Description', 'Part', 'dnet', 'Price', 
'labour_rate', 'Hours', 'Comments', 'trim_column', 'Trim', 'Model', 'Package', 'model_number_status']
[OUTPUT_MAPPER DEBUG] Source columns: ['year_from', 'model', 'description', 'part_number', 'dnet', 'msrp', 
'labour_rate', 'labour_hours', 'comments', 'trim_column', 'trim_level', 'model_number', 'package', 
'model_number_status']
[OUTPUT_MAPPER DEBUG] Rename map: {'year_from': 'Year', 'model': 'ModelName', 'part_number': 'Part', 'description': 
'Description', 'comments': 'Comments', 'msrp': 'Price', 'labour_hours': 'Hours', 'trim_level': 'Trim', 'model_number': 
'Model', 'package': 'Package'}
[OUTPUT_MAPPER DEBUG] Required output columns: ['Year', 'ModelName', 'Part', 'Description', 'Comments', 'Price', 
'Hours', 'Trim', 'Model', 'Package']
[OUTPUT_MAPPER DEBUG] Rename subset (columns that exist): {'year_from': 'Year', 'model': 'ModelName', 'part_number': 
'Part', 'description': 'Description', 'comments': 'Comments', 'msrp': 'Price', 'labour_hours': 'Hours', 'trim_level': 
'Trim', 'model_number': 'Model', 'package': 'Package'}
[OUTPUT_MAPPER DEBUG] After rename, columns: ['Year', 'ModelName', 'Description', 'Part', 'dnet', 'Price', 
'labour_rate', 'Hours', 'Comments', 'trim_column', 'Trim', 'Model', 'Package', 'model_number_status']
[INFO] SHEET COMPLETE | sheet=2024_kona_ev | records_in=73 | records_out=582
[INFO] SHEET START | sheet=2024_palisade
[DEBUG] Group '2024_palisade' (model 'palisade'): routed to manufacturer 'Hyundai'
[DEBUG] Column mapping for '2024_palisade': {'Model_Year_From': 'year_from', 'Model_Year_To': None, 'Model': 'model', 
'Trim_1': None, 'Trim_2': None, 'Trim_3': None, 'Accessory_Category_(EN)': None, 'Accessory_Group_(EN)': None, 
'Accessory_Description_(EN)': 'english_description', 'Accessory_Category_(FR)': None, 'Accessory_Group_(FR)': None, 
'Accessory_Description_(FR)': 'french_description', 'Part_Number': 'part_number', 'DNET': 'dnet', 'MSRP': 'msrp', 
'Labour_Rate': 'labour_rate', 'Suggested_Labour_Hours': 'labour_hours', 'Suggested_Base_Retail_Price_w/labour': None, 
'Yearly_Rate': None, 'Weekly_Rate': None, '#of_Payments': None, 'Weekly_Payment': None, 'Comments_(EN)': 
'comments_en', 'Comments_(FR)': 'comments_fr', 'New_Part_SOS': None, 'Outgoing_Part_Flag': None}
[INFO] Group '2024_palisade': identified 3 trim column(s): ['Trim_1', 'Trim_2', 'Trim_3']
[DEBUG] Valid trim cols for '2024_palisade': ['Trim_1', 'Trim_2', 'Trim_3']
[DEBUG] Group '2024_palisade': extracted vehicle_year=2024
[DEBUG] 95 records -> 270 after melt
[INFO] Step 4.5: model_lookup enrichment | sheet='2024_palisade'
[DEBUG] Group '2024_palisade': Unique trims identified: ['Calli', 'Pref', 'Urban']
[DEBUG] Group '2024_palisade': model_keywords from data=['palisade'], fuel_type=None
[DEBUG] Group '2024_palisade' trim 'Calli': Searching with keywords=['palisade', 'calli']
[DEBUG] Translated keywords: ['palisade', 'calli'] → ['palisade', 'calligraphy']
[DEBUG] Classified tokens: {'MODEL': ['palisade'], 'TRIM': ['calligraphy']}
[DEBUG] After filtering ignored categories []: {'MODEL': ['palisade'], 'TRIM': ['calligraphy']}
[DEBUG] After filtering excluded keywords ['combustion']: ['palisade', 'calligraphy']
[DEBUG] Score: 15 (minimum: 10)
[WARNING] Unclassified tokens: ['w/beige']
[DEBUG] TRIM matching (subset) narrowed to 2 candidates for searched TRIM: {'calligraphy'}
[DEBUG] Database search returned 2 candidates
[DEBUG] Confidence: 0.00
[WARNING] Unclassified tokens: ['w/beige']
[WARNING] Unclassified tokens: ['w/beige']
[DEBUG] Resolved 2 candidates to 2 package variant(s) with packages [443079, 443080] (ignoring [])
[DEBUG]   [OK] Found model_number(s)=['PACW7K3DULC7', 'PACW7K3DULCB'] package(s)=[443079, 443080] confidence=0.00 for 
Hyundai 2024 Calli
[DEBUG] Group '2024_palisade' trim 'Pref': Searching with keywords=['palisade', 'pref']
[DEBUG] Translated keywords: ['palisade', 'pref'] → ['palisade', 'preferred']
[DEBUG] Classified tokens: {'MODEL': ['palisade'], 'TRIM': ['preferred']}
[DEBUG] After filtering ignored categories []: {'MODEL': ['palisade'], 'TRIM': ['preferred']}
[DEBUG] After filtering excluded keywords ['combustion']: ['palisade', 'preferred']
[DEBUG] Score: 15 (minimum: 10)
[DEBUG] Database search returned 1 candidates
[DEBUG] Confidence: 0.23
[DEBUG]   [OK] Found model_number(s)=['PACW8K3DPR00'] package(s)=[np.int64(443076)] confidence=0.23 for Hyundai 2024 
Pref
[DEBUG] Group '2024_palisade' trim 'Urban': Searching with keywords=['palisade', 'urban']
[DEBUG] Translated keywords: ['palisade', 'urban'] → ['palisade', 'urban']
[DEBUG] Classified tokens: {'MODEL': ['palisade'], 'TRIM': ['urban']}
[DEBUG] After filtering ignored categories []: {'MODEL': ['palisade'], 'TRIM': ['urban']}
[DEBUG] After filtering excluded keywords ['combustion']: ['palisade', 'urban']
[DEBUG] Score: 15 (minimum: 10)
[DEBUG] TRIM matching (exact) narrowed to 2 candidates for searched TRIM: {'urban'}
[DEBUG] Database search returned 2 candidates
[DEBUG] Confidence: 0.00
[DEBUG] Resolved 2 candidates to 2 variant(s) by distinct Package [443077, 443078] (descriptions differ, ModelNumbers 
may repeat)
[DEBUG]   [OK] Found model_number(s)=['PACW8K3DUR00', 'PACW7K3DUR91'] package(s)=[443077, 443078] confidence=0.00 for 
Hyundai 2024 Urban
[DEBUG] Group '2024_palisade': 451 total rows. 451 rows with model numbers, 0 rows with missing model numbers (empty 
ModelNumber for manual correction).
[DEBUG] Group '2024_palisade': 451 total rows. 451 rows with model numbers, 0 rows with missing model numbers (empty 
ModelNumber for manual correction).
[OUTPUT_MAPPER DEBUG] Source columns: ['year_from', 'model', 'description', 'part_number', 'dnet', 'msrp', 
'labour_rate', 'labour_hours', 'comments', 'trim_column', 'trim_level', 'model_number', 'package', 
'model_number_status']
[OUTPUT_MAPPER DEBUG] Rename map: {'year_from': 'Year', 'model': 'ModelName', 'part_number': 'Part', 'description': 
'Description', 'comments': 'Comments', 'msrp': 'Price', 'labour_hours': 'Hours', 'trim_level': 'Trim', 'model_number': 
'Model', 'package': 'Package'}
[OUTPUT_MAPPER DEBUG] Required output columns: ['Year', 'ModelName', 'Part', 'Description', 'Comments', 'Price', 
'Hours', 'Trim', 'Model', 'Package']
[OUTPUT_MAPPER DEBUG] Rename subset (columns that exist): {'year_from': 'Year', 'model': 'ModelName', 'part_number': 
'Part', 'description': 'Description', 'comments': 'Comments', 'msrp': 'Price', 'labour_hours': 'Hours', 'trim_level': 
'Trim', 'model_number': 'Model', 'package': 'Package'}
[OUTPUT_MAPPER DEBUG] After rename, columns: ['Year', 'ModelName', 'Description', 'Part', 'dnet', 'Price', 
'labour_rate', 'Hours', 'Comments', 'trim_column', 'Trim', 'Model', 'Package', 'model_number_status']
[OUTPUT_MAPPER DEBUG] Source columns: ['year_from', 'model', 'description', 'part_number', 'dnet', 'msrp', 
'labour_rate', 'labour_hours', 'comments', 'trim_column', 'trim_level', 'model_number', 'package', 
'model_number_status']
[OUTPUT_MAPPER DEBUG] Rename map: {'year_from': 'Year', 'model': 'ModelName', 'part_number': 'Part', 'description': 
'Description', 'comments': 'Comments', 'msrp': 'Price', 'labour_hours': 'Hours', 'trim_level': 'Trim', 'model_number': 
'Model', 'package': 'Package'}
[OUTPUT_MAPPER DEBUG] Required output columns: ['Year', 'ModelName', 'Part', 'Description', 'Comments', 'Price', 
'Hours', 'Trim', 'Model', 'Package']
[OUTPUT_MAPPER DEBUG] Rename subset (columns that exist): {'year_from': 'Year', 'model': 'ModelName', 'part_number': 
'Part', 'description': 'Description', 'comments': 'Comments', 'msrp': 'Price', 'labour_hours': 'Hours', 'trim_level': 
'Trim', 'model_number': 'Model', 'package': 'Package'}
[OUTPUT_MAPPER DEBUG] After rename, columns: ['Year', 'ModelName', 'Description', 'Part', 'dnet', 'Price', 
'labour_rate', 'Hours', 'Comments', 'trim_column', 'Trim', 'Model', 'Package', 'model_number_status']
[INFO] SHEET COMPLETE | sheet=2024_palisade | records_in=95 | records_out=902
[INFO] SHEET START | sheet=2024_santa_cruz
[DEBUG] Group '2024_santa_cruz' (model 'santa_cruz'): routed to manufacturer 'Hyundai'
[DEBUG] Column mapping for '2024_santa_cruz': {'Model_Year_From': 'year_from', 'Model_Year_To': None, 'Model': 
'model', 'Trim_1': None, 'Trim_2': None, 'Trim_3': None, 'Accessory_Category_(EN)': None, 'Accessory_Group_(EN)': 
None, 'Accessory_Description_(EN)': 'english_description', 'Accessory_Category_(FR)': None, 'Accessory_Group_(FR)': 
None, 'Accessory_Description_(FR)': 'french_description', 'Part_Number': 'part_number', 'DNET': 'dnet', 'MSRP': 
'msrp', 'Labour_Rate': 'labour_rate', 'Suggested_Labour_Hours': 'labour_hours', 
'Suggested_Base_Retail_Price_w/labour': None, 'Yearly_Rate': None, 'Weekly_Rate': None, '#of_Payments': None, 
'Weekly_Payment': None, 'Comments_(EN)': 'comments_en', 'Comments_(FR)': 'comments_fr', 'New_Part_SOS': None, 
'Outgoing_Part_Flag': None}
[INFO] Group '2024_santa_cruz': identified 3 trim column(s): ['Trim_1', 'Trim_2', 'Trim_3']
[DEBUG] Valid trim cols for '2024_santa_cruz': ['Trim_1', 'Trim_2', 'Trim_3']
[DEBUG] Group '2024_santa_cruz': extracted vehicle_year=2024
[DEBUG] 96 records -> 283 after melt
[INFO] Step 4.5: model_lookup enrichment | sheet='2024_santa_cruz'
[DEBUG] Group '2024_santa_cruz': Unique trims identified: ['Pref', 'Trend', 'Ult']
[DEBUG] [MERGE] Loading classification from: C:\Users\paxm\OneDrive - PBS SYSTEMS\Desktop\Office\Projects\OEM 
Accessory project\OEM_Accessories_v1\accy_v2\model_lookup\configs\hyundai\classification.yaml
[DEBUG] [MERGE] Found compound models: {'santa fe', 'santa cruz'}
[DEBUG] [MERGE] Merged ['santa', 'cruz'] -> 'santa cruz'
[DEBUG] [MERGE] Result: ['santa cruz']
[DEBUG] Group '2024_santa_cruz': model_keywords from data=['santa cruz'], fuel_type=None
[INFO]   Model line 'santa_cruz' not in local db; attempting ADS refresh...
[INFO]   ADS returned 8 rows for Hyundai 2024 santa_cruz; saving to db...
[DEBUG] Group '2024_santa_cruz' trim 'Pref': Searching with keywords=['santa cruz', 'pref']
[DEBUG] Translated keywords: ['santa cruz', 'pref'] → ['santa cruz', 'preferred']
[DEBUG] Classified tokens: {'MODEL': ['santa cruz'], 'TRIM': ['preferred']}
[DEBUG] After filtering ignored categories []: {'MODEL': ['santa cruz'], 'TRIM': ['preferred']}
[DEBUG] After filtering excluded keywords ['combustion']: ['santa cruz', 'preferred']
[DEBUG] Score: 15 (minimum: 10)
[WARNING] Unclassified tokens: ['*ltd', 'avail*']
[DEBUG] TRIM matching (exact) narrowed to 2 candidates for searched TRIM: {'preferred'}
[DEBUG] Database search returned 2 candidates
[DEBUG] Confidence: 0.00
[WARNING] Unclassified tokens: ['*ltd', 'avail*']
[WARNING] Unclassified tokens: ['*ltd', 'avail*']
[DEBUG] Resolved 2 candidates to 2 package variant(s) with packages [445090, 452018] (ignoring [])
[DEBUG]   [OK] Found model_number(s)=['SZCP5N2DPR00', 'SZCP5N2DPRBB'] package(s)=[445090, 452018] confidence=0.00 for 
Hyundai 2024 Pref
[DEBUG] Group '2024_santa_cruz' trim 'Trend': Searching with keywords=['santa cruz', 'trend']
[DEBUG] Translated keywords: ['santa cruz', 'trend'] → ['santa cruz', 'trend']
[DEBUG] Classified tokens: {'MODEL': ['santa cruz'], 'TRIM': ['trend']}
[DEBUG] After filtering ignored categories []: {'MODEL': ['santa cruz'], 'TRIM': ['trend']}
[DEBUG] After filtering excluded keywords ['combustion']: ['santa cruz', 'trend']
[DEBUG] Score: 15 (minimum: 10)
[WARNING] Unclassified tokens: ['*ltd', 'avail*']
[DEBUG] TRIM matching (exact) narrowed to 2 candidates for searched TRIM: {'trend'}
[DEBUG] Database search returned 2 candidates
[DEBUG] Confidence: 0.00
[WARNING] Unclassified tokens: ['*ltd', 'avail*']
[WARNING] Unclassified tokens: ['*ltd', 'avail*']
[DEBUG] Resolved 2 candidates to 2 package variant(s) with packages [445091, 452019] (ignoring [])
[DEBUG]   [OK] Found model_number(s)=['SZCP5N2DPRTR', 'SZCP5N2DPRBC'] package(s)=[445091, 452019] confidence=0.00 for 
Hyundai 2024 Trend
[DEBUG] Group '2024_santa_cruz' trim 'Ult': Searching with keywords=['santa cruz', 'ult']
[DEBUG] Translated keywords: ['santa cruz', 'ult'] → ['santa cruz', 'ultimate']
[DEBUG] Classified tokens: {'MODEL': ['santa cruz'], 'TRIM': ['ultimate']}
[DEBUG] After filtering ignored categories []: {'MODEL': ['santa cruz'], 'TRIM': ['ultimate']}
[DEBUG] After filtering excluded keywords ['combustion']: ['santa cruz', 'ultimate']
[DEBUG] Score: 15 (minimum: 10)
[WARNING] Unclassified tokens: ['*ltd', 'avail*']
[WARNING] Unclassified tokens: ['w/colour', '*ltd', 'avail*']
[WARNING] Unclassified tokens: ['w/colour']
[DEBUG] TRIM matching (exact) narrowed to 4 candidates for searched TRIM: {'ultimate'}
[DEBUG] Database search returned 4 candidates
[DEBUG] Confidence: 0.00
[WARNING] Unclassified tokens: ['*ltd', 'avail*']
[WARNING] Unclassified tokens: ['w/colour', '*ltd', 'avail*']
[WARNING] Unclassified tokens: ['w/colour']
[WARNING] Unclassified tokens: ['*ltd', 'avail*']
[WARNING] Unclassified tokens: ['w/colour', '*ltd', 'avail*']
[WARNING] Unclassified tokens: ['w/colour']
[DEBUG] Resolved 4 candidates to 4 variant(s) by distinct Package [445092, 445093, 452020, 452021] (descriptions 
differ, ModelNumbers may repeat)
[DEBUG]   [OK] Found model_number(s)=['SZCP5N2DUL00', 'SZCP5N2DUL95', 'SZCP5N2DULBB', 'SZCP5N2DULBD'] 
package(s)=[445092, 445093, 452020, 452021] confidence=0.00 for Hyundai 2024 Ult
[DEBUG] Group '2024_santa_cruz': 752 total rows. 752 rows with model numbers, 0 rows with missing model numbers (empty 
ModelNumber for manual correction).
[DEBUG] Group '2024_santa_cruz': 752 total rows. 752 rows with model numbers, 0 rows with missing model numbers (empty 
ModelNumber for manual correction).
[OUTPUT_MAPPER DEBUG] Source columns: ['year_from', 'model', 'description', 'part_number', 'dnet', 'msrp', 
'labour_rate', 'labour_hours', 'comments', 'trim_column', 'trim_level', 'model_number', 'package', 
'model_number_status']
[OUTPUT_MAPPER DEBUG] Rename map: {'year_from': 'Year', 'model': 'ModelName', 'part_number': 'Part', 'description': 
'Description', 'comments': 'Comments', 'msrp': 'Price', 'labour_hours': 'Hours', 'trim_level': 'Trim', 'model_number': 
'Model', 'package': 'Package'}
[OUTPUT_MAPPER DEBUG] Required output columns: ['Year', 'ModelName', 'Part', 'Description', 'Comments', 'Price', 
'Hours', 'Trim', 'Model', 'Package']
[OUTPUT_MAPPER DEBUG] Rename subset (columns that exist): {'year_from': 'Year', 'model': 'ModelName', 'part_number': 
'Part', 'description': 'Description', 'comments': 'Comments', 'msrp': 'Price', 'labour_hours': 'Hours', 'trim_level': 
'Trim', 'model_number': 'Model', 'package': 'Package'}
[OUTPUT_MAPPER DEBUG] After rename, columns: ['Year', 'ModelName', 'Description', 'Part', 'dnet', 'Price', 
'labour_rate', 'Hours', 'Comments', 'trim_column', 'Trim', 'Model', 'Package', 'model_number_status']
[OUTPUT_MAPPER DEBUG] Source columns: ['year_from', 'model', 'description', 'part_number', 'dnet', 'msrp', 
'labour_rate', 'labour_hours', 'comments', 'trim_column', 'trim_level', 'model_number', 'package', 
'model_number_status']
[OUTPUT_MAPPER DEBUG] Rename map: {'year_from': 'Year', 'model': 'ModelName', 'part_number': 'Part', 'description': 
'Description', 'comments': 'Comments', 'msrp': 'Price', 'labour_hours': 'Hours', 'trim_level': 'Trim', 'model_number': 
'Model', 'package': 'Package'}
[OUTPUT_MAPPER DEBUG] Required output columns: ['Year', 'ModelName', 'Part', 'Description', 'Comments', 'Price', 
'Hours', 'Trim', 'Model', 'Package']
[OUTPUT_MAPPER DEBUG] Rename subset (columns that exist): {'year_from': 'Year', 'model': 'ModelName', 'part_number': 
'Part', 'description': 'Description', 'comments': 'Comments', 'msrp': 'Price', 'labour_hours': 'Hours', 'trim_level': 
'Trim', 'model_number': 'Model', 'package': 'Package'}
[OUTPUT_MAPPER DEBUG] After rename, columns: ['Year', 'ModelName', 'Description', 'Part', 'dnet', 'Price', 
'labour_rate', 'Hours', 'Comments', 'trim_column', 'Trim', 'Model', 'Package', 'model_number_status']
[INFO] SHEET COMPLETE | sheet=2024_santa_cruz | records_in=96 | records_out=1504
[INFO] SHEET START | sheet=2024_santa_fe
[DEBUG] Group '2024_santa_fe' (model 'santa_fe'): routed to manufacturer 'Hyundai'
[DEBUG] Column mapping for '2024_santa_fe': {'Model_Year_From': 'year_from', 'Model_Year_To': None, 'Model': 'model', 
'Trim_1': None, 'Trim_2': None, 'Trim_3': None, 'Trim_4': None, 'Trim_5': None, 'Trim_6': None, 
'Accessory_Category_(EN)': None, 'Accessory_Group_(EN)': None, 'Accessory_Description_(EN)': 'english_description', 
'Accessory_Category_(FR)': None, 'Accessory_Group_(FR)': None, 'Accessory_Description_(FR)': 'french_description', 
'Part_Number': 'part_number', 'DNET': 'dnet', 'MSRP': 'msrp', 'Labour_Rate': 'labour_rate', 'Suggested_Labour_Hours': 
'labour_hours', 'Suggested_Base_Retail_Price_w/labour': None, 'Yearly_Rate': None, 'Weekly_Rate': None, 
'#of_Payments': None, 'Weekly_Payment': None, 'Comments_(EN)': 'comments_en', 'Comments_(FR)': 'comments_fr', 
'New_Part_SOS': None, 'Outgoing_Part_Flag': None, 'MAF_Update': None}
[INFO] Group '2024_santa_fe': identified 6 trim column(s): ['Trim_1', 'Trim_2', 'Trim_3', 'Trim_4', 'Trim_5', 'Trim_6']
[DEBUG] Valid trim cols for '2024_santa_fe': ['Trim_1', 'Trim_2', 'Trim_3', 'Trim_4', 'Trim_5', 'Trim_6']
[DEBUG] Group '2024_santa_fe': extracted vehicle_year=2024
[DEBUG] 107 records -> 531 after melt
[INFO] Step 4.5: model_lookup enrichment | sheet='2024_santa_fe'
[DEBUG] Group '2024_santa_fe': Unique trims identified: ['HEV NHL Ed', 'Lux', 'Pref HEV', 'Pref HEV w/ Trend', 'Ult 
Calli', 'XRT']
[DEBUG] [MERGE] Loading classification from: C:\Users\paxm\OneDrive - PBS SYSTEMS\Desktop\Office\Projects\OEM 
Accessory project\OEM_Accessories_v1\accy_v2\model_lookup\configs\hyundai\classification.yaml
[DEBUG] [MERGE] Found compound models: {'santa fe', 'santa cruz'}
[DEBUG] [MERGE] Merged ['santa', 'fe'] -> 'santa fe'
[DEBUG] [MERGE] Result: ['santa fe']
[DEBUG] Group '2024_santa_fe': model_keywords from data=['santa fe'], fuel_type=None
[INFO]   Model line 'santa_fe' not in local db; attempting ADS refresh...
mapper | HYUNDAI | SAHW7G1APRHE | Keyword 'hybrid' found but NOT in translator. Returning keyword as-is.
mapper | HYUNDAI | SAHW7G1APRTH | Keyword 'hybrid' found but NOT in translator. Returning keyword as-is.
mapper | HYUNDAI | SAHW6G1AULCS | Keyword 'hybrid' found but NOT in translator. Returning keyword as-is.
[INFO]   ADS returned 15 rows for Hyundai 2024 santa_fe; saving to db...
[DEBUG] Group '2024_santa_fe' trim 'HEV NHL Ed': Searching with keywords=['santa fe', 'hev', 'nhl', 'ed']
[DEBUG] Translated keywords: ['santa fe', 'hev', 'nhl', 'ed'] → ['santa fe', 'hybrid', 'nhl', 'edition']
[DEBUG] Classified tokens: {'MODEL': ['santa fe'], 'ENGINE_TYPE': ['hybrid'], 'PACKAGE': ['nhl', 'edition']}
[DEBUG] After filtering ignored categories []: {'MODEL': ['santa fe'], 'ENGINE_TYPE': ['hybrid'], 'PACKAGE': ['nhl', 
'edition']}
[DEBUG] After filtering excluded keywords ['combustion']: ['santa fe', 'hybrid', 'nhl', 'edition']
[DEBUG] Score: 19 (minimum: 10)
[DEBUG] Database search returned 1 candidates
[DEBUG] Confidence: 0.30
[DEBUG]   [OK] Found model_number(s)=['SAHW6G1AULCS'] package(s)=[np.int64(458472)] confidence=0.30 for Hyundai 2024 
HEV NHL Ed
[DEBUG] Group '2024_santa_fe' trim 'Lux': Searching with keywords=['santa fe', 'lux']
[DEBUG] Translated keywords: ['santa fe', 'lux'] → ['santa fe', 'luxury']
[DEBUG] Classified tokens: {'MODEL': ['santa fe'], 'TRIM': ['luxury']}
[DEBUG] After filtering ignored categories []: {'MODEL': ['santa fe'], 'TRIM': ['luxury']}
[DEBUG] After filtering excluded keywords ['combustion']: ['santa fe', 'luxury']
[DEBUG] Score: 15 (minimum: 10)
[DEBUG] Database search returned 1 candidates
[DEBUG] Confidence: 0.23
[DEBUG]   [OK] Found model_number(s)=['SACW7N2DLU00'] package(s)=[np.int64(454774)] confidence=0.23 for Hyundai 2024 
Lux
[DEBUG] Group '2024_santa_fe' trim 'Pref HEV': Searching with keywords=['santa fe', 'pref', 'hev']
[DEBUG] Translated keywords: ['santa fe', 'pref', 'hev'] → ['santa fe', 'preferred', 'hybrid']
[DEBUG] Classified tokens: {'MODEL': ['santa fe'], 'TRIM': ['preferred'], 'ENGINE_TYPE': ['hybrid']}
[DEBUG] After filtering ignored categories []: {'MODEL': ['santa fe'], 'TRIM': ['preferred'], 'ENGINE_TYPE': 
['hybrid']}
[DEBUG] After filtering excluded keywords ['combustion']: ['santa fe', 'preferred', 'hybrid']
[DEBUG] Score: 23 (minimum: 10)
[WARNING] Unclassified tokens: ['w/trend']
[DEBUG] TRIM matching (exact) narrowed to 2 candidates for searched TRIM: {'preferred'}
[DEBUG] Database search returned 2 candidates
[DEBUG] Confidence: 0.00
[WARNING] Unclassified tokens: ['w/trend']
[WARNING] Unclassified tokens: ['w/trend']
[DEBUG] Resolved 2 candidates to 2 variant(s) by distinct Package [454776, 454777] (descriptions differ, ModelNumbers 
may repeat)
[DEBUG]   [OK] Found model_number(s)=['SAHW7G1APRHE', 'SAHW7G1APRTH'] package(s)=[454776, 454777] confidence=0.00 for 
Hyundai 2024 Pref HEV
[DEBUG] Group '2024_santa_fe' trim 'Pref HEV w/ Trend': Searching with keywords=['santa fe', 'pref', 'hev', 'w/', 
'trend']
[DEBUG] Translated keywords: ['santa fe', 'pref', 'hev', 'w/', 'trend'] → ['santa fe', 'preferred', 'hybrid', 'w/', 
'trend']
[WARNING] Unclassified tokens: ['w/']
[DEBUG] Classified tokens: {'MODEL': ['santa fe'], 'TRIM': ['preferred', 'trend'], 'ENGINE_TYPE': ['hybrid']}
[DEBUG] After filtering ignored categories []: {'MODEL': ['santa fe'], 'TRIM': ['preferred', 'trend'], 'ENGINE_TYPE': 
['hybrid']}
[DEBUG] After filtering excluded keywords ['combustion']: ['santa fe', 'preferred', 'trend', 'hybrid']
[DEBUG] Score: 23 (minimum: 10)
[DEBUG] Database search returned 1 candidates
[DEBUG] Confidence: 0.36
[DEBUG]   [OK] Found model_number(s)=['SAHW7G1APRTH'] package(s)=[np.int64(454777)] confidence=0.36 for Hyundai 2024 
Pref HEV w/ Trend
[DEBUG] Group '2024_santa_fe' trim 'Ult Calli': Searching with keywords=['santa fe', 'ult', 'calli']
[DEBUG] Translated keywords: ['santa fe', 'ult', 'calli'] → ['santa fe', 'ultimate', 'calligraphy']
[DEBUG] Classified tokens: {'MODEL': ['santa fe'], 'TRIM': ['ultimate', 'calligraphy']}
[DEBUG] After filtering ignored categories []: {'MODEL': ['santa fe'], 'TRIM': ['ultimate', 'calligraphy']}
[DEBUG] After filtering excluded keywords ['combustion']: ['santa fe', 'ultimate', 'calligraphy']
[DEBUG] Score: 15 (minimum: 10)
[WARNING] Unclassified tokens: ['w/beige']
[DEBUG] TRIM matching (exact) narrowed to 2 candidates for searched TRIM: {'ultimate', 'calligraphy'}
[DEBUG] Database search returned 2 candidates
[DEBUG] Confidence: 0.00
[WARNING] Unclassified tokens: ['w/beige']
[WARNING] Unclassified tokens: ['w/beige']
[DEBUG] Resolved 2 candidates to 2 variant(s) by distinct Package [454772, 454775] (descriptions differ, ModelNumbers 
may repeat)
[DEBUG]   [OK] Found model_number(s)=['SACW6N2DULBG', 'SACW6N2DULBH'] package(s)=[454772, 454775] confidence=0.00 for 
Hyundai 2024 Ult Calli
[DEBUG] Group '2024_santa_fe' trim 'XRT': Searching with keywords=['santa fe', 'xrt']
[DEBUG] Translated keywords: ['santa fe', 'xrt'] → ['santa fe', 'xrt']
[DEBUG] Classified tokens: {'MODEL': ['santa fe'], 'TRIM': ['xrt']}
[DEBUG] After filtering ignored categories []: {'MODEL': ['santa fe'], 'TRIM': ['xrt']}
[DEBUG] After filtering excluded keywords ['combustion']: ['santa fe', 'xrt']
[DEBUG] Score: 15 (minimum: 10)
[DEBUG] Database search returned 1 candidates
[DEBUG] Confidence: 0.23
[DEBUG]   [OK] Found model_number(s)=['SACW7N2DXR00'] package(s)=[np.int64(454773)] confidence=0.23 for Hyundai 2024 
XRT
[DEBUG] Group '2024_santa_fe': 708 total rows. 708 rows with model numbers, 0 rows with missing model numbers (empty 
ModelNumber for manual correction).
[DEBUG] Group '2024_santa_fe': 708 total rows. 708 rows with model numbers, 0 rows with missing model numbers (empty 
ModelNumber for manual correction).
[OUTPUT_MAPPER DEBUG] Source columns: ['year_from', 'model', 'description', 'part_number', 'dnet', 'msrp', 
'labour_rate', 'labour_hours', 'comments', 'trim_column', 'trim_level', 'model_number', 'package', 
'model_number_status']
[OUTPUT_MAPPER DEBUG] Rename map: {'year_from': 'Year', 'model': 'ModelName', 'part_number': 'Part', 'description': 
'Description', 'comments': 'Comments', 'msrp': 'Price', 'labour_hours': 'Hours', 'trim_level': 'Trim', 'model_number': 
'Model', 'package': 'Package'}
[OUTPUT_MAPPER DEBUG] Required output columns: ['Year', 'ModelName', 'Part', 'Description', 'Comments', 'Price', 
'Hours', 'Trim', 'Model', 'Package']
[OUTPUT_MAPPER DEBUG] Rename subset (columns that exist): {'year_from': 'Year', 'model': 'ModelName', 'part_number': 
'Part', 'description': 'Description', 'comments': 'Comments', 'msrp': 'Price', 'labour_hours': 'Hours', 'trim_level': 
'Trim', 'model_number': 'Model', 'package': 'Package'}
[OUTPUT_MAPPER DEBUG] After rename, columns: ['Year', 'ModelName', 'Description', 'Part', 'dnet', 'Price', 
'labour_rate', 'Hours', 'Comments', 'trim_column', 'Trim', 'Model', 'Package', 'model_number_status']
[OUTPUT_MAPPER DEBUG] Source columns: ['year_from', 'model', 'description', 'part_number', 'dnet', 'msrp', 
'labour_rate', 'labour_hours', 'comments', 'trim_column', 'trim_level', 'model_number', 'package', 
'model_number_status']
[OUTPUT_MAPPER DEBUG] Rename map: {'year_from': 'Year', 'model': 'ModelName', 'part_number': 'Part', 'description': 
'Description', 'comments': 'Comments', 'msrp': 'Price', 'labour_hours': 'Hours', 'trim_level': 'Trim', 'model_number': 
'Model', 'package': 'Package'}
[OUTPUT_MAPPER DEBUG] Required output columns: ['Year', 'ModelName', 'Part', 'Description', 'Comments', 'Price', 
'Hours', 'Trim', 'Model', 'Package']
[OUTPUT_MAPPER DEBUG] Rename subset (columns that exist): {'year_from': 'Year', 'model': 'ModelName', 'part_number': 
'Part', 'description': 'Description', 'comments': 'Comments', 'msrp': 'Price', 'labour_hours': 'Hours', 'trim_level': 
'Trim', 'model_number': 'Model', 'package': 'Package'}
[OUTPUT_MAPPER DEBUG] After rename, columns: ['Year', 'ModelName', 'Description', 'Part', 'dnet', 'Price', 
'labour_rate', 'Hours', 'Comments', 'trim_column', 'Trim', 'Model', 'Package', 'model_number_status']
[INFO] SHEET COMPLETE | sheet=2024_santa_fe | records_in=107 | records_out=1416
[INFO] SHEET START | sheet=2024_sonata
[DEBUG] Group '2024_sonata' (model 'sonata'): routed to manufacturer 'Hyundai'
[DEBUG] Column mapping for '2024_sonata': {'Model_Year_From': 'year_from', 'Model_Year_To': None, 'Model': 'model', 
'Trim_1': None, 'Trim_2': None, 'Trim_3': None, 'Accessory_Category_(EN)': None, 'Accessory_Group_(EN)': None, 
'Accessory_Description_(EN)': 'english_description', 'Accessory_Category_(FR)': None, 'Accessory_Group_(FR)': None, 
'Accessory_Description_(FR)': 'french_description', 'Part_Number': 'part_number', 'DNET': 'dnet', 'MSRP': 'msrp', 
'Labour_Rate': 'labour_rate', 'Suggested_Labour_Hours': 'labour_hours', 'Suggested_Base_Retail_Price_w/labour': None, 
'Yearly_Rate': None, 'Weekly_Rate': None, '#of_Payments': None, 'Weekly_Payment': None, 'Comments_(EN)': 
'comments_en', 'Comments_(FR)': 'comments_fr', 'New_Part_SOS': None, 'Outgoing_Part_Flag': None, 'MAF_Update': None}
[INFO] Group '2024_sonata': identified 3 trim column(s): ['Trim_1', 'Trim_2', 'Trim_3']
[DEBUG] Valid trim cols for '2024_sonata': ['Trim_1', 'Trim_2', 'Trim_3']
[DEBUG] Group '2024_sonata': extracted vehicle_year=2024
[DEBUG] 82 records -> 207 after melt
[INFO] Step 4.5: model_lookup enrichment | sheet='2024_sonata'
[DEBUG] Group '2024_sonata': Unique trims identified: ['N-Line', 'Pref', 'Trend AWD']
[DEBUG] Group '2024_sonata': model_keywords from data=['sonata'], fuel_type=None
[DEBUG] Group '2024_sonata' trim 'N-Line': Searching with keywords=['sonata', 'n-line']
[DEBUG] Translated keywords: ['sonata', 'n-line'] → ['sonata', 'n-line']
[DEBUG] Classified tokens: {'MODEL': ['sonata'], 'TRIM_VARIANT': ['n-line']}
[DEBUG] After filtering ignored categories []: {'MODEL': ['sonata'], 'TRIM_VARIANT': ['n-line']}
[DEBUG] After filtering excluded keywords ['combustion']: ['sonata', 'n-line']
[DEBUG] Score: 16 (minimum: 10)
[DEBUG] Database search returned 1 candidates
[DEBUG] Confidence: 0.25
[DEBUG]   [OK] Found model_number(s)=['SOCS4M2DNL00'] package(s)=[np.int64(452617)] confidence=0.25 for Hyundai 2024 
N-Line
[DEBUG] Group '2024_sonata' trim 'Pref': Searching with keywords=['sonata', 'pref']
[DEBUG] Translated keywords: ['sonata', 'pref'] → ['sonata', 'preferred']
[DEBUG] Classified tokens: {'MODEL': ['sonata'], 'TRIM': ['preferred']}
[DEBUG] After filtering ignored categories []: {'MODEL': ['sonata'], 'TRIM': ['preferred']}
[DEBUG] After filtering excluded keywords ['combustion']: ['sonata', 'preferred']
[DEBUG] Score: 15 (minimum: 10)
[WARNING] Unclassified tokens: ['preferred-trend']
[WARNING] Unclassified tokens: ['preferred-trend']
[DEBUG] Database search returned 2 candidates
[DEBUG] Confidence: 0.00
[WARNING] Unclassified tokens: ['preferred-trend']
[WARNING] Unclassified tokens: ['preferred-trend']
[WARNING] Unclassified tokens: ['preferred-trend']
[WARNING] Unclassified tokens: ['preferred-trend']
[DEBUG] Resolved 2 candidates to 2 variant(s) by distinct Package [452616, 452618] (descriptions differ, ModelNumbers 
may repeat)
[DEBUG]   [OK] Found model_number(s)=['SOCS4J2EPRTR', 'SOCS4K2EPRTR'] package(s)=[452616, 452618] confidence=0.00 for 
Hyundai 2024 Pref
[DEBUG] Group '2024_sonata' trim 'Trend AWD': Searching with keywords=['sonata', 'trend', 'awd']
[DEBUG] Translated keywords: ['sonata', 'trend', 'awd'] → ['sonata', 'trend', 'awd']
[DEBUG] Classified tokens: {'MODEL': ['sonata'], 'TRIM': ['trend'], 'DRIVETRAIN': ['awd']}
[DEBUG] After filtering ignored categories []: {'MODEL': ['sonata'], 'TRIM': ['trend'], 'DRIVETRAIN': ['awd']}
[DEBUG] After filtering excluded keywords ['combustion']: ['sonata', 'trend', 'awd']
[DEBUG] Score: 21 (minimum: 10)
[DEBUG] Database search returned 1 candidates
[DEBUG] Confidence: 0.33
[DEBUG]   [OK] Found model_number(s)=['SOCS4K2EPRTR'] package(s)=[np.int64(452618)] confidence=0.33 for Hyundai 2024 
Trend AWD
[DEBUG] Group '2024_sonata': 284 total rows. 284 rows with model numbers, 0 rows with missing model numbers (empty 
ModelNumber for manual correction).
[DEBUG] Group '2024_sonata': 284 total rows. 284 rows with model numbers, 0 rows with missing model numbers (empty 
ModelNumber for manual correction).
[OUTPUT_MAPPER DEBUG] Source columns: ['year_from', 'model', 'description', 'part_number', 'dnet', 'msrp', 
'labour_rate', 'labour_hours', 'comments', 'trim_column', 'trim_level', 'model_number', 'package', 
'model_number_status']
[OUTPUT_MAPPER DEBUG] Rename map: {'year_from': 'Year', 'model': 'ModelName', 'part_number': 'Part', 'description': 
'Description', 'comments': 'Comments', 'msrp': 'Price', 'labour_hours': 'Hours', 'trim_level': 'Trim', 'model_number': 
'Model', 'package': 'Package'}
[OUTPUT_MAPPER DEBUG] Required output columns: ['Year', 'ModelName', 'Part', 'Description', 'Comments', 'Price', 
'Hours', 'Trim', 'Model', 'Package']
[OUTPUT_MAPPER DEBUG] Rename subset (columns that exist): {'year_from': 'Year', 'model': 'ModelName', 'part_number': 
'Part', 'description': 'Description', 'comments': 'Comments', 'msrp': 'Price', 'labour_hours': 'Hours', 'trim_level': 
'Trim', 'model_number': 'Model', 'package': 'Package'}
[OUTPUT_MAPPER DEBUG] After rename, columns: ['Year', 'ModelName', 'Description', 'Part', 'dnet', 'Price', 
'labour_rate', 'Hours', 'Comments', 'trim_column', 'Trim', 'Model', 'Package', 'model_number_status']
[OUTPUT_MAPPER DEBUG] Source columns: ['year_from', 'model', 'description', 'part_number', 'dnet', 'msrp', 
'labour_rate', 'labour_hours', 'comments', 'trim_column', 'trim_level', 'model_number', 'package', 
'model_number_status']
[OUTPUT_MAPPER DEBUG] Rename map: {'year_from': 'Year', 'model': 'ModelName', 'part_number': 'Part', 'description': 
'Description', 'comments': 'Comments', 'msrp': 'Price', 'labour_hours': 'Hours', 'trim_level': 'Trim', 'model_number': 
'Model', 'package': 'Package'}
[OUTPUT_MAPPER DEBUG] Required output columns: ['Year', 'ModelName', 'Part', 'Description', 'Comments', 'Price', 
'Hours', 'Trim', 'Model', 'Package']
[OUTPUT_MAPPER DEBUG] Rename subset (columns that exist): {'year_from': 'Year', 'model': 'ModelName', 'part_number': 
'Part', 'description': 'Description', 'comments': 'Comments', 'msrp': 'Price', 'labour_hours': 'Hours', 'trim_level': 
'Trim', 'model_number': 'Model', 'package': 'Package'}
[OUTPUT_MAPPER DEBUG] After rename, columns: ['Year', 'ModelName', 'Description', 'Part', 'dnet', 'Price', 
'labour_rate', 'Hours', 'Comments', 'trim_column', 'Trim', 'Model', 'Package', 'model_number_status']
[INFO] SHEET COMPLETE | sheet=2024_sonata | records_in=82 | records_out=568
[INFO] SHEET START | sheet=2024_tucson
[DEBUG] Group '2024_tucson' (model 'tucson'): routed to manufacturer 'Hyundai'
[DEBUG] Column mapping for '2024_tucson': {'Model_Year_From': 'year_from', 'Model_Year_To': None, 'Model': 'model', 
'Trim_1': None, 'Trim_2': None, 'Trim_3': None, 'Trim_4': None, 'Trim_5': None, 'Trim_6': None, 
'Accessory_Category_(EN)': None, 'Accessory_Group_(EN)': None, 'Accessory_Description_(EN)': 'english_description', 
'Accessory_Category_(FR)': None, 'Accessory_Group_(FR)': None, 'Accessory_Description_(FR)': 'french_description', 
'Part_Number': 'part_number', 'DNET': 'dnet', 'MSRP': 'msrp', 'Labour_Rate': 'labour_rate', 'Suggested_Labour_Hours': 
'labour_hours', 'Suggested_Base_Retail_Price_w/labour': None, 'Yearly_Rate': None, 'Weekly_Rate': None, 
'#of_Payments': None, 'Weekly_Payment': None, 'PKG_Code': None, 'Comments_(EN)': 'comments_en', 'Comments_(FR)': 
'comments_fr', 'New_Part_SOS': None, 'Outgoing_Part_Flag': None, 'MAF_Update': None}
[INFO] Group '2024_tucson': identified 6 trim column(s): ['Trim_1', 'Trim_2', 'Trim_3', 'Trim_4', 'Trim_5', 'Trim_6']
[DEBUG] Valid trim cols for '2024_tucson': ['Trim_1', 'Trim_2', 'Trim_3', 'Trim_4', 'Trim_5', 'Trim_6']
[DEBUG] Group '2024_tucson': extracted vehicle_year=2024
[DEBUG] 113 records -> 534 after melt
[INFO] Step 4.5: model_lookup enrichment | sheet='2024_tucson'
[DEBUG] Group '2024_tucson': Unique trims identified: ['Lux', 'N-Line', 'Pref', 'Trend', 'Ult HEV', 'Ult PHEV']
[DEBUG] Group '2024_tucson': model_keywords from data=['tucson'], fuel_type=None
[DEBUG] Group '2024_tucson' trim 'Lux': Searching with keywords=['tucson', 'lux']
[DEBUG] Translated keywords: ['tucson', 'lux'] → ['tucson', 'luxury']
[DEBUG] Classified tokens: {'MODEL': ['tucson'], 'TRIM': ['luxury']}
[DEBUG] After filtering ignored categories []: {'MODEL': ['tucson'], 'TRIM': ['luxury']}
[DEBUG] After filtering excluded keywords ['combustion']: ['tucson', 'luxury']
[DEBUG] Score: 15 (minimum: 10)
[DEBUG] Database search returned 0 candidates
[DEBUG] Confidence: 0.00
[WARNING]   [NOT_FOUND] Hyundai 2024 Lux keywords=['tucson', 'lux']
[DEBUG] Group '2024_tucson' trim 'N-Line': Searching with keywords=['tucson', 'n-line']
[DEBUG] Translated keywords: ['tucson', 'n-line'] → ['tucson', 'n-line']
[DEBUG] Classified tokens: {'MODEL': ['tucson'], 'TRIM_VARIANT': ['n-line']}
[DEBUG] After filtering ignored categories []: {'MODEL': ['tucson'], 'TRIM_VARIANT': ['n-line']}
[DEBUG] After filtering excluded keywords ['combustion']: ['tucson', 'n-line']
[DEBUG] [IMPLIED_FUEL_TYPE] Hyundai 2024 {'tucson'}/{'n-line'}: no fuel keyword in source, applying configured 'hybrid'
[DEBUG] Score: 16 (minimum: 10)
[DEBUG] Database search returned 1 candidates
[DEBUG] Confidence: 0.25
[DEBUG]   [OK] Found model_number(s)=['TUHWDG1ANLHE'] package(s)=[np.int64(446280)] confidence=0.25 for Hyundai 2024 
N-Line
[DEBUG] Group '2024_tucson' trim 'Pref': Searching with keywords=['tucson', 'pref']
[DEBUG] Translated keywords: ['tucson', 'pref'] → ['tucson', 'preferred']
[DEBUG] Classified tokens: {'MODEL': ['tucson'], 'TRIM': ['preferred']}
[DEBUG] After filtering ignored categories []: {'MODEL': ['tucson'], 'TRIM': ['preferred']}
[DEBUG] After filtering excluded keywords ['combustion']: ['tucson', 'preferred']
[DEBUG] Score: 15 (minimum: 10)
[DEBUG] Database search returned 1 candidates
[DEBUG] Confidence: 0.23
[DEBUG]   [OK] Found model_number(s)=['TUCWDK2EPR00'] package(s)=[np.int64(446281)] confidence=0.23 for Hyundai 2024 
Pref
[DEBUG] Group '2024_tucson' trim 'Trend': Searching with keywords=['tucson', 'trend']
[DEBUG] Translated keywords: ['tucson', 'trend'] → ['tucson', 'trend']
[DEBUG] Classified tokens: {'MODEL': ['tucson'], 'TRIM': ['trend']}
[DEBUG] After filtering ignored categories []: {'MODEL': ['tucson'], 'TRIM': ['trend']}
[DEBUG] After filtering excluded keywords ['combustion']: ['tucson', 'trend']
[DEBUG] Score: 15 (minimum: 10)
[DEBUG] Database search returned 1 candidates
[DEBUG] Confidence: 0.23
[DEBUG]   [OK] Found model_number(s)=['TUCWDK2EPRTR'] package(s)=[np.int64(446282)] confidence=0.23 for Hyundai 2024 
Trend
[DEBUG] Group '2024_tucson' trim 'Ult HEV': Searching with keywords=['tucson', 'ult', 'hev']
[DEBUG] Translated keywords: ['tucson', 'ult', 'hev'] → ['tucson', 'ultimate', 'hybrid']
[DEBUG] Classified tokens: {'MODEL': ['tucson'], 'TRIM': ['ultimate'], 'ENGINE_TYPE': ['hybrid']}
[DEBUG] After filtering ignored categories []: {'MODEL': ['tucson'], 'TRIM': ['ultimate'], 'ENGINE_TYPE': ['hybrid']}
[DEBUG] After filtering excluded keywords ['combustion']: ['tucson', 'ultimate', 'hybrid']
[DEBUG] Score: 23 (minimum: 10)
[DEBUG] TRIM matching (exact) narrowed to 2 candidates for searched TRIM: {'ultimate'}
[DEBUG] Database search returned 2 candidates
[DEBUG] Confidence: 0.00
[DEBUG] Resolved 2 candidates to 2 package variant(s) with packages [446279, 446277] (ignoring [])
[DEBUG]   [OK] Found model_number(s)=['TUHWDG1AULHE', 'TUPWDG1AULPH'] package(s)=[446279, 446277] confidence=0.00 for 
Hyundai 2024 Ult HEV
[DEBUG] Group '2024_tucson' trim 'Ult PHEV': Searching with keywords=['tucson', 'ult', 'phev']
[DEBUG] Translated keywords: ['tucson', 'ult', 'phev'] → ['tucson', 'ultimate', 'plug-in']
[DEBUG] Classified tokens: {'MODEL': ['tucson'], 'TRIM': ['ultimate'], 'ENGINE_TYPE': ['plug-in']}
[DEBUG] After filtering ignored categories []: {'MODEL': ['tucson'], 'TRIM': ['ultimate'], 'ENGINE_TYPE': ['plug-in']}
[DEBUG] After filtering excluded keywords ['combustion']: ['tucson', 'ultimate', 'plug-in']
[DEBUG] Score: 23 (minimum: 10)
[DEBUG] Database search returned 1 candidates
[DEBUG] Confidence: 0.36
[DEBUG]   [OK] Found model_number(s)=['TUPWDG1AULPH'] package(s)=[np.int64(446277)] confidence=0.36 for Hyundai 2024 
Ult PHEV
[DEBUG] Group '2024_tucson': 623 total rows. 534 rows with model numbers, 89 rows with missing model numbers (empty 
ModelNumber for manual correction).
[DEBUG] Group '2024_tucson': 623 total rows. 534 rows with model numbers, 89 rows with missing model numbers (empty 
ModelNumber for manual correction).
[OUTPUT_MAPPER DEBUG] Source columns: ['year_from', 'model', 'description', 'part_number', 'dnet', 'msrp', 
'labour_rate', 'labour_hours', 'comments', 'trim_column', 'trim_level', 'model_number', 'package', 
'model_number_status']
[OUTPUT_MAPPER DEBUG] Rename map: {'year_from': 'Year', 'model': 'ModelName', 'part_number': 'Part', 'description': 
'Description', 'comments': 'Comments', 'msrp': 'Price', 'labour_hours': 'Hours', 'trim_level': 'Trim', 'model_number': 
'Model', 'package': 'Package'}
[OUTPUT_MAPPER DEBUG] Required output columns: ['Year', 'ModelName', 'Part', 'Description', 'Comments', 'Price', 
'Hours', 'Trim', 'Model', 'Package']
[OUTPUT_MAPPER DEBUG] Rename subset (columns that exist): {'year_from': 'Year', 'model': 'ModelName', 'part_number': 
'Part', 'description': 'Description', 'comments': 'Comments', 'msrp': 'Price', 'labour_hours': 'Hours', 'trim_level': 
'Trim', 'model_number': 'Model', 'package': 'Package'}
[OUTPUT_MAPPER DEBUG] After rename, columns: ['Year', 'ModelName', 'Description', 'Part', 'dnet', 'Price', 
'labour_rate', 'Hours', 'Comments', 'trim_column', 'Trim', 'Model', 'Package', 'model_number_status']
[OUTPUT_MAPPER DEBUG] Source columns: ['year_from', 'model', 'description', 'part_number', 'dnet', 'msrp', 
'labour_rate', 'labour_hours', 'comments', 'trim_column', 'trim_level', 'model_number', 'package', 
'model_number_status']
[OUTPUT_MAPPER DEBUG] Rename map: {'year_from': 'Year', 'model': 'ModelName', 'part_number': 'Part', 'description': 
'Description', 'comments': 'Comments', 'msrp': 'Price', 'labour_hours': 'Hours', 'trim_level': 'Trim', 'model_number': 
'Model', 'package': 'Package'}
[OUTPUT_MAPPER DEBUG] Required output columns: ['Year', 'ModelName', 'Part', 'Description', 'Comments', 'Price', 
'Hours', 'Trim', 'Model', 'Package']
[OUTPUT_MAPPER DEBUG] Rename subset (columns that exist): {'year_from': 'Year', 'model': 'ModelName', 'part_number': 
'Part', 'description': 'Description', 'comments': 'Comments', 'msrp': 'Price', 'labour_hours': 'Hours', 'trim_level': 
'Trim', 'model_number': 'Model', 'package': 'Package'}
[OUTPUT_MAPPER DEBUG] After rename, columns: ['Year', 'ModelName', 'Description', 'Part', 'dnet', 'Price', 
'labour_rate', 'Hours', 'Comments', 'trim_column', 'Trim', 'Model', 'Package', 'model_number_status']
[INFO] SHEET COMPLETE | sheet=2024_tucson | records_in=113 | records_out=1246
[INFO] SHEET START | sheet=2024_venue
[DEBUG] Group '2024_venue' (model 'venue'): routed to manufacturer 'Hyundai'
[DEBUG] Column mapping for '2024_venue': {'Model_Year_From': 'year_from', 'Model_Year_To': None, 'Model': 'model', 
'Trim_1': None, 'Trim_2': None, 'Trim_3': None, 'Accessory_Category_(EN)': None, 'Accessory_Group_(EN)': None, 
'Accessory_Description_(EN)': 'english_description', 'Accessory_Category_(FR)': None, 'Accessory_Group_(FR)': None, 
'Accessory_Description_(FR)': 'french_description', 'Part_Number': 'part_number', 'DNET': 'dnet', 'MSRP': 'msrp', 
'Labour_Rate': 'labour_rate', 'Suggested_Labour_Hours': 'labour_hours', 'Suggested_Base_Retail_Price_w/labour': None, 
'Yearly_Rate': None, 'Weekly_Rate': None, '#of_Payments': None, 'Weekly_Payment': None, 'Comments_(EN)': 
'comments_en', 'Comments_(FR)': 'comments_fr', 'New_Part_SOS': None, 'Outgoing_Part_Flag': None}
[INFO] Group '2024_venue': identified 3 trim column(s): ['Trim_1', 'Trim_2', 'Trim_3']
[DEBUG] Valid trim cols for '2024_venue': ['Trim_1', 'Trim_2', 'Trim_3']
[DEBUG] Group '2024_venue': extracted vehicle_year=2024
[DEBUG] 82 records -> 229 after melt
[INFO] Step 4.5: model_lookup enrichment | sheet='2024_venue'
[DEBUG] Group '2024_venue': Unique trims identified: ['Ess', 'Pref', 'Ult']
[DEBUG] Group '2024_venue': model_keywords from data=['venue'], fuel_type=None
[DEBUG] Group '2024_venue' trim 'Ess': Searching with keywords=['venue', 'ess']
[DEBUG] Translated keywords: ['venue', 'ess'] → ['venue', 'essential']
[DEBUG] Classified tokens: {'MODEL': ['venue'], 'TRIM': ['essential']}
[DEBUG] After filtering ignored categories []: {'MODEL': ['venue'], 'TRIM': ['essential']}
[DEBUG] After filtering excluded keywords ['combustion']: ['venue', 'essential']
[DEBUG] Score: 15 (minimum: 10)
[WARNING] Unclassified tokens: ['w/two-tone']
[DEBUG] TRIM matching (subset) narrowed to 2 candidates for searched TRIM: {'essential'}
[DEBUG] Database search returned 2 candidates
[DEBUG] Confidence: 0.00
[WARNING] Unclassified tokens: ['w/two-tone']
[WARNING] Unclassified tokens: ['w/two-tone']
[DEBUG] Resolved 2 candidates to 2 package variant(s) with packages [449815, 449816] (ignoring [])
[DEBUG]   [OK] Found model_number(s)=['VNCW5V1FES00', 'VNCW5V1FESTT'] package(s)=[449815, 449816] confidence=0.00 for 
Hyundai 2024 Ess
[DEBUG] Group '2024_venue' trim 'Pref': Searching with keywords=['venue', 'pref']
[DEBUG] Translated keywords: ['venue', 'pref'] → ['venue', 'preferred']
[DEBUG] Classified tokens: {'MODEL': ['venue'], 'TRIM': ['preferred']}
[DEBUG] After filtering ignored categories []: {'MODEL': ['venue'], 'TRIM': ['preferred']}
[DEBUG] After filtering excluded keywords ['combustion']: ['venue', 'preferred']
[DEBUG] Score: 15 (minimum: 10)
[WARNING] Unclassified tokens: ['w/two-tone']
[DEBUG] TRIM matching (subset) narrowed to 2 candidates for searched TRIM: {'preferred'}
[DEBUG] Database search returned 2 candidates
[DEBUG] Confidence: 0.00
[WARNING] Unclassified tokens: ['w/two-tone']
[WARNING] Unclassified tokens: ['w/two-tone']
[DEBUG] Resolved 2 candidates to 2 package variant(s) with packages [449817, 449818] (ignoring [])
[DEBUG]   [OK] Found model_number(s)=['VNCW5V1FPR00', 'VNCW5V1FPRTT'] package(s)=[449817, 449818] confidence=0.00 for 
Hyundai 2024 Pref
[DEBUG] Group '2024_venue' trim 'Ult': Searching with keywords=['venue', 'ult']
[DEBUG] Translated keywords: ['venue', 'ult'] → ['venue', 'ultimate']
[DEBUG] Classified tokens: {'MODEL': ['venue'], 'TRIM': ['ultimate']}
[DEBUG] After filtering ignored categories []: {'MODEL': ['venue'], 'TRIM': ['ultimate']}
[DEBUG] After filtering excluded keywords ['combustion']: ['venue', 'ultimate']
[DEBUG] Score: 15 (minimum: 10)
[WARNING] Unclassified tokens: ['w/black']
[WARNING] Unclassified tokens: ['w/denim']
[DEBUG] TRIM matching (subset) narrowed to 2 candidates for searched TRIM: {'ultimate'}
[DEBUG] Database search returned 2 candidates
[DEBUG] Confidence: 0.00
[WARNING] Unclassified tokens: ['w/black']
[WARNING] Unclassified tokens: ['w/denim']
[WARNING] Unclassified tokens: ['w/black']
[WARNING] Unclassified tokens: ['w/denim']
[DEBUG] Resolved 2 candidates to 2 package variant(s) with packages [449819, 449820] (ignoring [])
[DEBUG]   [OK] Found model_number(s)=['VNCW5V1FUL00', 'VNCW5V1FULCP'] package(s)=[449819, 449820] confidence=0.00 for 
Hyundai 2024 Ult
[DEBUG] Group '2024_venue': 458 total rows. 458 rows with model numbers, 0 rows with missing model numbers (empty 
ModelNumber for manual correction).
[DEBUG] Group '2024_venue': 458 total rows. 458 rows with model numbers, 0 rows with missing model numbers (empty 
ModelNumber for manual correction).
[OUTPUT_MAPPER DEBUG] Source columns: ['year_from', 'model', 'description', 'part_number', 'dnet', 'msrp', 
'labour_rate', 'labour_hours', 'comments', 'trim_column', 'trim_level', 'model_number', 'package', 
'model_number_status']
[OUTPUT_MAPPER DEBUG] Rename map: {'year_from': 'Year', 'model': 'ModelName', 'part_number': 'Part', 'description': 
'Description', 'comments': 'Comments', 'msrp': 'Price', 'labour_hours': 'Hours', 'trim_level': 'Trim', 'model_number': 
'Model', 'package': 'Package'}
[OUTPUT_MAPPER DEBUG] Required output columns: ['Year', 'ModelName', 'Part', 'Description', 'Comments', 'Price', 
'Hours', 'Trim', 'Model', 'Package']
[OUTPUT_MAPPER DEBUG] Rename subset (columns that exist): {'year_from': 'Year', 'model': 'ModelName', 'part_number': 
'Part', 'description': 'Description', 'comments': 'Comments', 'msrp': 'Price', 'labour_hours': 'Hours', 'trim_level': 
'Trim', 'model_number': 'Model', 'package': 'Package'}
[OUTPUT_MAPPER DEBUG] After rename, columns: ['Year', 'ModelName', 'Description', 'Part', 'dnet', 'Price', 
'labour_rate', 'Hours', 'Comments', 'trim_column', 'Trim', 'Model', 'Package', 'model_number_status']
[OUTPUT_MAPPER DEBUG] Source columns: ['year_from', 'model', 'description', 'part_number', 'dnet', 'msrp', 
'labour_rate', 'labour_hours', 'comments', 'trim_column', 'trim_level', 'model_number', 'package', 
'model_number_status']
[OUTPUT_MAPPER DEBUG] Rename map: {'year_from': 'Year', 'model': 'ModelName', 'part_number': 'Part', 'description': 
'Description', 'comments': 'Comments', 'msrp': 'Price', 'labour_hours': 'Hours', 'trim_level': 'Trim', 'model_number': 
'Model', 'package': 'Package'}
[OUTPUT_MAPPER DEBUG] Required output columns: ['Year', 'ModelName', 'Part', 'Description', 'Comments', 'Price', 
'Hours', 'Trim', 'Model', 'Package']
[OUTPUT_MAPPER DEBUG] Rename subset (columns that exist): {'year_from': 'Year', 'model': 'ModelName', 'part_number': 
'Part', 'description': 'Description', 'comments': 'Comments', 'msrp': 'Price', 'labour_hours': 'Hours', 'trim_level': 
'Trim', 'model_number': 'Model', 'package': 'Package'}
[OUTPUT_MAPPER DEBUG] After rename, columns: ['Year', 'ModelName', 'Description', 'Part', 'dnet', 'Price', 
'labour_rate', 'Hours', 'Comments', 'trim_column', 'Trim', 'Model', 'Package', 'model_number_status']
[INFO] SHEET COMPLETE | sheet=2024_venue | records_in=82 | records_out=916
[INFO] SHEET START | sheet=2025_elantra
[DEBUG] Group '2025_elantra' (model 'elantra'): routed to manufacturer 'Hyundai'
[DEBUG] Column mapping for '2025_elantra': {'Model_Year_From': 'year_from', 'Model_Year_To': None, 'Model': 'model', 
'Trim_1': None, 'Trim_2': None, 'Trim_3': None, 'Trim_4': None, 'Trim_5': None, 'Trim_6': None, 
'Accessory_Category_(EN)': None, 'Accessory_Group_(EN)': None, 'Accessory_Description_(EN)': 'english_description', 
'Accessory_Category_(FR)': None, 'Accessory_Group_(FR)': None, 'Accessory_Description_(FR)': 'french_description', 
'Part_Number': 'part_number', 'DNET': 'dnet', 'MSRP': 'msrp', 'Labour_Rate': 'labour_rate', 'Suggested_Labour_Hours': 
'labour_hours', 'Suggested_Base_Retail_Price_w/labour': None, 'Yearly_Rate': None, 'Weekly_Rate': None, 
'#of_Payments': None, 'Weekly_Payment': None, 'Comments_(EN)': 'comments_en', 'Comments_(FR)': 'comments_fr', 
'New_Part_SOS': None, 'Outgoing_Part_Flag': None, 'MAF_Update': None}
[INFO] Group '2025_elantra': identified 6 trim column(s): ['Trim_1', 'Trim_2', 'Trim_3', 'Trim_4', 'Trim_5', 'Trim_6']
[DEBUG] Valid trim cols for '2025_elantra': ['Trim_1', 'Trim_2', 'Trim_3', 'Trim_4', 'Trim_5', 'Trim_6']
[DEBUG] Group '2025_elantra': extracted vehicle_year=2025
[DEBUG] 94 records -> 423 after melt
[INFO] Step 4.5: model_lookup enrichment | sheet='2025_elantra'
[DEBUG] Group '2025_elantra': Unique trims identified: ['Ess', 'HEV', 'Lux', 'N', 'N-Line', 'Pref']
[DEBUG] Group '2025_elantra': model_keywords from data=['elantra'], fuel_type=None
[DEBUG] Group '2025_elantra' trim 'Ess': Searching with keywords=['elantra', 'ess']
[DEBUG] Translated keywords: ['elantra', 'ess'] → ['elantra', 'essential']
[DEBUG] Classified tokens: {'MODEL': ['elantra'], 'TRIM': ['essential']}
[DEBUG] After filtering ignored categories []: {'MODEL': ['elantra'], 'TRIM': ['essential']}
[DEBUG] After filtering excluded keywords ['combustion']: ['elantra', 'essential']
[DEBUG] Score: 15 (minimum: 10)
[DEBUG] Database search returned 1 candidates
[DEBUG] Confidence: 0.23
[DEBUG]   [OK] Found model_number(s)=['ELCS4V2BES00'] package(s)=[np.int64(462584)] confidence=0.23 for Hyundai 2025 
Ess
[DEBUG] Group '2025_elantra' trim 'HEV': Searching with keywords=['elantra', 'hev']
[DEBUG] Translated keywords: ['elantra', 'hev'] → ['elantra', 'hybrid']
[DEBUG] Classified tokens: {'MODEL': ['elantra'], 'ENGINE_TYPE': ['hybrid']}
[DEBUG] After filtering ignored categories []: {'MODEL': ['elantra'], 'ENGINE_TYPE': ['hybrid']}
[DEBUG] After filtering excluded keywords ['combustion']: ['elantra', 'hybrid']
[DEBUG] Score: 18 (minimum: 10)
[DEBUG] Database search returned 2 candidates
[DEBUG] Confidence: 0.00
[WARNING] Unclassified tokens: ['w/two-tone']
[WARNING] Unclassified tokens: ['w/two-tone']
[DEBUG] Resolved 2 candidates to 2 variant(s) by distinct Package [462706, 462707] (descriptions differ, ModelNumbers 
may repeat)
[DEBUG]   [OK] Found model_number(s)=['ELHS4T1BLUHE', 'ELHS4T1BLUHM'] package(s)=[462706, 462707] confidence=0.00 for 
Hyundai 2025 HEV
[DEBUG] Group '2025_elantra' trim 'Lux': Searching with keywords=['elantra', 'lux']
[DEBUG] Translated keywords: ['elantra', 'lux'] → ['elantra', 'luxury']
[DEBUG] Classified tokens: {'MODEL': ['elantra'], 'TRIM': ['luxury']}
[DEBUG] After filtering ignored categories []: {'MODEL': ['elantra'], 'TRIM': ['luxury']}
[DEBUG] After filtering excluded keywords ['combustion']: ['elantra', 'luxury']
[DEBUG] Score: 15 (minimum: 10)
[WARNING] Unclassified tokens: ['w/two-tone']
[DEBUG] TRIM matching (subset) narrowed to 2 candidates for searched TRIM: {'luxury'}
[DEBUG] Database search returned 2 candidates
[DEBUG] Confidence: 0.00
[WARNING] Unclassified tokens: ['w/two-tone']
[WARNING] Unclassified tokens: ['w/two-tone']
[DEBUG] Resolved 2 candidates to 2 variant(s) by distinct Package [462587, 462588] (descriptions differ, ModelNumbers 
may repeat)
[DEBUG]   [OK] Found model_number(s)=['ELCS4V2BLU00', 'ELCS4V2BLUME'] package(s)=[462587, 462588] confidence=0.00 for 
Hyundai 2025 Lux
[DEBUG] Group '2025_elantra' trim 'N': Searching with keywords=['elantra', 'n']
[DEBUG] Translated keywords: ['elantra', 'n'] → ['elantra', 'n']
[DEBUG] Classified tokens: {'MODEL': ['elantra'], 'TRIM_VARIANT': ['n']}
[DEBUG] After filtering ignored categories []: {'MODEL': ['elantra'], 'TRIM_VARIANT': ['n']}
[DEBUG] After filtering excluded keywords ['combustion']: ['elantra', 'n']
[DEBUG] Score: 16 (minimum: 10)
[DEBUG] Database search returned 2 candidates
[DEBUG] Confidence: 0.00
[DEBUG] Resolved 2 candidates to 2 variant(s) by distinct Package [462700, 462701] (descriptions differ, ModelNumbers 
may repeat)
[DEBUG]   [OK] Found model_number(s)=['ELCS472ANN00', 'ELCS4M2ANN00'] package(s)=[462700, 462701] confidence=0.00 for 
Hyundai 2025 N
[DEBUG] Group '2025_elantra' trim 'N-Line': Searching with keywords=['elantra', 'n-line']
[DEBUG] Translated keywords: ['elantra', 'n-line'] → ['elantra', 'n-line']
[DEBUG] Classified tokens: {'MODEL': ['elantra'], 'TRIM_VARIANT': ['n-line']}
[DEBUG] After filtering ignored categories []: {'MODEL': ['elantra'], 'TRIM_VARIANT': ['n-line']}
[DEBUG] After filtering excluded keywords ['combustion']: ['elantra', 'n-line']
[DEBUG] Score: 16 (minimum: 10)
[DEBUG] Database search returned 1 candidates
[DEBUG] Confidence: 0.25
[DEBUG]   [OK] Found model_number(s)=['ELCS4U1ANLUL'] package(s)=[np.int64(462589)] confidence=0.25 for Hyundai 2025 
N-Line
[DEBUG] Group '2025_elantra' trim 'Pref': Searching with keywords=['elantra', 'pref']
[DEBUG] Translated keywords: ['elantra', 'pref'] → ['elantra', 'preferred']
[DEBUG] Classified tokens: {'MODEL': ['elantra'], 'TRIM': ['preferred']}
[DEBUG] After filtering ignored categories []: {'MODEL': ['elantra'], 'TRIM': ['preferred']}
[DEBUG] After filtering excluded keywords ['combustion']: ['elantra', 'preferred']
[DEBUG] Score: 15 (minimum: 10)
[WARNING] Unclassified tokens: ['w/tech']
[DEBUG] TRIM matching (subset) narrowed to 2 candidates for searched TRIM: {'preferred'}
[DEBUG] Database search returned 2 candidates
[DEBUG] Confidence: 0.00
[WARNING] Unclassified tokens: ['w/tech']
[WARNING] Unclassified tokens: ['w/tech']
[DEBUG] Resolved 2 candidates to 2 variant(s) by distinct Package [462585, 462586] (descriptions differ, ModelNumbers 
may repeat)
[DEBUG]   [OK] Found model_number(s)=['ELCS4V2BPR00', 'ELCS4V2BPRTE'] package(s)=[462585, 462586] confidence=0.00 for 
Hyundai 2025 Pref
[DEBUG] Group '2025_elantra': 707 total rows. 707 rows with model numbers, 0 rows with missing model numbers (empty 
ModelNumber for manual correction).
[DEBUG] Group '2025_elantra': 707 total rows. 707 rows with model numbers, 0 rows with missing model numbers (empty 
ModelNumber for manual correction).
[OUTPUT_MAPPER DEBUG] Source columns: ['year_from', 'model', 'description', 'part_number', 'dnet', 'msrp', 
'labour_rate', 'labour_hours', 'comments', 'trim_column', 'trim_level', 'model_number', 'package', 
'model_number_status']
[OUTPUT_MAPPER DEBUG] Rename map: {'year_from': 'Year', 'model': 'ModelName', 'part_number': 'Part', 'description': 
'Description', 'comments': 'Comments', 'msrp': 'Price', 'labour_hours': 'Hours', 'trim_level': 'Trim', 'model_number': 
'Model', 'package': 'Package'}
[OUTPUT_MAPPER DEBUG] Required output columns: ['Year', 'ModelName', 'Part', 'Description', 'Comments', 'Price', 
'Hours', 'Trim', 'Model', 'Package']
[OUTPUT_MAPPER DEBUG] Rename subset (columns that exist): {'year_from': 'Year', 'model': 'ModelName', 'part_number': 
'Part', 'description': 'Description', 'comments': 'Comments', 'msrp': 'Price', 'labour_hours': 'Hours', 'trim_level': 
'Trim', 'model_number': 'Model', 'package': 'Package'}
[OUTPUT_MAPPER DEBUG] After rename, columns: ['Year', 'ModelName', 'Description', 'Part', 'dnet', 'Price', 
'labour_rate', 'Hours', 'Comments', 'trim_column', 'Trim', 'Model', 'Package', 'model_number_status']
[OUTPUT_MAPPER DEBUG] Source columns: ['year_from', 'model', 'description', 'part_number', 'dnet', 'msrp', 
'labour_rate', 'labour_hours', 'comments', 'trim_column', 'trim_level', 'model_number', 'package', 
'model_number_status']
[OUTPUT_MAPPER DEBUG] Rename map: {'year_from': 'Year', 'model': 'ModelName', 'part_number': 'Part', 'description': 
'Description', 'comments': 'Comments', 'msrp': 'Price', 'labour_hours': 'Hours', 'trim_level': 'Trim', 'model_number': 
'Model', 'package': 'Package'}
[OUTPUT_MAPPER DEBUG] Required output columns: ['Year', 'ModelName', 'Part', 'Description', 'Comments', 'Price', 
'Hours', 'Trim', 'Model', 'Package']
[OUTPUT_MAPPER DEBUG] Rename subset (columns that exist): {'year_from': 'Year', 'model': 'ModelName', 'part_number': 
'Part', 'description': 'Description', 'comments': 'Comments', 'msrp': 'Price', 'labour_hours': 'Hours', 'trim_level': 
'Trim', 'model_number': 'Model', 'package': 'Package'}
[OUTPUT_MAPPER DEBUG] After rename, columns: ['Year', 'ModelName', 'Description', 'Part', 'dnet', 'Price', 
'labour_rate', 'Hours', 'Comments', 'trim_column', 'Trim', 'Model', 'Package', 'model_number_status']
[INFO] SHEET COMPLETE | sheet=2025_elantra | records_in=94 | records_out=1414
[INFO] SHEET START | sheet=2025_ioniq_5
[DEBUG] Group '2025_ioniq_5' (model 'ioniq_5'): routed to manufacturer 'Hyundai'
[DEBUG] Column mapping for '2025_ioniq_5': {'Model_Year_From': 'year_from', 'Model_Year_To': None, 'Model': 'model', 
'Trim_1': None, 'Trim_2': None, 'Trim_3': None, 'Accessory_Category_(EN)': None, 'Accessory_Group_(EN)': None, 
'Accessory_Description_(EN)': 'english_description', 'Accessory_Category_(FR)': None, 'Accessory_Group_(FR)': None, 
'Accessory_Description_(FR)': 'french_description', 'Part_Number': 'part_number', 'DNET': 'dnet', 'MSRP': 'msrp', 
'Labour_Rate': 'labour_rate', 'Suggested_Labour_Hours': 'labour_hours', 'Suggested_Base_Retail_Price_w/labour': None, 
'Yearly_Rate': None, 'Weekly_Rate': None, '#of_Payments': None, 'Weekly_Payment': None, 'Comments_(EN)': 
'comments_en', 'Comments_(FR)': 'comments_fr', 'New_Part_SOS': None}
[INFO] Group '2025_ioniq_5': identified 3 trim column(s): ['Trim_1', 'Trim_2', 'Trim_3']
[DEBUG] Valid trim cols for '2025_ioniq_5': ['Trim_1', 'Trim_2', 'Trim_3']
[DEBUG] Group '2025_ioniq_5': extracted vehicle_year=2025
[DEBUG] 126 records -> 260 after melt
[INFO] Step 4.5: model_lookup enrichment | sheet='2025_ioniq_5'
[DEBUG] Group '2025_ioniq_5': Unique trims identified: ['N', 'Pref LR', 'Pref SR', 'Ult']
[DEBUG] [MERGE] Loading classification from: C:\Users\paxm\OneDrive - PBS SYSTEMS\Desktop\Office\Projects\OEM 
Accessory project\OEM_Accessories_v1\accy_v2\model_lookup\configs\hyundai\classification.yaml
[DEBUG] [MERGE] Found compound models: {'santa fe', 'santa cruz'}
[DEBUG] [MERGE] Result: ['ioniq', '5']
[DEBUG] Group '2025_ioniq_5': model_keywords from data=['ioniq', '5'], fuel_type=None
[INFO]   Model line 'ioniq_5' not in local db; attempting ADS refresh...
[INFO]   ADS returned 8 rows for Hyundai 2025 ioniq_5; saving to db...
[DEBUG] Group '2025_ioniq_5' trim 'N': Searching with keywords=['ioniq', '5', 'n']
[DEBUG] Translated keywords: ['ioniq', '5', 'n'] → ['ioniq', '5', 'n']
[WARNING] Unclassified tokens: ['5']
[DEBUG] Classified tokens: {'MODEL': ['ioniq'], 'TRIM_VARIANT': ['n']}
[DEBUG] After filtering ignored categories []: {'MODEL': ['ioniq'], 'TRIM_VARIANT': ['n']}
[DEBUG] After filtering excluded keywords ['combustion']: ['ioniq', 'n']
[DEBUG] Score: 16 (minimum: 10)
[DEBUG] Database search returned 1 candidates
[DEBUG] Confidence: 0.25
[DEBUG]   [OK] Found model_number(s)=['I5EW5ZE3NN00'] package(s)=[np.int64(456472)] confidence=0.25 for Hyundai 2025 N
[DEBUG] Group '2025_ioniq_5' trim 'Pref LR': Searching with keywords=['ioniq', '5', 'pref', 'lr']
[DEBUG] Translated keywords: ['ioniq', '5', 'pref', 'lr'] → ['ioniq', '5', 'preferred', 'lr']
[WARNING] Unclassified tokens: ['5', 'lr']
[DEBUG] Classified tokens: {'MODEL': ['ioniq'], 'TRIM': ['preferred']}
[DEBUG] After filtering ignored categories []: {'MODEL': ['ioniq'], 'TRIM': ['preferred']}
[DEBUG] After filtering excluded keywords ['combustion']: ['ioniq', 'preferred']
[DEBUG] Score: 15 (minimum: 10)
[WARNING] Unclassified tokens: ['long', 'range']
[WARNING] Unclassified tokens: ['long', 'range']
[WARNING] Unclassified tokens: ['long', 'range', 'w/ultimate']
[WARNING] Unclassified tokens: ['standard', 'range']
[WARNING] Unclassified tokens: ['long', 'range']
[WARNING] Unclassified tokens: ['long', 'range']
[WARNING] Unclassified tokens: ['long', 'range', 'w/ultimate']
[DEBUG] TRIM matching (exact) narrowed to 7 candidates for searched TRIM: {'preferred'}
[DEBUG] Database search returned 7 candidates
[DEBUG] Confidence: 0.00
[WARNING] Unclassified tokens: ['long', 'range']
[WARNING] Unclassified tokens: ['long', 'range']
[WARNING] Unclassified tokens: ['long', 'range', 'w/ultimate']
[WARNING] Unclassified tokens: ['standard', 'range']
[WARNING] Unclassified tokens: ['long', 'range']
[WARNING] Unclassified tokens: ['long', 'range']
[WARNING] Unclassified tokens: ['long', 'range', 'w/ultimate']
[WARNING] Unclassified tokens: ['long', 'range']
[WARNING] Unclassified tokens: ['long', 'range']
[WARNING] Unclassified tokens: ['long', 'range', 'w/ultimate']
[WARNING] Unclassified tokens: ['standard', 'range']
[WARNING] Unclassified tokens: ['long', 'range']
[WARNING] Unclassified tokens: ['long', 'range']
[WARNING] Unclassified tokens: ['long', 'range', 'w/ultimate']
[DEBUG] Resolved 7 candidates to 7 variant(s) by distinct Package [469170, 469171, 469172, 469173, 462828, 462829, 
462830] (descriptions differ, ModelNumbers may repeat)
[DEBUG]   [OK] Found model_number(s)=['I5EW5ZE4PRLR', 'I5EW5ZE2PRLR', 'I5EW5ZE2PRUP', 'I5EW5ZE4PRPR', 'I6ES4ZE4PRLR', 
'I6ES4ZE2PRLR', 'I6ES4ZE2PRUP'] package(s)=[469170, 469171, 469172, 469173, 462828, 462829, 462830] confidence=0.00 
for Hyundai 2025 Pref LR
[DEBUG] Group '2025_ioniq_5' trim 'Pref SR': Searching with keywords=['ioniq', '5', 'pref', 'sr']
[DEBUG] Translated keywords: ['ioniq', '5', 'pref', 'sr'] → ['ioniq', '5', 'preferred', 'sr']
[WARNING] Unclassified tokens: ['5', 'sr']
[DEBUG] Classified tokens: {'MODEL': ['ioniq'], 'TRIM': ['preferred']}
[DEBUG] After filtering ignored categories []: {'MODEL': ['ioniq'], 'TRIM': ['preferred']}
[DEBUG] After filtering excluded keywords ['combustion']: ['ioniq', 'preferred']
[DEBUG] Score: 15 (minimum: 10)
[WARNING] Unclassified tokens: ['long', 'range']
[WARNING] Unclassified tokens: ['long', 'range']
[WARNING] Unclassified tokens: ['long', 'range', 'w/ultimate']
[WARNING] Unclassified tokens: ['standard', 'range']
[WARNING] Unclassified tokens: ['long', 'range']
[WARNING] Unclassified tokens: ['long', 'range']
[WARNING] Unclassified tokens: ['long', 'range', 'w/ultimate']
[DEBUG] TRIM matching (exact) narrowed to 7 candidates for searched TRIM: {'preferred'}
[DEBUG] Database search returned 7 candidates
[DEBUG] Confidence: 0.00
[WARNING] Unclassified tokens: ['long', 'range']
[WARNING] Unclassified tokens: ['long', 'range']
[WARNING] Unclassified tokens: ['long', 'range', 'w/ultimate']
[WARNING] Unclassified tokens: ['standard', 'range']
[WARNING] Unclassified tokens: ['long', 'range']
[WARNING] Unclassified tokens: ['long', 'range']
[WARNING] Unclassified tokens: ['long', 'range', 'w/ultimate']
[WARNING] Unclassified tokens: ['long', 'range']
[WARNING] Unclassified tokens: ['long', 'range']
[WARNING] Unclassified tokens: ['long', 'range', 'w/ultimate']
[WARNING] Unclassified tokens: ['standard', 'range']
[WARNING] Unclassified tokens: ['long', 'range']
[WARNING] Unclassified tokens: ['long', 'range']
[WARNING] Unclassified tokens: ['long', 'range', 'w/ultimate']
[DEBUG] Resolved 7 candidates to 7 variant(s) by distinct Package [469170, 469171, 469172, 469173, 462828, 462829, 
462830] (descriptions differ, ModelNumbers may repeat)
[DEBUG]   [OK] Found model_number(s)=['I5EW5ZE4PRLR', 'I5EW5ZE2PRLR', 'I5EW5ZE2PRUP', 'I5EW5ZE4PRPR', 'I6ES4ZE4PRLR', 
'I6ES4ZE2PRLR', 'I6ES4ZE2PRUP'] package(s)=[469170, 469171, 469172, 469173, 462828, 462829, 462830] confidence=0.00 
for Hyundai 2025 Pref SR
[DEBUG] Group '2025_ioniq_5' trim 'Ult': Searching with keywords=['ioniq', '5', 'ult']
[DEBUG] Translated keywords: ['ioniq', '5', 'ult'] → ['ioniq', '5', 'ultimate']
[WARNING] Unclassified tokens: ['5']
[DEBUG] Classified tokens: {'MODEL': ['ioniq'], 'TRIM': ['ultimate']}
[DEBUG] After filtering ignored categories []: {'MODEL': ['ioniq'], 'TRIM': ['ultimate']}
[DEBUG] After filtering excluded keywords ['combustion']: ['ioniq', 'ultimate']
[DEBUG] Score: 15 (minimum: 10)
[WARNING] Unclassified tokens: ['long', 'range', 'w/ultimate']
[WARNING] Unclassified tokens: ['long', 'range', 'w/ultimate']
[DEBUG] Database search returned 2 candidates
[DEBUG] Confidence: 0.00
[WARNING] Unclassified tokens: ['long', 'range', 'w/ultimate']
[WARNING] Unclassified tokens: ['long', 'range', 'w/ultimate']
[WARNING] Unclassified tokens: ['long', 'range', 'w/ultimate']
[WARNING] Unclassified tokens: ['long', 'range', 'w/ultimate']
[DEBUG] Resolved 2 candidates to 2 package variant(s) with packages [469172, 462830] (ignoring [])
[DEBUG]   [OK] Found model_number(s)=['I5EW5ZE2PRUP', 'I6ES4ZE2PRUP'] package(s)=[469172, 462830] confidence=0.00 for 
Hyundai 2025 Ult
[DEBUG] Group '2025_ioniq_5': 1171 total rows. 1171 rows with model numbers, 0 rows with missing model numbers (empty 
ModelNumber for manual correction).
[DEBUG] Group '2025_ioniq_5': 1171 total rows. 1171 rows with model numbers, 0 rows with missing model numbers (empty 
ModelNumber for manual correction).
[OUTPUT_MAPPER DEBUG] Source columns: ['year_from', 'model', 'description', 'part_number', 'dnet', 'msrp', 
'labour_rate', 'labour_hours', 'comments', 'trim_column', 'trim_level', 'model_number', 'package', 
'model_number_status']
[OUTPUT_MAPPER DEBUG] Rename map: {'year_from': 'Year', 'model': 'ModelName', 'part_number': 'Part', 'description': 
'Description', 'comments': 'Comments', 'msrp': 'Price', 'labour_hours': 'Hours', 'trim_level': 'Trim', 'model_number': 
'Model', 'package': 'Package'}
[OUTPUT_MAPPER DEBUG] Required output columns: ['Year', 'ModelName', 'Part', 'Description', 'Comments', 'Price', 
'Hours', 'Trim', 'Model', 'Package']
[OUTPUT_MAPPER DEBUG] Rename subset (columns that exist): {'year_from': 'Year', 'model': 'ModelName', 'part_number': 
'Part', 'description': 'Description', 'comments': 'Comments', 'msrp': 'Price', 'labour_hours': 'Hours', 'trim_level': 
'Trim', 'model_number': 'Model', 'package': 'Package'}
[OUTPUT_MAPPER DEBUG] After rename, columns: ['Year', 'ModelName', 'Description', 'Part', 'dnet', 'Price', 
'labour_rate', 'Hours', 'Comments', 'trim_column', 'Trim', 'Model', 'Package', 'model_number_status']
[OUTPUT_MAPPER DEBUG] Source columns: ['year_from', 'model', 'description', 'part_number', 'dnet', 'msrp', 
'labour_rate', 'labour_hours', 'comments', 'trim_column', 'trim_level', 'model_number', 'package', 
'model_number_status']
[OUTPUT_MAPPER DEBUG] Rename map: {'year_from': 'Year', 'model': 'ModelName', 'part_number': 'Part', 'description': 
'Description', 'comments': 'Comments', 'msrp': 'Price', 'labour_hours': 'Hours', 'trim_level': 'Trim', 'model_number': 
'Model', 'package': 'Package'}
[OUTPUT_MAPPER DEBUG] Required output columns: ['Year', 'ModelName', 'Part', 'Description', 'Comments', 'Price', 
'Hours', 'Trim', 'Model', 'Package']
[OUTPUT_MAPPER DEBUG] Rename subset (columns that exist): {'year_from': 'Year', 'model': 'ModelName', 'part_number': 
'Part', 'description': 'Description', 'comments': 'Comments', 'msrp': 'Price', 'labour_hours': 'Hours', 'trim_level': 
'Trim', 'model_number': 'Model', 'package': 'Package'}
[OUTPUT_MAPPER DEBUG] After rename, columns: ['Year', 'ModelName', 'Description', 'Part', 'dnet', 'Price', 
'labour_rate', 'Hours', 'Comments', 'trim_column', 'Trim', 'Model', 'Package', 'model_number_status']
[INFO] SHEET COMPLETE | sheet=2025_ioniq_5 | records_in=126 | records_out=2342
[INFO] SHEET START | sheet=2025_ioniq_6
[DEBUG] Group '2025_ioniq_6' (model 'ioniq_6'): routed to manufacturer 'Hyundai'
[DEBUG] Column mapping for '2025_ioniq_6': {'Model_Year_From': 'year_from', 'Model_Year_To': None, 'Model': 'model', 
'Trim_1': None, 'Trim_2': None, 'Accessory_Category_(EN)': None, 'Accessory_Group_(EN)': None, 
'Accessory_Description_(EN)': 'english_description', 'Accessory_Category_(FR)': None, 'Accessory_Group_(FR)': None, 
'Accessory_Description_(FR)': 'french_description', 'Part_Number': 'part_number', 'DNET': 'dnet', 'MSRP': 'msrp', 
'Labour_Rate': 'labour_rate', 'Suggested_Labour_Hours': 'labour_hours', 'Suggested_Base_Retail_Price_w/labour': None, 
'Yearly_Rate': None, 'Weekly_Rate': None, '#of_Payments': None, 'Weekly_Payment': None, 'Comments_(EN)': 
'comments_en', 'Comments_(FR)': 'comments_fr', 'New_Part_SOS': None, 'Outgoing_Part_Flag': None}
[INFO] Group '2025_ioniq_6': identified 2 trim column(s): ['Trim_1', 'Trim_2']
[DEBUG] Valid trim cols for '2025_ioniq_6': ['Trim_1', 'Trim_2']
[DEBUG] Group '2025_ioniq_6': extracted vehicle_year=2025
[DEBUG] 40 records -> 79 after melt
[INFO] Step 4.5: model_lookup enrichment | sheet='2025_ioniq_6'
[DEBUG] Group '2025_ioniq_6': Unique trims identified: ['Pref', 'Ult']
[DEBUG] [MERGE] Loading classification from: C:\Users\paxm\OneDrive - PBS SYSTEMS\Desktop\Office\Projects\OEM 
Accessory project\OEM_Accessories_v1\accy_v2\model_lookup\configs\hyundai\classification.yaml
[DEBUG] [MERGE] Found compound models: {'santa fe', 'santa cruz'}
[DEBUG] [MERGE] Result: ['ioniq', '6']
[DEBUG] Group '2025_ioniq_6': model_keywords from data=['ioniq', '6'], fuel_type=None
[INFO]   Model line 'ioniq_6' not in local db; attempting ADS refresh...
[INFO]   ADS returned 8 rows for Hyundai 2025 ioniq_6; saving to db...
[DEBUG] Group '2025_ioniq_6' trim 'Pref': Searching with keywords=['ioniq', '6', 'pref']
[DEBUG] Translated keywords: ['ioniq', '6', 'pref'] → ['ioniq', '6', 'preferred']
[WARNING] Unclassified tokens: ['6']
[DEBUG] Classified tokens: {'MODEL': ['ioniq'], 'TRIM': ['preferred']}
[DEBUG] After filtering ignored categories []: {'MODEL': ['ioniq'], 'TRIM': ['preferred']}
[DEBUG] After filtering excluded keywords ['combustion']: ['ioniq', 'preferred']
[DEBUG] Score: 15 (minimum: 10)
[WARNING] Unclassified tokens: ['long', 'range']
[WARNING] Unclassified tokens: ['long', 'range']
[WARNING] Unclassified tokens: ['long', 'range', 'w/ultimate']
[WARNING] Unclassified tokens: ['standard', 'range']
[WARNING] Unclassified tokens: ['long', 'range']
[WARNING] Unclassified tokens: ['long', 'range']
[WARNING] Unclassified tokens: ['long', 'range', 'w/ultimate']
[DEBUG] TRIM matching (exact) narrowed to 7 candidates for searched TRIM: {'preferred'}
[DEBUG] Database search returned 7 candidates
[DEBUG] Confidence: 0.00
[WARNING] Unclassified tokens: ['long', 'range']
[WARNING] Unclassified tokens: ['long', 'range']
[WARNING] Unclassified tokens: ['long', 'range', 'w/ultimate']
[WARNING] Unclassified tokens: ['standard', 'range']
[WARNING] Unclassified tokens: ['long', 'range']
[WARNING] Unclassified tokens: ['long', 'range']
[WARNING] Unclassified tokens: ['long', 'range', 'w/ultimate']
[WARNING] Unclassified tokens: ['long', 'range']
[WARNING] Unclassified tokens: ['long', 'range']
[WARNING] Unclassified tokens: ['long', 'range', 'w/ultimate']
[WARNING] Unclassified tokens: ['standard', 'range']
[WARNING] Unclassified tokens: ['long', 'range']
[WARNING] Unclassified tokens: ['long', 'range']
[WARNING] Unclassified tokens: ['long', 'range', 'w/ultimate']
[DEBUG] Resolved 7 candidates to 7 variant(s) by distinct Package [469170, 469171, 469172, 469173, 462828, 462829, 
462830] (descriptions differ, ModelNumbers may repeat)
[DEBUG]   [OK] Found model_number(s)=['I5EW5ZE4PRLR', 'I5EW5ZE2PRLR', 'I5EW5ZE2PRUP', 'I5EW5ZE4PRPR', 'I6ES4ZE4PRLR', 
'I6ES4ZE2PRLR', 'I6ES4ZE2PRUP'] package(s)=[469170, 469171, 469172, 469173, 462828, 462829, 462830] confidence=0.00 
for Hyundai 2025 Pref
[DEBUG] Group '2025_ioniq_6' trim 'Ult': Searching with keywords=['ioniq', '6', 'ult']
[DEBUG] Translated keywords: ['ioniq', '6', 'ult'] → ['ioniq', '6', 'ultimate']
[WARNING] Unclassified tokens: ['6']
[DEBUG] Classified tokens: {'MODEL': ['ioniq'], 'TRIM': ['ultimate']}
[DEBUG] After filtering ignored categories []: {'MODEL': ['ioniq'], 'TRIM': ['ultimate']}
[DEBUG] After filtering excluded keywords ['combustion']: ['ioniq', 'ultimate']
[DEBUG] Score: 15 (minimum: 10)
[WARNING] Unclassified tokens: ['long', 'range', 'w/ultimate']
[WARNING] Unclassified tokens: ['long', 'range', 'w/ultimate']
[DEBUG] Database search returned 2 candidates
[DEBUG] Confidence: 0.00
[WARNING] Unclassified tokens: ['long', 'range', 'w/ultimate']
[WARNING] Unclassified tokens: ['long', 'range', 'w/ultimate']
[WARNING] Unclassified tokens: ['long', 'range', 'w/ultimate']
[WARNING] Unclassified tokens: ['long', 'range', 'w/ultimate']
[DEBUG] Resolved 2 candidates to 2 package variant(s) with packages [469172, 462830] (ignoring [])
[DEBUG]   [OK] Found model_number(s)=['I5EW5ZE2PRUP', 'I6ES4ZE2PRUP'] package(s)=[469172, 462830] confidence=0.00 for 
Hyundai 2025 Ult
[DEBUG] Group '2025_ioniq_6': 358 total rows. 358 rows with model numbers, 0 rows with missing model numbers (empty 
ModelNumber for manual correction).
[DEBUG] Group '2025_ioniq_6': 358 total rows. 358 rows with model numbers, 0 rows with missing model numbers (empty 
ModelNumber for manual correction).
[OUTPUT_MAPPER DEBUG] Source columns: ['year_from', 'model', 'description', 'part_number', 'dnet', 'msrp', 
'labour_rate', 'labour_hours', 'comments', 'trim_column', 'trim_level', 'model_number', 'package', 
'model_number_status']
[OUTPUT_MAPPER DEBUG] Rename map: {'year_from': 'Year', 'model': 'ModelName', 'part_number': 'Part', 'description': 
'Description', 'comments': 'Comments', 'msrp': 'Price', 'labour_hours': 'Hours', 'trim_level': 'Trim', 'model_number': 
'Model', 'package': 'Package'}
[OUTPUT_MAPPER DEBUG] Required output columns: ['Year', 'ModelName', 'Part', 'Description', 'Comments', 'Price', 
'Hours', 'Trim', 'Model', 'Package']
[OUTPUT_MAPPER DEBUG] Rename subset (columns that exist): {'year_from': 'Year', 'model': 'ModelName', 'part_number': 
'Part', 'description': 'Description', 'comments': 'Comments', 'msrp': 'Price', 'labour_hours': 'Hours', 'trim_level': 
'Trim', 'model_number': 'Model', 'package': 'Package'}
[OUTPUT_MAPPER DEBUG] After rename, columns: ['Year', 'ModelName', 'Description', 'Part', 'dnet', 'Price', 
'labour_rate', 'Hours', 'Comments', 'trim_column', 'Trim', 'Model', 'Package', 'model_number_status']
[OUTPUT_MAPPER DEBUG] Source columns: ['year_from', 'model', 'description', 'part_number', 'dnet', 'msrp', 
'labour_rate', 'labour_hours', 'comments', 'trim_column', 'trim_level', 'model_number', 'package', 
'model_number_status']
[OUTPUT_MAPPER DEBUG] Rename map: {'year_from': 'Year', 'model': 'ModelName', 'part_number': 'Part', 'description': 
'Description', 'comments': 'Comments', 'msrp': 'Price', 'labour_hours': 'Hours', 'trim_level': 'Trim', 'model_number': 
'Model', 'package': 'Package'}
[OUTPUT_MAPPER DEBUG] Required output columns: ['Year', 'ModelName', 'Part', 'Description', 'Comments', 'Price', 
'Hours', 'Trim', 'Model', 'Package']
[OUTPUT_MAPPER DEBUG] Rename subset (columns that exist): {'year_from': 'Year', 'model': 'ModelName', 'part_number': 
'Part', 'description': 'Description', 'comments': 'Comments', 'msrp': 'Price', 'labour_hours': 'Hours', 'trim_level': 
'Trim', 'model_number': 'Model', 'package': 'Package'}
[OUTPUT_MAPPER DEBUG] After rename, columns: ['Year', 'ModelName', 'Description', 'Part', 'dnet', 'Price', 
'labour_rate', 'Hours', 'Comments', 'trim_column', 'Trim', 'Model', 'Package', 'model_number_status']
[INFO] SHEET COMPLETE | sheet=2025_ioniq_6 | records_in=40 | records_out=716
[INFO] SHEET START | sheet=2025_kona
[DEBUG] Group '2025_kona' (model 'kona'): routed to manufacturer 'Hyundai'
[DEBUG] Column mapping for '2025_kona': {'Model_Year_From': 'year_from', 'Model_Year_To': None, 'Model': 'model', 
'Trim_1': None, 'Trim_2': None, 'Trim_3': None, 'Trim_4': None, 'Trim_5': None, 'Trim_6': None, 
'Accessory_Category_(EN)': None, 'Accessory_Group_(EN)': None, 'Accessory_Description_(EN)': 'english_description', 
'Accessory_Category_(FR)': None, 'Accessory_Group_(FR)': None, 'Accessory_Description_(FR)': 'french_description', 
'Part_Number': 'part_number', 'DNET': 'dnet', 'MSRP': 'msrp', 'Labour_Rate': 'labour_rate', 'Suggested_Labour_Hours': 
'labour_hours', 'Suggested_Base_Retail_Price_w/labour': None, 'Yearly_Rate': None, 'Weekly_Rate': None, 
'#of_Payments': None, 'Weekly_Payment': None, 'Comments_(EN)': 'comments_en', 'Comments_(FR)': 'comments_fr', 
'New_Part_SOS': None, 'Outgoing_Part_Flag': None}
[INFO] Group '2025_kona': identified 6 trim column(s): ['Trim_1', 'Trim_2', 'Trim_3', 'Trim_4', 'Trim_5', 'Trim_6']
[DEBUG] Valid trim cols for '2025_kona': ['Trim_1', 'Trim_2', 'Trim_3', 'Trim_4', 'Trim_5', 'Trim_6']
[DEBUG] Group '2025_kona': extracted vehicle_year=2025
[DEBUG] 90 records -> 485 after melt
[INFO] Step 4.5: model_lookup enrichment | sheet='2025_kona'
[DEBUG] Group '2025_kona': Unique trims identified: ['Ess', 'N-Line', 'N-Line Ult', 'Pref', 'Sport', 'Trend']
[DEBUG] Group '2025_kona': model_keywords from data=['kona'], fuel_type=None
[DEBUG] Group '2025_kona' trim 'Ess': Searching with keywords=['kona', 'ess']
[DEBUG] Translated keywords: ['kona', 'ess'] → ['kona', 'essential']
[DEBUG] Classified tokens: {'MODEL': ['kona'], 'TRIM': ['essential']}
[DEBUG] After filtering ignored categories []: {'MODEL': ['kona'], 'TRIM': ['essential']}
[DEBUG] After filtering excluded keywords ['combustion']: ['kona', 'essential']
[DEBUG] Score: 15 (minimum: 10)
[DEBUG] TRIM matching (exact) narrowed to 2 candidates for searched TRIM: {'essential'}
[DEBUG] Database search returned 2 candidates
[DEBUG] Confidence: 0.00
[DEBUG] Resolved 2 candidates to 2 variant(s) by distinct Package [461888, 461890] (descriptions differ, ModelNumbers 
may repeat)
[DEBUG]   [OK] Found model_number(s)=['KOCW5V2BES00', 'KOCW5Q2BES00'] package(s)=[461888, 461890] confidence=0.00 for 
Hyundai 2025 Ess
[DEBUG] Group '2025_kona' trim 'N-Line': Searching with keywords=['kona', 'n-line']
[DEBUG] Translated keywords: ['kona', 'n-line'] → ['kona', 'n-line']
[DEBUG] Classified tokens: {'MODEL': ['kona'], 'TRIM_VARIANT': ['n-line']}
[DEBUG] After filtering ignored categories []: {'MODEL': ['kona'], 'TRIM_VARIANT': ['n-line']}
[DEBUG] After filtering excluded keywords ['combustion']: ['kona', 'n-line']
[DEBUG] Score: 16 (minimum: 10)
[DEBUG] Database search returned 4 candidates
[DEBUG] Confidence: 0.00
[WARNING] Unclassified tokens: ['w/two-tone', 'roof']
[WARNING] Unclassified tokens: ['w/two-tone', 'roof']
[WARNING] Unclassified tokens: ['w/two-tone', 'roof']
[WARNING] Unclassified tokens: ['w/two-tone', 'roof']
[DEBUG] Resolved 4 candidates to 4 variant(s) by distinct Package [461893, 461894, 461895, 461896] (descriptions 
differ, ModelNumbers may repeat)
[DEBUG]   [OK] Found model_number(s)=['KOCW5K1ANL00', 'KOCW5K1ANLTT', 'KOCW5K1ANLUL', 'KOCW5K1ANLBA'] 
package(s)=[461893, 461894, 461895, 461896] confidence=0.00 for Hyundai 2025 N-Line
[DEBUG] Group '2025_kona' trim 'N-Line Ult': Searching with keywords=['kona', 'n-line', 'ult']
[DEBUG] Translated keywords: ['kona', 'n-line', 'ult'] → ['kona', 'n-line', 'ultimate']
[DEBUG] Classified tokens: {'MODEL': ['kona'], 'TRIM_VARIANT': ['n-line'], 'TRIM': ['ultimate']}
[DEBUG] After filtering ignored categories []: {'MODEL': ['kona'], 'TRIM_VARIANT': ['n-line'], 'TRIM': ['ultimate']}
[DEBUG] After filtering excluded keywords ['combustion']: ['kona', 'n-line', 'ultimate']
[DEBUG] Score: 21 (minimum: 10)
[WARNING] Unclassified tokens: ['w/two-tone', 'roof']
[DEBUG] TRIM matching (exact) narrowed to 2 candidates for searched TRIM: {'ultimate'}
[DEBUG] Database search returned 2 candidates
[DEBUG] Confidence: 0.00
[WARNING] Unclassified tokens: ['w/two-tone', 'roof']
[WARNING] Unclassified tokens: ['w/two-tone', 'roof']
[DEBUG] Resolved 2 candidates to 2 package variant(s) with packages [461895, 461896] (ignoring [])
[DEBUG]   [OK] Found model_number(s)=['KOCW5K1ANLUL', 'KOCW5K1ANLBA'] package(s)=[461895, 461896] confidence=0.00 for 
Hyundai 2025 N-Line Ult
[DEBUG] Group '2025_kona' trim 'Pref': Searching with keywords=['kona', 'pref']
[DEBUG] Translated keywords: ['kona', 'pref'] → ['kona', 'preferred']
[DEBUG] Classified tokens: {'MODEL': ['kona'], 'TRIM': ['preferred']}
[DEBUG] After filtering ignored categories []: {'MODEL': ['kona'], 'TRIM': ['preferred']}
[DEBUG] After filtering excluded keywords ['combustion']: ['kona', 'preferred']
[DEBUG] Score: 15 (minimum: 10)
[WARNING] Unclassified tokens: ['w/trend']
[DEBUG] TRIM matching (exact) narrowed to 3 candidates for searched TRIM: {'preferred'}
[DEBUG] Database search returned 3 candidates
[DEBUG] Confidence: 0.00
[WARNING] Unclassified tokens: ['w/trend']
[WARNING] Unclassified tokens: ['w/trend']
[DEBUG] Resolved 3 candidates to 3 variant(s) by distinct Package [461889, 461891, 461892] (descriptions differ, 
ModelNumbers may repeat)
[DEBUG]   [OK] Found model_number(s)=['KOCW5V2BPR00', 'KOCW5Q2BPR00', 'KOCW5Q2BPRTR'] package(s)=[461889, 461891, 
461892] confidence=0.00 for Hyundai 2025 Pref
[DEBUG] Group '2025_kona' trim 'Sport': Searching with keywords=['kona', 'sport']
[DEBUG] Translated keywords: ['kona', 'sport'] → ['kona', 'sport']
[DEBUG] Classified tokens: {'MODEL': ['kona'], 'TRIM': ['sport']}
[DEBUG] After filtering ignored categories []: {'MODEL': ['kona'], 'TRIM': ['sport']}
[DEBUG] After filtering excluded keywords ['combustion']: ['kona', 'sport']
[DEBUG] Score: 15 (minimum: 10)
[DEBUG] Database search returned 1 candidates
[DEBUG] Confidence: 0.23
[DEBUG]   [OK] Found model_number(s)=['KOCW5K1APRSP'] package(s)=[np.int64(461897)] confidence=0.23 for Hyundai 2025 
Sport
[DEBUG] Group '2025_kona' trim 'Trend': Searching with keywords=['kona', 'trend']
[DEBUG] Translated keywords: ['kona', 'trend'] → ['kona', 'trend']
[DEBUG] Classified tokens: {'MODEL': ['kona'], 'TRIM': ['trend']}
[DEBUG] After filtering ignored categories []: {'MODEL': ['kona'], 'TRIM': ['trend']}
[DEBUG] After filtering excluded keywords ['combustion']: ['kona', 'trend']
[DEBUG] Score: 15 (minimum: 10)
[DEBUG] Database search returned 1 candidates
[DEBUG] Confidence: 0.23
[DEBUG]   [OK] Found model_number(s)=['KOCW5Q2BPRTR'] package(s)=[np.int64(461892)] confidence=0.23 for Hyundai 2025 
Trend
[DEBUG] Group '2025_kona': 1054 total rows. 1054 rows with model numbers, 0 rows with missing model numbers (empty 
ModelNumber for manual correction).
[DEBUG] Group '2025_kona': 1054 total rows. 1054 rows with model numbers, 0 rows with missing model numbers (empty 
ModelNumber for manual correction).
[OUTPUT_MAPPER DEBUG] Source columns: ['year_from', 'model', 'description', 'part_number', 'dnet', 'msrp', 
'labour_rate', 'labour_hours', 'comments', 'trim_column', 'trim_level', 'model_number', 'package', 
'model_number_status']
[OUTPUT_MAPPER DEBUG] Rename map: {'year_from': 'Year', 'model': 'ModelName', 'part_number': 'Part', 'description': 
'Description', 'comments': 'Comments', 'msrp': 'Price', 'labour_hours': 'Hours', 'trim_level': 'Trim', 'model_number': 
'Model', 'package': 'Package'}
[OUTPUT_MAPPER DEBUG] Required output columns: ['Year', 'ModelName', 'Part', 'Description', 'Comments', 'Price', 
'Hours', 'Trim', 'Model', 'Package']
[OUTPUT_MAPPER DEBUG] Rename subset (columns that exist): {'year_from': 'Year', 'model': 'ModelName', 'part_number': 
'Part', 'description': 'Description', 'comments': 'Comments', 'msrp': 'Price', 'labour_hours': 'Hours', 'trim_level': 
'Trim', 'model_number': 'Model', 'package': 'Package'}
[OUTPUT_MAPPER DEBUG] After rename, columns: ['Year', 'ModelName', 'Description', 'Part', 'dnet', 'Price', 
'labour_rate', 'Hours', 'Comments', 'trim_column', 'Trim', 'Model', 'Package', 'model_number_status']
[OUTPUT_MAPPER DEBUG] Source columns: ['year_from', 'model', 'description', 'part_number', 'dnet', 'msrp', 
'labour_rate', 'labour_hours', 'comments', 'trim_column', 'trim_level', 'model_number', 'package', 
'model_number_status']
[OUTPUT_MAPPER DEBUG] Rename map: {'year_from': 'Year', 'model': 'ModelName', 'part_number': 'Part', 'description': 
'Description', 'comments': 'Comments', 'msrp': 'Price', 'labour_hours': 'Hours', 'trim_level': 'Trim', 'model_number': 
'Model', 'package': 'Package'}
[OUTPUT_MAPPER DEBUG] Required output columns: ['Year', 'ModelName', 'Part', 'Description', 'Comments', 'Price', 
'Hours', 'Trim', 'Model', 'Package']
[OUTPUT_MAPPER DEBUG] Rename subset (columns that exist): {'year_from': 'Year', 'model': 'ModelName', 'part_number': 
'Part', 'description': 'Description', 'comments': 'Comments', 'msrp': 'Price', 'labour_hours': 'Hours', 'trim_level': 
'Trim', 'model_number': 'Model', 'package': 'Package'}
[OUTPUT_MAPPER DEBUG] After rename, columns: ['Year', 'ModelName', 'Description', 'Part', 'dnet', 'Price', 
'labour_rate', 'Hours', 'Comments', 'trim_column', 'Trim', 'Model', 'Package', 'model_number_status']
[INFO] SHEET COMPLETE | sheet=2025_kona | records_in=90 | records_out=2108
[INFO] SHEET START | sheet=2025_kona_ev
[DEBUG] Group '2025_kona_ev' (model 'kona_ev'): routed to manufacturer 'Hyundai'
[DEBUG] Column mapping for '2025_kona_ev': {'Model_Year_From': 'year_from', 'Model_Year_To': None, 'Model': 'model', 
'Trim_1': None, 'Trim_2': None, 'Trim_3': None, 'Trim_4': None, 'Accessory_Category_(EN)': None, 
'Accessory_Group_(EN)': None, 'Accessory_Description_(EN)': 'english_description', 'Accessory_Category_(FR)': None, 
'Accessory_Group_(FR)': None, 'Accessory_Description_(FR)': 'french_description', 'Part_Number': 'part_number', 
'DNET': 'dnet', 'MSRP': 'msrp', 'Labour_Rate': 'labour_rate', 'Suggested_Labour_Hours': 'labour_hours', 
'Suggested_Base_Retail_Price_w/labour': None, 'Yearly_Rate': None, 'Weekly_Rate': None, '#of_Payments': None, 
'Weekly_Payment': None, 'Comments_(EN)': 'comments_en', 'Comments_(FR)': 'comments_fr', 'New_Part_SOS': None, 
'Outgoing_Part_Flag': None}
[INFO] Group '2025_kona_ev': identified 4 trim column(s): ['Trim_1', 'Trim_2', 'Trim_3', 'Trim_4']
[DEBUG] Valid trim cols for '2025_kona_ev': ['Trim_1', 'Trim_2', 'Trim_3', 'Trim_4']
[DEBUG] Group '2025_kona_ev': extracted vehicle_year=2025
[DEBUG] 77 records -> 286 after melt
[INFO] Step 4.5: model_lookup enrichment | sheet='2025_kona_ev'
[DEBUG] Group '2025_kona_ev': Unique trims identified: ['N-Line Ult', 'Pref', 'Trend', 'Ult']
[DEBUG] [MERGE] Loading classification from: C:\Users\paxm\OneDrive - PBS SYSTEMS\Desktop\Office\Projects\OEM 
Accessory project\OEM_Accessories_v1\accy_v2\model_lookup\configs\hyundai\classification.yaml
[DEBUG] [MERGE] Found compound models: {'santa fe', 'santa cruz'}
[DEBUG] [MERGE] Result: ['kona', 'ev']
[DEBUG] Group '2025_kona_ev': model_keywords from data=['kona', 'ev'], fuel_type=None
[INFO]   Model line 'kona_ev' not in local db; attempting ADS refresh...
mapper | HYUNDAI | KEEW5ZE4PR00 | Keyword 'electric' found but NOT in translator. Returning keyword as-is.
mapper | HYUNDAI | KE2SEFEME400 | Keyword 'electric' found but NOT in translator. Returning keyword as-is.
mapper | HYUNDAI | KE2SEFEME466 | Keyword 'electric' found but NOT in translator. Returning keyword as-is.
mapper | HYUNDAI | KE2SEFEME4BF | Keyword 'electric' found but NOT in translator. Returning keyword as-is.
mapper | HYUNDAI | KEEW5ZE4PRTR | Keyword 'electric' found but NOT in translator. Returning keyword as-is.
mapper | HYUNDAI | KE2SEFEMEO20 | Keyword 'electric' found but NOT in translator. Returning keyword as-is.
mapper | HYUNDAI | KEEW5ZE4PRUP | Keyword 'electric' found but NOT in translator. Returning keyword as-is.
mapper | HYUNDAI | KEEW5ZE4PRUT | Keyword 'electric' found but NOT in translator. Returning keyword as-is.
mapper | HYUNDAI | KEEW5ZE4PRUG | Keyword 'electric' found but NOT in translator. Returning keyword as-is.
mapper | HYUNDAI | KEEW5ZE4PRNU | Keyword 'electric' found but NOT in translator. Returning keyword as-is.
[INFO]   ADS returned 20 rows for Hyundai 2025 kona_ev; saving to db...
[DEBUG] Group '2025_kona_ev' trim 'N-Line Ult': Searching with keywords=['kona', 'ev', 'n-line', 'ult']
[DEBUG] Translated keywords: ['kona', 'ev', 'n-line', 'ult'] → ['kona', 'electric', 'n-line', 'ultimate']
[DEBUG] Classified tokens: {'MODEL': ['kona'], 'ENGINE_TYPE': ['electric'], 'TRIM_VARIANT': ['n-line'], 'TRIM': 
['ultimate']}
[DEBUG] After filtering ignored categories []: {'MODEL': ['kona'], 'ENGINE_TYPE': ['electric'], 'TRIM_VARIANT': 
['n-line'], 'TRIM': ['ultimate']}
[DEBUG] After filtering excluded keywords ['combustion']: ['kona', 'electric', 'n-line', 'ultimate']
[DEBUG] Score: 29 (minimum: 10)
[WARNING] Unclassified tokens: ['*ltd', 'avail*']
[WARNING] Unclassified tokens: ['w/n-line']
[DEBUG] TRIM matching (exact) narrowed to 1 candidates for searched TRIM: {'ultimate'}
[DEBUG] Database search returned 1 candidates
[DEBUG] Confidence: 0.45
[DEBUG]   [OK] Found model_number(s)=['KE2SEFEMEO20'] package(s)=[np.int64(461937)] confidence=0.45 for Hyundai 2025 
N-Line Ult
[DEBUG] Group '2025_kona_ev' trim 'Pref': Searching with keywords=['kona', 'ev', 'pref']
[DEBUG] Translated keywords: ['kona', 'ev', 'pref'] → ['kona', 'electric', 'preferred']
[DEBUG] Classified tokens: {'MODEL': ['kona'], 'ENGINE_TYPE': ['electric'], 'TRIM': ['preferred']}
[DEBUG] After filtering ignored categories []: {'MODEL': ['kona'], 'ENGINE_TYPE': ['electric'], 'TRIM': ['preferred']}
[DEBUG] After filtering excluded keywords ['combustion']: ['kona', 'electric', 'preferred']
[DEBUG] Score: 23 (minimum: 10)
[WARNING] Unclassified tokens: ['w/trend']
[WARNING] Unclassified tokens: ['w/ultimate']
[WARNING] Unclassified tokens: ['w/ultimate']
[WARNING] Unclassified tokens: ['w/ultimate', 'green']
[WARNING] Unclassified tokens: ['w/n-line']
[DEBUG] TRIM matching (exact) narrowed to 5 candidates for searched TRIM: {'preferred'}
[DEBUG] Database search returned 5 candidates
[DEBUG] Confidence: 0.00
[WARNING] Unclassified tokens: ['w/trend']
[WARNING] Unclassified tokens: ['w/ultimate']
[WARNING] Unclassified tokens: ['w/ultimate']
[WARNING] Unclassified tokens: ['w/ultimate', 'green']
[WARNING] Unclassified tokens: ['w/trend']
[WARNING] Unclassified tokens: ['w/ultimate']
[WARNING] Unclassified tokens: ['w/ultimate']
[WARNING] Unclassified tokens: ['w/ultimate', 'green']
[DEBUG] Resolved 5 candidates to 5 variant(s) by distinct Package [461932, 461936, 462604, 462605, 462606] 
(descriptions differ, ModelNumbers may repeat)
[DEBUG]   [OK] Found model_number(s)=['KEEW5ZE4PR00', 'KEEW5ZE4PRTR', 'KEEW5ZE4PRUP', 'KEEW5ZE4PRUT', 'KEEW5ZE4PRUG'] 
package(s)=[461932, 461936, 462604, 462605, 462606] confidence=0.00 for Hyundai 2025 Pref
[DEBUG] Group '2025_kona_ev' trim 'Trend': Searching with keywords=['kona', 'ev', 'trend']
[DEBUG] Translated keywords: ['kona', 'ev', 'trend'] → ['kona', 'electric', 'trend']
[DEBUG] Classified tokens: {'MODEL': ['kona'], 'ENGINE_TYPE': ['electric'], 'TRIM': ['trend']}
[DEBUG] After filtering ignored categories []: {'MODEL': ['kona'], 'ENGINE_TYPE': ['electric'], 'TRIM': ['trend']}
[DEBUG] After filtering excluded keywords ['combustion']: ['kona', 'electric', 'trend']
[DEBUG] Score: 23 (minimum: 10)
[DEBUG] Database search returned 1 candidates
[DEBUG] Confidence: 0.36
[DEBUG]   [OK] Found model_number(s)=['KEEW5ZE4PRTR'] package(s)=[np.int64(461936)] confidence=0.36 for Hyundai 2025 
Trend
[DEBUG] Group '2025_kona_ev' trim 'Ult': Searching with keywords=['kona', 'ev', 'ult']
[DEBUG] Translated keywords: ['kona', 'ev', 'ult'] → ['kona', 'electric', 'ultimate']
[DEBUG] Classified tokens: {'MODEL': ['kona'], 'ENGINE_TYPE': ['electric'], 'TRIM': ['ultimate']}
[DEBUG] After filtering ignored categories []: {'MODEL': ['kona'], 'ENGINE_TYPE': ['electric'], 'TRIM': ['ultimate']}
[DEBUG] After filtering excluded keywords ['combustion']: ['kona', 'electric', 'ultimate']
[DEBUG] Score: 23 (minimum: 10)
[WARNING] Unclassified tokens: ['*ltd', 'avail*']
[WARNING] Unclassified tokens: ['w/two-tone', '*ltd', 'avail*']
[WARNING] Unclassified tokens: ['w/sage-green', '*ltd', 'avail*']
[WARNING] Unclassified tokens: ['*ltd', 'avail*']
[WARNING] Unclassified tokens: ['w/ultimate']
[WARNING] Unclassified tokens: ['w/ultimate']
[WARNING] Unclassified tokens: ['w/ultimate', 'green']
[WARNING] Unclassified tokens: ['w/n-line']
[DEBUG] TRIM matching (exact) narrowed to 4 candidates for searched TRIM: {'ultimate'}
[DEBUG] Database search returned 4 candidates
[DEBUG] Confidence: 0.00
[WARNING] Unclassified tokens: ['*ltd', 'avail*']
[WARNING] Unclassified tokens: ['w/two-tone', '*ltd', 'avail*']
[WARNING] Unclassified tokens: ['w/sage-green', '*ltd', 'avail*']
[WARNING] Unclassified tokens: ['*ltd', 'avail*']
[WARNING] Unclassified tokens: ['*ltd', 'avail*']
[WARNING] Unclassified tokens: ['w/two-tone', '*ltd', 'avail*']
[WARNING] Unclassified tokens: ['w/sage-green', '*ltd', 'avail*']
[WARNING] Unclassified tokens: ['*ltd', 'avail*']
[DEBUG] Resolved 4 candidates to 4 variant(s) by distinct Package [461933, 461934, 461935, 461937] (descriptions 
differ, ModelNumbers may repeat)
[DEBUG]   [OK] Found model_number(s)=['KE2SEFEME400', 'KE2SEFEME466', 'KE2SEFEME4BF', 'KE2SEFEMEO20'] 
package(s)=[461933, 461934, 461935, 461937] confidence=0.00 for Hyundai 2025 Ult
[DEBUG] Group '2025_kona_ev': 806 total rows. 806 rows with model numbers, 0 rows with missing model numbers (empty 
ModelNumber for manual correction).
[DEBUG] Group '2025_kona_ev': 806 total rows. 806 rows with model numbers, 0 rows with missing model numbers (empty 
ModelNumber for manual correction).
[OUTPUT_MAPPER DEBUG] Source columns: ['year_from', 'model', 'description', 'part_number', 'dnet', 'msrp', 
'labour_rate', 'labour_hours', 'comments', 'trim_column', 'trim_level', 'model_number', 'package', 
'model_number_status']
[OUTPUT_MAPPER DEBUG] Rename map: {'year_from': 'Year', 'model': 'ModelName', 'part_number': 'Part', 'description': 
'Description', 'comments': 'Comments', 'msrp': 'Price', 'labour_hours': 'Hours', 'trim_level': 'Trim', 'model_number': 
'Model', 'package': 'Package'}
[OUTPUT_MAPPER DEBUG] Required output columns: ['Year', 'ModelName', 'Part', 'Description', 'Comments', 'Price', 
'Hours', 'Trim', 'Model', 'Package']
[OUTPUT_MAPPER DEBUG] Rename subset (columns that exist): {'year_from': 'Year', 'model': 'ModelName', 'part_number': 
'Part', 'description': 'Description', 'comments': 'Comments', 'msrp': 'Price', 'labour_hours': 'Hours', 'trim_level': 
'Trim', 'model_number': 'Model', 'package': 'Package'}
[OUTPUT_MAPPER DEBUG] After rename, columns: ['Year', 'ModelName', 'Description', 'Part', 'dnet', 'Price', 
'labour_rate', 'Hours', 'Comments', 'trim_column', 'Trim', 'Model', 'Package', 'model_number_status']
[OUTPUT_MAPPER DEBUG] Source columns: ['year_from', 'model', 'description', 'part_number', 'dnet', 'msrp', 
'labour_rate', 'labour_hours', 'comments', 'trim_column', 'trim_level', 'model_number', 'package', 
'model_number_status']
[OUTPUT_MAPPER DEBUG] Rename map: {'year_from': 'Year', 'model': 'ModelName', 'part_number': 'Part', 'description': 
'Description', 'comments': 'Comments', 'msrp': 'Price', 'labour_hours': 'Hours', 'trim_level': 'Trim', 'model_number': 
'Model', 'package': 'Package'}
[OUTPUT_MAPPER DEBUG] Required output columns: ['Year', 'ModelName', 'Part', 'Description', 'Comments', 'Price', 
'Hours', 'Trim', 'Model', 'Package']
[OUTPUT_MAPPER DEBUG] Rename subset (columns that exist): {'year_from': 'Year', 'model': 'ModelName', 'part_number': 
'Part', 'description': 'Description', 'comments': 'Comments', 'msrp': 'Price', 'labour_hours': 'Hours', 'trim_level': 
'Trim', 'model_number': 'Model', 'package': 'Package'}
[OUTPUT_MAPPER DEBUG] After rename, columns: ['Year', 'ModelName', 'Description', 'Part', 'dnet', 'Price', 
'labour_rate', 'Hours', 'Comments', 'trim_column', 'Trim', 'Model', 'Package', 'model_number_status']
[INFO] SHEET COMPLETE | sheet=2025_kona_ev | records_in=77 | records_out=1612
[INFO] SHEET START | sheet=2025_palisade
[DEBUG] Group '2025_palisade' (model 'palisade'): routed to manufacturer 'Hyundai'
[DEBUG] Column mapping for '2025_palisade': {'Model_Year_From': 'year_from', 'Model_Year_To': None, 'Model': 'model', 
'Trim_1': None, 'Trim_2': None, 'Trim_3': None, 'Accessory_Category_(EN)': None, 'Accessory_Group_(EN)': None, 
'Accessory_Description_(EN)': 'english_description', 'Accessory_Category_(FR)': None, 'Accessory_Group_(FR)': None, 
'Accessory_Description_(FR)': 'french_description', 'Part_Number': 'part_number', 'DNET': 'dnet', 'MSRP': 'msrp', 
'Labour_Rate': 'labour_rate', 'Suggested_Labour_Hours': 'labour_hours', 'Suggested_Base_Retail_Price_w/labour': None, 
'Yearly_Rate': None, 'Weekly_Rate': None, '#of_Payments': None, 'Weekly_Payment': None, 'Comments_(EN)': 
'comments_en', 'Comments_(FR)': 'comments_fr', 'New_Part_SOS': None, 'Outgoing_Part_Flag': None}
[INFO] Group '2025_palisade': identified 3 trim column(s): ['Trim_1', 'Trim_2', 'Trim_3']
[DEBUG] Valid trim cols for '2025_palisade': ['Trim_1', 'Trim_2', 'Trim_3']
[DEBUG] Group '2025_palisade': extracted vehicle_year=2025
[DEBUG] 95 records -> 270 after melt
[INFO] Step 4.5: model_lookup enrichment | sheet='2025_palisade'
[DEBUG] Group '2025_palisade': Unique trims identified: ['Calli', 'Pref', 'Urban']
[DEBUG] Group '2025_palisade': model_keywords from data=['palisade'], fuel_type=None
[DEBUG] Group '2025_palisade' trim 'Calli': Searching with keywords=['palisade', 'calli']
[DEBUG] Translated keywords: ['palisade', 'calli'] → ['palisade', 'calligraphy']
[DEBUG] Classified tokens: {'MODEL': ['palisade'], 'TRIM': ['calligraphy']}
[DEBUG] After filtering ignored categories []: {'MODEL': ['palisade'], 'TRIM': ['calligraphy']}
[DEBUG] After filtering excluded keywords ['combustion']: ['palisade', 'calligraphy']
[DEBUG] Score: 15 (minimum: 10)
[WARNING] Unclassified tokens: ['w/beige']
[DEBUG] TRIM matching (subset) narrowed to 3 candidates for searched TRIM: {'calligraphy'}
[DEBUG] Database search returned 3 candidates
[DEBUG] Confidence: 0.00
[WARNING] Unclassified tokens: ['w/beige']
[WARNING] Unclassified tokens: ['w/beige']
[DEBUG] Resolved 3 candidates to 3 variant(s) by distinct Package [456018, 456019, 456020] (descriptions differ, 
ModelNumbers may repeat)
[DEBUG]   [OK] Found model_number(s)=['PACW7K3DULC7', 'PACW7K3DULCB', 'PACW7K3DULCN'] package(s)=[456018, 456019, 
456020] confidence=0.00 for Hyundai 2025 Calli
[DEBUG] Group '2025_palisade' trim 'Pref': Searching with keywords=['palisade', 'pref']
[DEBUG] Translated keywords: ['palisade', 'pref'] → ['palisade', 'preferred']
[DEBUG] Classified tokens: {'MODEL': ['palisade'], 'TRIM': ['preferred']}
[DEBUG] After filtering ignored categories []: {'MODEL': ['palisade'], 'TRIM': ['preferred']}
[DEBUG] After filtering excluded keywords ['combustion']: ['palisade', 'preferred']
[DEBUG] Score: 15 (minimum: 10)
[DEBUG] Database search returned 1 candidates
[DEBUG] Confidence: 0.23
[DEBUG]   [OK] Found model_number(s)=['PACW8K3DPR00'] package(s)=[np.int64(460576)] confidence=0.23 for Hyundai 2025 
Pref
[DEBUG] Group '2025_palisade' trim 'Urban': Searching with keywords=['palisade', 'urban']
[DEBUG] Translated keywords: ['palisade', 'urban'] → ['palisade', 'urban']
[DEBUG] Classified tokens: {'MODEL': ['palisade'], 'TRIM': ['urban']}
[DEBUG] After filtering ignored categories []: {'MODEL': ['palisade'], 'TRIM': ['urban']}
[DEBUG] After filtering excluded keywords ['combustion']: ['palisade', 'urban']
[DEBUG] Score: 15 (minimum: 10)
[DEBUG] TRIM matching (exact) narrowed to 2 candidates for searched TRIM: {'urban'}
[DEBUG] Database search returned 2 candidates
[DEBUG] Confidence: 0.00
[DEBUG] Resolved 2 candidates to 2 variant(s) by distinct Package [456016, 456017] (descriptions differ, ModelNumbers 
may repeat)
[DEBUG]   [OK] Found model_number(s)=['PACW8K3DUR00', 'PACW7K3DUR91'] package(s)=[456016, 456017] confidence=0.00 for 
Hyundai 2025 Urban
[DEBUG] Group '2025_palisade': 543 total rows. 543 rows with model numbers, 0 rows with missing model numbers (empty 
ModelNumber for manual correction).
[DEBUG] Group '2025_palisade': 543 total rows. 543 rows with model numbers, 0 rows with missing model numbers (empty 
ModelNumber for manual correction).
[OUTPUT_MAPPER DEBUG] Source columns: ['year_from', 'model', 'description', 'part_number', 'dnet', 'msrp', 
'labour_rate', 'labour_hours', 'comments', 'trim_column', 'trim_level', 'model_number', 'package', 
'model_number_status']
[OUTPUT_MAPPER DEBUG] Rename map: {'year_from': 'Year', 'model': 'ModelName', 'part_number': 'Part', 'description': 
'Description', 'comments': 'Comments', 'msrp': 'Price', 'labour_hours': 'Hours', 'trim_level': 'Trim', 'model_number': 
'Model', 'package': 'Package'}
[OUTPUT_MAPPER DEBUG] Required output columns: ['Year', 'ModelName', 'Part', 'Description', 'Comments', 'Price', 
'Hours', 'Trim', 'Model', 'Package']
[OUTPUT_MAPPER DEBUG] Rename subset (columns that exist): {'year_from': 'Year', 'model': 'ModelName', 'part_number': 
'Part', 'description': 'Description', 'comments': 'Comments', 'msrp': 'Price', 'labour_hours': 'Hours', 'trim_level': 
'Trim', 'model_number': 'Model', 'package': 'Package'}
[OUTPUT_MAPPER DEBUG] After rename, columns: ['Year', 'ModelName', 'Description', 'Part', 'dnet', 'Price', 
'labour_rate', 'Hours', 'Comments', 'trim_column', 'Trim', 'Model', 'Package', 'model_number_status']
[OUTPUT_MAPPER DEBUG] Source columns: ['year_from', 'model', 'description', 'part_number', 'dnet', 'msrp', 
'labour_rate', 'labour_hours', 'comments', 'trim_column', 'trim_level', 'model_number', 'package', 
'model_number_status']
[OUTPUT_MAPPER DEBUG] Rename map: {'year_from': 'Year', 'model': 'ModelName', 'part_number': 'Part', 'description': 
'Description', 'comments': 'Comments', 'msrp': 'Price', 'labour_hours': 'Hours', 'trim_level': 'Trim', 'model_number': 
'Model', 'package': 'Package'}
[OUTPUT_MAPPER DEBUG] Required output columns: ['Year', 'ModelName', 'Part', 'Description', 'Comments', 'Price', 
'Hours', 'Trim', 'Model', 'Package']
[OUTPUT_MAPPER DEBUG] Rename subset (columns that exist): {'year_from': 'Year', 'model': 'ModelName', 'part_number': 
'Part', 'description': 'Description', 'comments': 'Comments', 'msrp': 'Price', 'labour_hours': 'Hours', 'trim_level': 
'Trim', 'model_number': 'Model', 'package': 'Package'}
[OUTPUT_MAPPER DEBUG] After rename, columns: ['Year', 'ModelName', 'Description', 'Part', 'dnet', 'Price', 
'labour_rate', 'Hours', 'Comments', 'trim_column', 'Trim', 'Model', 'Package', 'model_number_status']
[INFO] SHEET COMPLETE | sheet=2025_palisade | records_in=95 | records_out=1086
[INFO] SHEET START | sheet=2025_santa_cruz
[DEBUG] Group '2025_santa_cruz' (model 'santa_cruz'): routed to manufacturer 'Hyundai'
[DEBUG] Column mapping for '2025_santa_cruz': {'Model_Year_From': 'year_from', 'Model_Year_To': None, 'Model': 
'model', 'Trim_1': None, 'Trim_2': None, 'Trim_3': None, 'Accessory_Category_(EN)': None, 'Accessory_Group_(EN)': 
None, 'Accessory_Description_(EN)': 'english_description', 'Accessory_Category_(FR)': None, 'Accessory_Group_(FR)': 
None, 'Accessory_Description_(FR)': 'french_description', 'Part_Number': 'part_number', 'DNET': 'dnet', 'MSRP': 
'msrp', 'Labour_Rate': 'labour_rate', 'Suggested_Labour_Hours': 'labour_hours', 
'Suggested_Base_Retail_Price_w/labour': None, 'Yearly_Rate': None, 'Weekly_Rate': None, '#of_Payments': None, 
'Weekly_Payment': None, 'Comments_(EN)': 'comments_en', 'Comments_(FR)': 'comments_fr', 'New_Part_SOS': None, 
'Outgoing_Part_Flag': None}
[INFO] Group '2025_santa_cruz': identified 3 trim column(s): ['Trim_1', 'Trim_2', 'Trim_3']
[DEBUG] Valid trim cols for '2025_santa_cruz': ['Trim_1', 'Trim_2', 'Trim_3']
[DEBUG] Group '2025_santa_cruz': extracted vehicle_year=2025
[DEBUG] 97 records -> 282 after melt
[INFO] Step 4.5: model_lookup enrichment | sheet='2025_santa_cruz'
[DEBUG] Group '2025_santa_cruz': Unique trims identified: ['Pref', 'Ult', 'XRT']
[DEBUG] [MERGE] Loading classification from: C:\Users\paxm\OneDrive - PBS SYSTEMS\Desktop\Office\Projects\OEM 
Accessory project\OEM_Accessories_v1\accy_v2\model_lookup\configs\hyundai\classification.yaml
[DEBUG] [MERGE] Found compound models: {'santa fe', 'santa cruz'}
[DEBUG] [MERGE] Merged ['santa', 'cruz'] -> 'santa cruz'
[DEBUG] [MERGE] Result: ['santa cruz']
[DEBUG] Group '2025_santa_cruz': model_keywords from data=['santa cruz'], fuel_type=None
[INFO]   Model line 'santa_cruz' not in local db; attempting ADS refresh...
[INFO]   ADS returned 4 rows for Hyundai 2025 santa_cruz; saving to db...
[DEBUG] Group '2025_santa_cruz' trim 'Pref': Searching with keywords=['santa cruz', 'pref']
[DEBUG] Translated keywords: ['santa cruz', 'pref'] → ['santa cruz', 'preferred']
[DEBUG] Classified tokens: {'MODEL': ['santa cruz'], 'TRIM': ['preferred']}
[DEBUG] After filtering ignored categories []: {'MODEL': ['santa cruz'], 'TRIM': ['preferred']}
[DEBUG] After filtering excluded keywords ['combustion']: ['santa cruz', 'preferred']
[DEBUG] Score: 15 (minimum: 10)
[DEBUG] Database search returned 1 candidates
[DEBUG] Confidence: 0.23
[DEBUG]   [OK] Found model_number(s)=['SZCP5N2DPR00'] package(s)=[np.int64(463873)] confidence=0.23 for Hyundai 2025 
Pref
[DEBUG] Group '2025_santa_cruz' trim 'Ult': Searching with keywords=['santa cruz', 'ult']
[DEBUG] Translated keywords: ['santa cruz', 'ult'] → ['santa cruz', 'ultimate']
[DEBUG] Classified tokens: {'MODEL': ['santa cruz'], 'TRIM': ['ultimate']}
[DEBUG] After filtering ignored categories []: {'MODEL': ['santa cruz'], 'TRIM': ['ultimate']}
[DEBUG] After filtering excluded keywords ['combustion']: ['santa cruz', 'ultimate']
[DEBUG] Score: 15 (minimum: 10)
[WARNING] Unclassified tokens: ['w/colour']
[DEBUG] TRIM matching (exact) narrowed to 2 candidates for searched TRIM: {'ultimate'}
[DEBUG] Database search returned 2 candidates
[DEBUG] Confidence: 0.00
[WARNING] Unclassified tokens: ['w/colour']
[WARNING] Unclassified tokens: ['w/colour']
[DEBUG] Resolved 2 candidates to 2 variant(s) by distinct Package [463874, 463875] (descriptions differ, ModelNumbers 
may repeat)
[DEBUG]   [OK] Found model_number(s)=['SZCP5N2DUL00', 'SZCP5N2DUL95'] package(s)=[463874, 463875] confidence=0.00 for 
Hyundai 2025 Ult
[DEBUG] Group '2025_santa_cruz' trim 'XRT': Searching with keywords=['santa cruz', 'xrt']
[DEBUG] Translated keywords: ['santa cruz', 'xrt'] → ['santa cruz', 'xrt']
[DEBUG] Classified tokens: {'MODEL': ['santa cruz'], 'TRIM': ['xrt']}
[DEBUG] After filtering ignored categories []: {'MODEL': ['santa cruz'], 'TRIM': ['xrt']}
[DEBUG] After filtering excluded keywords ['combustion']: ['santa cruz', 'xrt']
[DEBUG] Score: 15 (minimum: 10)
[DEBUG] Database search returned 1 candidates
[DEBUG] Confidence: 0.23
[DEBUG]   [OK] Found model_number(s)=['SZCP5N2DXR00'] package(s)=[np.int64(463876)] confidence=0.23 for Hyundai 2025 
XRT
[DEBUG] Group '2025_santa_cruz': 377 total rows. 377 rows with model numbers, 0 rows with missing model numbers (empty 
ModelNumber for manual correction).
[DEBUG] Group '2025_santa_cruz': 377 total rows. 377 rows with model numbers, 0 rows with missing model numbers (empty 
ModelNumber for manual correction).
[OUTPUT_MAPPER DEBUG] Source columns: ['year_from', 'model', 'description', 'part_number', 'dnet', 'msrp', 
'labour_rate', 'labour_hours', 'comments', 'trim_column', 'trim_level', 'model_number', 'package', 
'model_number_status']
[OUTPUT_MAPPER DEBUG] Rename map: {'year_from': 'Year', 'model': 'ModelName', 'part_number': 'Part', 'description': 
'Description', 'comments': 'Comments', 'msrp': 'Price', 'labour_hours': 'Hours', 'trim_level': 'Trim', 'model_number': 
'Model', 'package': 'Package'}
[OUTPUT_MAPPER DEBUG] Required output columns: ['Year', 'ModelName', 'Part', 'Description', 'Comments', 'Price', 
'Hours', 'Trim', 'Model', 'Package']
[OUTPUT_MAPPER DEBUG] Rename subset (columns that exist): {'year_from': 'Year', 'model': 'ModelName', 'part_number': 
'Part', 'description': 'Description', 'comments': 'Comments', 'msrp': 'Price', 'labour_hours': 'Hours', 'trim_level': 
'Trim', 'model_number': 'Model', 'package': 'Package'}
[OUTPUT_MAPPER DEBUG] After rename, columns: ['Year', 'ModelName', 'Description', 'Part', 'dnet', 'Price', 
'labour_rate', 'Hours', 'Comments', 'trim_column', 'Trim', 'Model', 'Package', 'model_number_status']
[OUTPUT_MAPPER DEBUG] Source columns: ['year_from', 'model', 'description', 'part_number', 'dnet', 'msrp', 
'labour_rate', 'labour_hours', 'comments', 'trim_column', 'trim_level', 'model_number', 'package', 
'model_number_status']
[OUTPUT_MAPPER DEBUG] Rename map: {'year_from': 'Year', 'model': 'ModelName', 'part_number': 'Part', 'description': 
'Description', 'comments': 'Comments', 'msrp': 'Price', 'labour_hours': 'Hours', 'trim_level': 'Trim', 'model_number': 
'Model', 'package': 'Package'}
[OUTPUT_MAPPER DEBUG] Required output columns: ['Year', 'ModelName', 'Part', 'Description', 'Comments', 'Price', 
'Hours', 'Trim', 'Model', 'Package']
[OUTPUT_MAPPER DEBUG] Rename subset (columns that exist): {'year_from': 'Year', 'model': 'ModelName', 'part_number': 
'Part', 'description': 'Description', 'comments': 'Comments', 'msrp': 'Price', 'labour_hours': 'Hours', 'trim_level': 
'Trim', 'model_number': 'Model', 'package': 'Package'}
[OUTPUT_MAPPER DEBUG] After rename, columns: ['Year', 'ModelName', 'Description', 'Part', 'dnet', 'Price', 
'labour_rate', 'Hours', 'Comments', 'trim_column', 'Trim', 'Model', 'Package', 'model_number_status']
[INFO] SHEET COMPLETE | sheet=2025_santa_cruz | records_in=97 | records_out=754
[INFO] SHEET START | sheet=2025_santa_fe
[DEBUG] Group '2025_santa_fe' (model 'santa_fe'): routed to manufacturer 'Hyundai'
[DEBUG] Column mapping for '2025_santa_fe': {'Model_Year_From': 'year_from', 'Model_Year_To': None, 'Model': 'model', 
'Trim_1': None, 'Trim_2': None, 'Trim_3': None, 'Trim_4': None, 'Trim_5': None, 'Accessory_Category_(EN)': None, 
'Accessory_Group_(EN)': None, 'Accessory_Description_(EN)': 'english_description', 'Accessory_Category_(FR)': None, 
'Accessory_Group_(FR)': None, 'Accessory_Description_(FR)': 'french_description', 'Part_Number': 'part_number', 
'DNET': 'dnet', 'MSRP': 'msrp', 'Labour_Rate': 'labour_rate', 'Suggested_Labour_Hours': 'labour_hours', 
'Suggested_Base_Retail_Price_w/labour': None, 'Yearly_Rate': None, 'Weekly_Rate': None, '#of_Payments': None, 
'Weekly_Payment': None, 'Comments_(EN)': 'comments_en', 'Comments_(FR)': 'comments_fr', 'New_Part_SOS': None, 
'Outgoing_Part_Flag': None, 'MAF_Update': None}
[INFO] Group '2025_santa_fe': identified 5 trim column(s): ['Trim_1', 'Trim_2', 'Trim_3', 'Trim_4', 'Trim_5']
[DEBUG] Valid trim cols for '2025_santa_fe': ['Trim_1', 'Trim_2', 'Trim_3', 'Trim_4', 'Trim_5']
[DEBUG] Group '2025_santa_fe': extracted vehicle_year=2025
[DEBUG] 108 records -> 456 after melt
[INFO] Step 4.5: model_lookup enrichment | sheet='2025_santa_fe'
[DEBUG] Group '2025_santa_fe': Unique trims identified: ['Lux', 'Pref HEV', 'Pref HEV w/ Trend', 'Ult Calli', 'XRT']
[DEBUG] [MERGE] Loading classification from: C:\Users\paxm\OneDrive - PBS SYSTEMS\Desktop\Office\Projects\OEM 
Accessory project\OEM_Accessories_v1\accy_v2\model_lookup\configs\hyundai\classification.yaml
[DEBUG] [MERGE] Found compound models: {'santa fe', 'santa cruz'}
[DEBUG] [MERGE] Merged ['santa', 'fe'] -> 'santa fe'
[DEBUG] [MERGE] Result: ['santa fe']
[DEBUG] Group '2025_santa_fe': model_keywords from data=['santa fe'], fuel_type=None
[INFO]   Model line 'santa_fe' not in local db; attempting ADS refresh...
mapper | HYUNDAI | SAHW7G1APRHE | Keyword 'hybrid' found but NOT in translator. Returning keyword as-is.
mapper | HYUNDAI | SAHW7G1APRTH | Keyword 'hybrid' found but NOT in translator. Returning keyword as-is.
[INFO]   ADS returned 10 rows for Hyundai 2025 santa_fe; saving to db...
[DEBUG] Group '2025_santa_fe' trim 'Lux': Searching with keywords=['santa fe', 'lux']
[DEBUG] Translated keywords: ['santa fe', 'lux'] → ['santa fe', 'luxury']
[DEBUG] Classified tokens: {'MODEL': ['santa fe'], 'TRIM': ['luxury']}
[DEBUG] After filtering ignored categories []: {'MODEL': ['santa fe'], 'TRIM': ['luxury']}
[DEBUG] After filtering excluded keywords ['combustion']: ['santa fe', 'luxury']
[DEBUG] Score: 15 (minimum: 10)
[DEBUG] Database search returned 1 candidates
[DEBUG] Confidence: 0.23
[DEBUG]   [OK] Found model_number(s)=['SACW7N2DLU00'] package(s)=[np.int64(463286)] confidence=0.23 for Hyundai 2025 
Lux
[DEBUG] Group '2025_santa_fe' trim 'Pref HEV': Searching with keywords=['santa fe', 'pref', 'hev']
[DEBUG] Translated keywords: ['santa fe', 'pref', 'hev'] → ['santa fe', 'preferred', 'hybrid']
[DEBUG] Classified tokens: {'MODEL': ['santa fe'], 'TRIM': ['preferred'], 'ENGINE_TYPE': ['hybrid']}
[DEBUG] After filtering ignored categories []: {'MODEL': ['santa fe'], 'TRIM': ['preferred'], 'ENGINE_TYPE': 
['hybrid']}
[DEBUG] After filtering excluded keywords ['combustion']: ['santa fe', 'preferred', 'hybrid']
[DEBUG] Score: 23 (minimum: 10)
[WARNING] Unclassified tokens: ['w/trend']
[DEBUG] TRIM matching (exact) narrowed to 2 candidates for searched TRIM: {'preferred'}
[DEBUG] Database search returned 2 candidates
[DEBUG] Confidence: 0.00
[WARNING] Unclassified tokens: ['w/trend']
[WARNING] Unclassified tokens: ['w/trend']
[DEBUG] Resolved 2 candidates to 2 variant(s) by distinct Package [463289, 463290] (descriptions differ, ModelNumbers 
may repeat)
[DEBUG]   [OK] Found model_number(s)=['SAHW7G1APRHE', 'SAHW7G1APRTH'] package(s)=[463289, 463290] confidence=0.00 for 
Hyundai 2025 Pref HEV
[DEBUG] Group '2025_santa_fe' trim 'Pref HEV w/ Trend': Searching with keywords=['santa fe', 'pref', 'hev', 'w/', 
'trend']
[DEBUG] Translated keywords: ['santa fe', 'pref', 'hev', 'w/', 'trend'] → ['santa fe', 'preferred', 'hybrid', 'w/', 
'trend']
[WARNING] Unclassified tokens: ['w/']
[DEBUG] Classified tokens: {'MODEL': ['santa fe'], 'TRIM': ['preferred', 'trend'], 'ENGINE_TYPE': ['hybrid']}
[DEBUG] After filtering ignored categories []: {'MODEL': ['santa fe'], 'TRIM': ['preferred', 'trend'], 'ENGINE_TYPE': 
['hybrid']}
[DEBUG] After filtering excluded keywords ['combustion']: ['santa fe', 'preferred', 'trend', 'hybrid']
[DEBUG] Score: 23 (minimum: 10)
[DEBUG] Database search returned 1 candidates
[DEBUG] Confidence: 0.36
[DEBUG]   [OK] Found model_number(s)=['SAHW7G1APRTH'] package(s)=[np.int64(463290)] confidence=0.36 for Hyundai 2025 
Pref HEV w/ Trend
[DEBUG] Group '2025_santa_fe' trim 'Ult Calli': Searching with keywords=['santa fe', 'ult', 'calli']
[DEBUG] Translated keywords: ['santa fe', 'ult', 'calli'] → ['santa fe', 'ultimate', 'calligraphy']
[DEBUG] Classified tokens: {'MODEL': ['santa fe'], 'TRIM': ['ultimate', 'calligraphy']}
[DEBUG] After filtering ignored categories []: {'MODEL': ['santa fe'], 'TRIM': ['ultimate', 'calligraphy']}
[DEBUG] After filtering excluded keywords ['combustion']: ['santa fe', 'ultimate', 'calligraphy']
[DEBUG] Score: 15 (minimum: 10)
[WARNING] Unclassified tokens: ['w/beige']
[DEBUG] TRIM matching (exact) narrowed to 2 candidates for searched TRIM: {'ultimate', 'calligraphy'}
[DEBUG] Database search returned 2 candidates
[DEBUG] Confidence: 0.00
[WARNING] Unclassified tokens: ['w/beige']
[WARNING] Unclassified tokens: ['w/beige']
[DEBUG] Resolved 2 candidates to 2 variant(s) by distinct Package [463287, 463288] (descriptions differ, ModelNumbers 
may repeat)
[DEBUG]   [OK] Found model_number(s)=['SACW6N2DULBG', 'SACW6N2DULBH'] package(s)=[463287, 463288] confidence=0.00 for 
Hyundai 2025 Ult Calli
[DEBUG] Group '2025_santa_fe' trim 'XRT': Searching with keywords=['santa fe', 'xrt']
[DEBUG] Translated keywords: ['santa fe', 'xrt'] → ['santa fe', 'xrt']
[DEBUG] Classified tokens: {'MODEL': ['santa fe'], 'TRIM': ['xrt']}
[DEBUG] After filtering ignored categories []: {'MODEL': ['santa fe'], 'TRIM': ['xrt']}
[DEBUG] After filtering excluded keywords ['combustion']: ['santa fe', 'xrt']
[DEBUG] Score: 15 (minimum: 10)
[DEBUG] Database search returned 1 candidates
[DEBUG] Confidence: 0.23
[DEBUG]   [OK] Found model_number(s)=['SACW7N2DXR00'] package(s)=[np.int64(463285)] confidence=0.23 for Hyundai 2025 
XRT
[DEBUG] Group '2025_santa_fe': 635 total rows. 635 rows with model numbers, 0 rows with missing model numbers (empty 
ModelNumber for manual correction).
[DEBUG] Group '2025_santa_fe': 635 total rows. 635 rows with model numbers, 0 rows with missing model numbers (empty 
ModelNumber for manual correction).
[OUTPUT_MAPPER DEBUG] Source columns: ['year_from', 'model', 'description', 'part_number', 'dnet', 'msrp', 
'labour_rate', 'labour_hours', 'comments', 'trim_column', 'trim_level', 'model_number', 'package', 
'model_number_status']
[OUTPUT_MAPPER DEBUG] Rename map: {'year_from': 'Year', 'model': 'ModelName', 'part_number': 'Part', 'description': 
'Description', 'comments': 'Comments', 'msrp': 'Price', 'labour_hours': 'Hours', 'trim_level': 'Trim', 'model_number': 
'Model', 'package': 'Package'}
[OUTPUT_MAPPER DEBUG] Required output columns: ['Year', 'ModelName', 'Part', 'Description', 'Comments', 'Price', 
'Hours', 'Trim', 'Model', 'Package']
[OUTPUT_MAPPER DEBUG] Rename subset (columns that exist): {'year_from': 'Year', 'model': 'ModelName', 'part_number': 
'Part', 'description': 'Description', 'comments': 'Comments', 'msrp': 'Price', 'labour_hours': 'Hours', 'trim_level': 
'Trim', 'model_number': 'Model', 'package': 'Package'}
[OUTPUT_MAPPER DEBUG] After rename, columns: ['Year', 'ModelName', 'Description', 'Part', 'dnet', 'Price', 
'labour_rate', 'Hours', 'Comments', 'trim_column', 'Trim', 'Model', 'Package', 'model_number_status']
[OUTPUT_MAPPER DEBUG] Source columns: ['year_from', 'model', 'description', 'part_number', 'dnet', 'msrp', 
'labour_rate', 'labour_hours', 'comments', 'trim_column', 'trim_level', 'model_number', 'package', 
'model_number_status']
[OUTPUT_MAPPER DEBUG] Rename map: {'year_from': 'Year', 'model': 'ModelName', 'part_number': 'Part', 'description': 
'Description', 'comments': 'Comments', 'msrp': 'Price', 'labour_hours': 'Hours', 'trim_level': 'Trim', 'model_number': 
'Model', 'package': 'Package'}
[OUTPUT_MAPPER DEBUG] Required output columns: ['Year', 'ModelName', 'Part', 'Description', 'Comments', 'Price', 
'Hours', 'Trim', 'Model', 'Package']
[OUTPUT_MAPPER DEBUG] Rename subset (columns that exist): {'year_from': 'Year', 'model': 'ModelName', 'part_number': 
'Part', 'description': 'Description', 'comments': 'Comments', 'msrp': 'Price', 'labour_hours': 'Hours', 'trim_level': 
'Trim', 'model_number': 'Model', 'package': 'Package'}
[OUTPUT_MAPPER DEBUG] After rename, columns: ['Year', 'ModelName', 'Description', 'Part', 'dnet', 'Price', 
'labour_rate', 'Hours', 'Comments', 'trim_column', 'Trim', 'Model', 'Package', 'model_number_status']
[INFO] SHEET COMPLETE | sheet=2025_santa_fe | records_in=108 | records_out=1270
[INFO] SHEET START | sheet=2025_sonata
[DEBUG] Group '2025_sonata' (model 'sonata'): routed to manufacturer 'Hyundai'
[DEBUG] Column mapping for '2025_sonata': {'Model_Year_From': 'year_from', 'Model_Year_To': None, 'Model': 'model', 
'Trim_1': None, 'Trim_2': None, 'Trim_3': None, 'Accessory_Category_(EN)': None, 'Accessory_Group_(EN)': None, 
'Accessory_Description_(EN)': 'english_description', 'Accessory_Category_(FR)': None, 'Accessory_Group_(FR)': None, 
'Accessory_Description_(FR)': 'french_description', 'Part_Number': 'part_number', 'DNET': 'dnet', 'MSRP': 'msrp', 
'Labour_Rate': 'labour_rate', 'Suggested_Labour_Hours': 'labour_hours', 'Suggested_Base_Retail_Price_w/labour': None, 
'Yearly_Rate': None, 'Weekly_Rate': None, '#of_Payments': None, 'Weekly_Payment': None, 'Comments_(EN)': 
'comments_en', 'Comments_(FR)': 'comments_fr', 'New_Part_SOS': None, 'Outgoing_Part_Flag': None, 'MAF_Update': None}
[INFO] Group '2025_sonata': identified 3 trim column(s): ['Trim_1', 'Trim_2', 'Trim_3']
[DEBUG] Valid trim cols for '2025_sonata': ['Trim_1', 'Trim_2', 'Trim_3']
[DEBUG] Group '2025_sonata': extracted vehicle_year=2025
[DEBUG] 83 records -> 208 after melt
[INFO] Step 4.5: model_lookup enrichment | sheet='2025_sonata'
[DEBUG] Group '2025_sonata': Unique trims identified: ['N-Line', 'Pref', 'Trend AWD']
[DEBUG] Group '2025_sonata': model_keywords from data=['sonata'], fuel_type=None
[DEBUG] Group '2025_sonata' trim 'N-Line': Searching with keywords=['sonata', 'n-line']
[DEBUG] Translated keywords: ['sonata', 'n-line'] → ['sonata', 'n-line']
[DEBUG] Classified tokens: {'MODEL': ['sonata'], 'TRIM_VARIANT': ['n-line']}
[DEBUG] After filtering ignored categories []: {'MODEL': ['sonata'], 'TRIM_VARIANT': ['n-line']}
[DEBUG] After filtering excluded keywords ['combustion']: ['sonata', 'n-line']
[DEBUG] Score: 16 (minimum: 10)
[DEBUG] Database search returned 1 candidates
[DEBUG] Confidence: 0.25
[DEBUG]   [OK] Found model_number(s)=['SOCS4M2DNL00'] package(s)=[np.int64(464085)] confidence=0.25 for Hyundai 2025 
N-Line
[DEBUG] Group '2025_sonata' trim 'Pref': Searching with keywords=['sonata', 'pref']
[DEBUG] Translated keywords: ['sonata', 'pref'] → ['sonata', 'preferred']
[DEBUG] Classified tokens: {'MODEL': ['sonata'], 'TRIM': ['preferred']}
[DEBUG] After filtering ignored categories []: {'MODEL': ['sonata'], 'TRIM': ['preferred']}
[DEBUG] After filtering excluded keywords ['combustion']: ['sonata', 'preferred']
[DEBUG] Score: 15 (minimum: 10)
[WARNING] Unclassified tokens: ['preferred-trend']
[WARNING] Unclassified tokens: ['preferred-trend']
[DEBUG] Database search returned 2 candidates
[DEBUG] Confidence: 0.00
[WARNING] Unclassified tokens: ['preferred-trend']
[WARNING] Unclassified tokens: ['preferred-trend']
[WARNING] Unclassified tokens: ['preferred-trend']
[WARNING] Unclassified tokens: ['preferred-trend']
[DEBUG] Resolved 2 candidates to 2 variant(s) by distinct Package [464084, 464086] (descriptions differ, ModelNumbers 
may repeat)
[DEBUG]   [OK] Found model_number(s)=['SOCS4J2EPRTR', 'SOCS4K2EPRTR'] package(s)=[464084, 464086] confidence=0.00 for 
Hyundai 2025 Pref
[DEBUG] Group '2025_sonata' trim 'Trend AWD': Searching with keywords=['sonata', 'trend', 'awd']
[DEBUG] Translated keywords: ['sonata', 'trend', 'awd'] → ['sonata', 'trend', 'awd']
[DEBUG] Classified tokens: {'MODEL': ['sonata'], 'TRIM': ['trend'], 'DRIVETRAIN': ['awd']}
[DEBUG] After filtering ignored categories []: {'MODEL': ['sonata'], 'TRIM': ['trend'], 'DRIVETRAIN': ['awd']}
[DEBUG] After filtering excluded keywords ['combustion']: ['sonata', 'trend', 'awd']
[DEBUG] Score: 21 (minimum: 10)
[DEBUG] Database search returned 1 candidates
[DEBUG] Confidence: 0.33
[DEBUG]   [OK] Found model_number(s)=['SOCS4K2EPRTR'] package(s)=[np.int64(464086)] confidence=0.33 for Hyundai 2025 
Trend AWD
[DEBUG] Group '2025_sonata': 285 total rows. 285 rows with model numbers, 0 rows with missing model numbers (empty 
ModelNumber for manual correction).
[DEBUG] Group '2025_sonata': 285 total rows. 285 rows with model numbers, 0 rows with missing model numbers (empty 
ModelNumber for manual correction).
[OUTPUT_MAPPER DEBUG] Source columns: ['year_from', 'model', 'description', 'part_number', 'dnet', 'msrp', 
'labour_rate', 'labour_hours', 'comments', 'trim_column', 'trim_level', 'model_number', 'package', 
'model_number_status']
[OUTPUT_MAPPER DEBUG] Rename map: {'year_from': 'Year', 'model': 'ModelName', 'part_number': 'Part', 'description': 
'Description', 'comments': 'Comments', 'msrp': 'Price', 'labour_hours': 'Hours', 'trim_level': 'Trim', 'model_number': 
'Model', 'package': 'Package'}
[OUTPUT_MAPPER DEBUG] Required output columns: ['Year', 'ModelName', 'Part', 'Description', 'Comments', 'Price', 
'Hours', 'Trim', 'Model', 'Package']
[OUTPUT_MAPPER DEBUG] Rename subset (columns that exist): {'year_from': 'Year', 'model': 'ModelName', 'part_number': 
'Part', 'description': 'Description', 'comments': 'Comments', 'msrp': 'Price', 'labour_hours': 'Hours', 'trim_level': 
'Trim', 'model_number': 'Model', 'package': 'Package'}
[OUTPUT_MAPPER DEBUG] After rename, columns: ['Year', 'ModelName', 'Description', 'Part', 'dnet', 'Price', 
'labour_rate', 'Hours', 'Comments', 'trim_column', 'Trim', 'Model', 'Package', 'model_number_status']
[OUTPUT_MAPPER DEBUG] Source columns: ['year_from', 'model', 'description', 'part_number', 'dnet', 'msrp', 
'labour_rate', 'labour_hours', 'comments', 'trim_column', 'trim_level', 'model_number', 'package', 
'model_number_status']
[OUTPUT_MAPPER DEBUG] Rename map: {'year_from': 'Year', 'model': 'ModelName', 'part_number': 'Part', 'description': 
'Description', 'comments': 'Comments', 'msrp': 'Price', 'labour_hours': 'Hours', 'trim_level': 'Trim', 'model_number': 
'Model', 'package': 'Package'}
[OUTPUT_MAPPER DEBUG] Required output columns: ['Year', 'ModelName', 'Part', 'Description', 'Comments', 'Price', 
'Hours', 'Trim', 'Model', 'Package']
[OUTPUT_MAPPER DEBUG] Rename subset (columns that exist): {'year_from': 'Year', 'model': 'ModelName', 'part_number': 
'Part', 'description': 'Description', 'comments': 'Comments', 'msrp': 'Price', 'labour_hours': 'Hours', 'trim_level': 
'Trim', 'model_number': 'Model', 'package': 'Package'}
[OUTPUT_MAPPER DEBUG] After rename, columns: ['Year', 'ModelName', 'Description', 'Part', 'dnet', 'Price', 
'labour_rate', 'Hours', 'Comments', 'trim_column', 'Trim', 'Model', 'Package', 'model_number_status']
[INFO] SHEET COMPLETE | sheet=2025_sonata | records_in=83 | records_out=570
[INFO] SHEET START | sheet=2025_tucson
[DEBUG] Group '2025_tucson' (model 'tucson'): routed to manufacturer 'Hyundai'
[DEBUG] Column mapping for '2025_tucson': {'Model_Year_From': 'year_from', 'Model_Year_To': None, 'Model': 'model', 
'Trim_1': None, 'Trim_2': None, 'Trim_3': None, 'Trim_4': None, 'Trim_5': None, 'Trim_6': None, 
'Accessory_Category_(EN)': None, 'Accessory_Group_(EN)': None, 'Accessory_Description_(EN)': 'english_description', 
'Accessory_Category_(FR)': None, 'Accessory_Group_(FR)': None, 'Accessory_Description_(FR)': 'french_description', 
'Part_Number': 'part_number', 'DNET': 'dnet', 'MSRP': 'msrp', 'Labour_Rate': 'labour_rate', 'Suggested_Labour_Hours': 
'labour_hours', 'Suggested_Base_Retail_Price_w/labour': None, 'Yearly_Rate': None, 'Weekly_Rate': None, 
'#of_Payments': None, 'Weekly_Payment': None, 'PKG_Code': None, 'Comments_(EN)': 'comments_en', 'Comments_(FR)': 
'comments_fr', 'New_Part_SOS': None, 'Outgoing_Part_Flag': None, 'MAF_Update': None}
[INFO] Group '2025_tucson': identified 6 trim column(s): ['Trim_1', 'Trim_2', 'Trim_3', 'Trim_4', 'Trim_5', 'Trim_6']
[DEBUG] Valid trim cols for '2025_tucson': ['Trim_1', 'Trim_2', 'Trim_3', 'Trim_4', 'Trim_5', 'Trim_6']
[DEBUG] Group '2025_tucson': extracted vehicle_year=2025
[DEBUG] 126 records -> 537 after melt
[INFO] Step 4.5: model_lookup enrichment | sheet='2025_tucson'
[DEBUG] Group '2025_tucson': Unique trims identified: ['N-Line', 'Pref', 'Pref*', 'Trend', 'Trend*', 'Ult HEV', 'Ult 
PHEV', 'XRT']
[DEBUG] Group '2025_tucson': model_keywords from data=['tucson'], fuel_type=None
[DEBUG] Group '2025_tucson' trim 'N-Line': Searching with keywords=['tucson', 'n-line']
[DEBUG] Translated keywords: ['tucson', 'n-line'] → ['tucson', 'n-line']
[DEBUG] Classified tokens: {'MODEL': ['tucson'], 'TRIM_VARIANT': ['n-line']}
[DEBUG] After filtering ignored categories []: {'MODEL': ['tucson'], 'TRIM_VARIANT': ['n-line']}
[DEBUG] After filtering excluded keywords ['combustion']: ['tucson', 'n-line']
[DEBUG] [IMPLIED_FUEL_TYPE] Hyundai 2025 {'tucson'}/{'n-line'}: no fuel keyword in source, applying configured 'hybrid'
[DEBUG] Score: 16 (minimum: 10)
[DEBUG] Database search returned 1 candidates
[DEBUG] Confidence: 0.25
[DEBUG]   [OK] Found model_number(s)=['TUHWDG1ANLHE'] package(s)=[np.int64(461941)] confidence=0.25 for Hyundai 2025 
N-Line
[DEBUG] Group '2025_tucson' trim 'Pref': Searching with keywords=['tucson', 'pref']
[DEBUG] Translated keywords: ['tucson', 'pref'] → ['tucson', 'preferred']
[DEBUG] Classified tokens: {'MODEL': ['tucson'], 'TRIM': ['preferred']}
[DEBUG] After filtering ignored categories []: {'MODEL': ['tucson'], 'TRIM': ['preferred']}
[DEBUG] After filtering excluded keywords ['combustion']: ['tucson', 'preferred']
[DEBUG] Score: 15 (minimum: 10)
[WARNING] Unclassified tokens: ['w/trend']
[WARNING] Unclassified tokens: ['w/trend']
[DEBUG] TRIM matching (exact) narrowed to 4 candidates for searched TRIM: {'preferred'}
[DEBUG] Database search returned 4 candidates
[DEBUG] Confidence: 0.00
[WARNING] Unclassified tokens: ['w/trend']
[WARNING] Unclassified tokens: ['w/trend']
[WARNING] Unclassified tokens: ['w/trend']
[WARNING] Unclassified tokens: ['w/trend']
[DEBUG] Resolved 4 candidates to 4 variant(s) by distinct Package [461913, 461914, 478234, 478235] (descriptions 
differ, ModelNumbers may repeat)
[DEBUG]   [OK] Found model_number(s)=['TUCWDK2EPR00', 'TUCWDK2EPRTR', 'TUCWDK2EPM00', 'TUCWDK2EPMTM'] 
package(s)=[461913, 461914, 478234, 478235] confidence=0.00 for Hyundai 2025 Pref
[DEBUG] Group '2025_tucson' trim 'Pref*': Searching with keywords=['tucson', 'pref']
[DEBUG] Translated keywords: ['tucson', 'pref'] → ['tucson', 'preferred']
[DEBUG] Classified tokens: {'MODEL': ['tucson'], 'TRIM': ['preferred']}
[DEBUG] After filtering ignored categories []: {'MODEL': ['tucson'], 'TRIM': ['preferred']}
[DEBUG] After filtering excluded keywords ['combustion']: ['tucson', 'preferred']
[DEBUG] Score: 15 (minimum: 10)
[WARNING] Unclassified tokens: ['w/trend']
[WARNING] Unclassified tokens: ['w/trend']
[DEBUG] TRIM matching (exact) narrowed to 4 candidates for searched TRIM: {'preferred'}
[DEBUG] Database search returned 4 candidates
[DEBUG] Confidence: 0.00
[WARNING] Unclassified tokens: ['w/trend']
[WARNING] Unclassified tokens: ['w/trend']
[WARNING] Unclassified tokens: ['w/trend']
[WARNING] Unclassified tokens: ['w/trend']
[DEBUG] Resolved 4 candidates to 4 variant(s) by distinct Package [461913, 461914, 478234, 478235] (descriptions 
differ, ModelNumbers may repeat)
[DEBUG]   [OK] Found model_number(s)=['TUCWDK2EPR00', 'TUCWDK2EPRTR', 'TUCWDK2EPM00', 'TUCWDK2EPMTM'] 
package(s)=[461913, 461914, 478234, 478235] confidence=0.00 for Hyundai 2025 Pref*
[DEBUG] Group '2025_tucson' trim 'Trend': Searching with keywords=['tucson', 'trend']
[DEBUG] Translated keywords: ['tucson', 'trend'] → ['tucson', 'trend']
[DEBUG] Classified tokens: {'MODEL': ['tucson'], 'TRIM': ['trend']}
[DEBUG] After filtering ignored categories []: {'MODEL': ['tucson'], 'TRIM': ['trend']}
[DEBUG] After filtering excluded keywords ['combustion']: ['tucson', 'trend']
[DEBUG] Score: 15 (minimum: 10)
[WARNING] Unclassified tokens: ['w/trend']
[WARNING] Unclassified tokens: ['w/trend']
[DEBUG] Database search returned 2 candidates
[DEBUG] Confidence: 0.00
[WARNING] Unclassified tokens: ['w/trend']
[WARNING] Unclassified tokens: ['w/trend']
[WARNING] Unclassified tokens: ['w/trend']
[WARNING] Unclassified tokens: ['w/trend']
[DEBUG] Resolved 2 candidates to 2 package variant(s) with packages [461914, 478235] (ignoring [])
[DEBUG]   [OK] Found model_number(s)=['TUCWDK2EPRTR', 'TUCWDK2EPMTM'] package(s)=[461914, 478235] confidence=0.00 for 
Hyundai 2025 Trend
[DEBUG] Group '2025_tucson' trim 'Trend*': Searching with keywords=['tucson', 'trend']
[DEBUG] Translated keywords: ['tucson', 'trend'] → ['tucson', 'trend']
[DEBUG] Classified tokens: {'MODEL': ['tucson'], 'TRIM': ['trend']}
[DEBUG] After filtering ignored categories []: {'MODEL': ['tucson'], 'TRIM': ['trend']}
[DEBUG] After filtering excluded keywords ['combustion']: ['tucson', 'trend']
[DEBUG] Score: 15 (minimum: 10)
[WARNING] Unclassified tokens: ['w/trend']
[WARNING] Unclassified tokens: ['w/trend']
[DEBUG] Database search returned 2 candidates
[DEBUG] Confidence: 0.00
[WARNING] Unclassified tokens: ['w/trend']
[WARNING] Unclassified tokens: ['w/trend']
[WARNING] Unclassified tokens: ['w/trend']
[WARNING] Unclassified tokens: ['w/trend']
[DEBUG] Resolved 2 candidates to 2 package variant(s) with packages [461914, 478235] (ignoring [])
[DEBUG]   [OK] Found model_number(s)=['TUCWDK2EPRTR', 'TUCWDK2EPMTM'] package(s)=[461914, 478235] confidence=0.00 for 
Hyundai 2025 Trend*
[DEBUG] Group '2025_tucson' trim 'Ult HEV': Searching with keywords=['tucson', 'ult', 'hev']
[DEBUG] Translated keywords: ['tucson', 'ult', 'hev'] → ['tucson', 'ultimate', 'hybrid']
[DEBUG] Classified tokens: {'MODEL': ['tucson'], 'TRIM': ['ultimate'], 'ENGINE_TYPE': ['hybrid']}
[DEBUG] After filtering ignored categories []: {'MODEL': ['tucson'], 'TRIM': ['ultimate'], 'ENGINE_TYPE': ['hybrid']}
[DEBUG] After filtering excluded keywords ['combustion']: ['tucson', 'ultimate', 'hybrid']
[DEBUG] Score: 23 (minimum: 10)
[DEBUG] TRIM matching (exact) narrowed to 2 candidates for searched TRIM: {'ultimate'}
[DEBUG] Database search returned 2 candidates
[DEBUG] Confidence: 0.00
[DEBUG] Resolved 2 candidates to 2 package variant(s) with packages [461942, 461940] (ignoring [])
[DEBUG]   [OK] Found model_number(s)=['TUHWDG1AULHE', 'TUPWDG1AULPH'] package(s)=[461942, 461940] confidence=0.00 for 
Hyundai 2025 Ult HEV
[DEBUG] Group '2025_tucson' trim 'Ult PHEV': Searching with keywords=['tucson', 'ult', 'phev']
[DEBUG] Translated keywords: ['tucson', 'ult', 'phev'] → ['tucson', 'ultimate', 'plug-in']
[DEBUG] Classified tokens: {'MODEL': ['tucson'], 'TRIM': ['ultimate'], 'ENGINE_TYPE': ['plug-in']}
[DEBUG] After filtering ignored categories []: {'MODEL': ['tucson'], 'TRIM': ['ultimate'], 'ENGINE_TYPE': ['plug-in']}
[DEBUG] After filtering excluded keywords ['combustion']: ['tucson', 'ultimate', 'plug-in']
[DEBUG] Score: 23 (minimum: 10)
[DEBUG] Database search returned 1 candidates
[DEBUG] Confidence: 0.36
[DEBUG]   [OK] Found model_number(s)=['TUPWDG1AULPH'] package(s)=[np.int64(461940)] confidence=0.36 for Hyundai 2025 
Ult PHEV
[DEBUG] Group '2025_tucson' trim 'XRT': Searching with keywords=['tucson', 'xrt']
[DEBUG] Translated keywords: ['tucson', 'xrt'] → ['tucson', 'xrt']
[DEBUG] Classified tokens: {'MODEL': ['tucson'], 'TRIM': ['xrt']}
[DEBUG] After filtering ignored categories []: {'MODEL': ['tucson'], 'TRIM': ['xrt']}
[DEBUG] After filtering excluded keywords ['combustion']: ['tucson', 'xrt']
[DEBUG] Score: 15 (minimum: 10)
[DEBUG] Database search returned 1 candidates
[DEBUG] Confidence: 0.23
[DEBUG]   [OK] Found model_number(s)=['TUCWDK2EXR00'] package(s)=[np.int64(461915)] confidence=0.23 for Hyundai 2025 
XRT
[DEBUG] Group '2025_tucson': 998 total rows. 998 rows with model numbers, 0 rows with missing model numbers (empty 
ModelNumber for manual correction).
[DEBUG] Group '2025_tucson': 998 total rows. 998 rows with model numbers, 0 rows with missing model numbers (empty 
ModelNumber for manual correction).
[OUTPUT_MAPPER DEBUG] Source columns: ['year_from', 'model', 'description', 'part_number', 'dnet', 'msrp', 
'labour_rate', 'labour_hours', 'comments', 'trim_column', 'trim_level', 'model_number', 'package', 
'model_number_status']
[OUTPUT_MAPPER DEBUG] Rename map: {'year_from': 'Year', 'model': 'ModelName', 'part_number': 'Part', 'description': 
'Description', 'comments': 'Comments', 'msrp': 'Price', 'labour_hours': 'Hours', 'trim_level': 'Trim', 'model_number': 
'Model', 'package': 'Package'}
[OUTPUT_MAPPER DEBUG] Required output columns: ['Year', 'ModelName', 'Part', 'Description', 'Comments', 'Price', 
'Hours', 'Trim', 'Model', 'Package']
[OUTPUT_MAPPER DEBUG] Rename subset (columns that exist): {'year_from': 'Year', 'model': 'ModelName', 'part_number': 
'Part', 'description': 'Description', 'comments': 'Comments', 'msrp': 'Price', 'labour_hours': 'Hours', 'trim_level': 
'Trim', 'model_number': 'Model', 'package': 'Package'}
[OUTPUT_MAPPER DEBUG] After rename, columns: ['Year', 'ModelName', 'Description', 'Part', 'dnet', 'Price', 
'labour_rate', 'Hours', 'Comments', 'trim_column', 'Trim', 'Model', 'Package', 'model_number_status']
[OUTPUT_MAPPER DEBUG] Source columns: ['year_from', 'model', 'description', 'part_number', 'dnet', 'msrp', 
'labour_rate', 'labour_hours', 'comments', 'trim_column', 'trim_level', 'model_number', 'package', 
'model_number_status']
[OUTPUT_MAPPER DEBUG] Rename map: {'year_from': 'Year', 'model': 'ModelName', 'part_number': 'Part', 'description': 
'Description', 'comments': 'Comments', 'msrp': 'Price', 'labour_hours': 'Hours', 'trim_level': 'Trim', 'model_number': 
'Model', 'package': 'Package'}
[OUTPUT_MAPPER DEBUG] Required output columns: ['Year', 'ModelName', 'Part', 'Description', 'Comments', 'Price', 
'Hours', 'Trim', 'Model', 'Package']
[OUTPUT_MAPPER DEBUG] Rename subset (columns that exist): {'year_from': 'Year', 'model': 'ModelName', 'part_number': 
'Part', 'description': 'Description', 'comments': 'Comments', 'msrp': 'Price', 'labour_hours': 'Hours', 'trim_level': 
'Trim', 'model_number': 'Model', 'package': 'Package'}
[OUTPUT_MAPPER DEBUG] After rename, columns: ['Year', 'ModelName', 'Description', 'Part', 'dnet', 'Price', 
'labour_rate', 'Hours', 'Comments', 'trim_column', 'Trim', 'Model', 'Package', 'model_number_status']
[INFO] SHEET COMPLETE | sheet=2025_tucson | records_in=126 | records_out=1996
[INFO] SHEET START | sheet=2025_venue
[DEBUG] Group '2025_venue' (model 'venue'): routed to manufacturer 'Hyundai'
[DEBUG] Column mapping for '2025_venue': {'Model_Year_From': 'year_from', 'Model_Year_To': None, 'Model': 'model', 
'Trim_1': None, 'Trim_2': None, 'Trim_3': None, 'Accessory_Category_(EN)': None, 'Accessory_Group_(EN)': None, 
'Accessory_Description_(EN)': 'english_description', 'Accessory_Category_(FR)': None, 'Accessory_Group_(FR)': None, 
'Accessory_Description_(FR)': 'french_description', 'Part_Number': 'part_number', 'DNET': 'dnet', 'MSRP': 'msrp', 
'Labour_Rate': 'labour_rate', 'Suggested_Labour_Hours': 'labour_hours', 'Suggested_Base_Retail_Price_w/labour': None, 
'Yearly_Rate': None, 'Weekly_Rate': None, '#of_Payments': None, 'Weekly_Payment': None, 'Comments_(EN)': 
'comments_en', 'Comments_(FR)': 'comments_fr', 'New_Part_SOS': None, 'Outgoing_Part_Flag': None}
[INFO] Group '2025_venue': identified 3 trim column(s): ['Trim_1', 'Trim_2', 'Trim_3']
[DEBUG] Valid trim cols for '2025_venue': ['Trim_1', 'Trim_2', 'Trim_3']
[DEBUG] Group '2025_venue': extracted vehicle_year=2025
[DEBUG] 82 records -> 229 after melt
[INFO] Step 4.5: model_lookup enrichment | sheet='2025_venue'
[DEBUG] Group '2025_venue': Unique trims identified: ['Ess', 'Pref', 'Ult']
[DEBUG] Group '2025_venue': model_keywords from data=['venue'], fuel_type=None
[DEBUG] Group '2025_venue' trim 'Ess': Searching with keywords=['venue', 'ess']
[DEBUG] Translated keywords: ['venue', 'ess'] → ['venue', 'essential']
[DEBUG] Classified tokens: {'MODEL': ['venue'], 'TRIM': ['essential']}
[DEBUG] After filtering ignored categories []: {'MODEL': ['venue'], 'TRIM': ['essential']}
[DEBUG] After filtering excluded keywords ['combustion']: ['venue', 'essential']
[DEBUG] Score: 15 (minimum: 10)
[WARNING] Unclassified tokens: ['w/two-tone']
[DEBUG] TRIM matching (subset) narrowed to 2 candidates for searched TRIM: {'essential'}
[DEBUG] Database search returned 2 candidates
[DEBUG] Confidence: 0.00
[WARNING] Unclassified tokens: ['w/two-tone']
[WARNING] Unclassified tokens: ['w/two-tone']
[DEBUG] Resolved 2 candidates to 2 package variant(s) with packages [463352, 463353] (ignoring [])
[DEBUG]   [OK] Found model_number(s)=['VNCW5V1FES00', 'VNCW5V1FESTT'] package(s)=[463352, 463353] confidence=0.00 for 
Hyundai 2025 Ess
[DEBUG] Group '2025_venue' trim 'Pref': Searching with keywords=['venue', 'pref']
[DEBUG] Translated keywords: ['venue', 'pref'] → ['venue', 'preferred']
[DEBUG] Classified tokens: {'MODEL': ['venue'], 'TRIM': ['preferred']}
[DEBUG] After filtering ignored categories []: {'MODEL': ['venue'], 'TRIM': ['preferred']}
[DEBUG] After filtering excluded keywords ['combustion']: ['venue', 'preferred']
[DEBUG] Score: 15 (minimum: 10)
[WARNING] Unclassified tokens: ['w/two-tone']
[DEBUG] TRIM matching (subset) narrowed to 2 candidates for searched TRIM: {'preferred'}
[DEBUG] Database search returned 2 candidates
[DEBUG] Confidence: 0.00
[WARNING] Unclassified tokens: ['w/two-tone']
[WARNING] Unclassified tokens: ['w/two-tone']
[DEBUG] Resolved 2 candidates to 2 package variant(s) with packages [463354, 463355] (ignoring [])
[DEBUG]   [OK] Found model_number(s)=['VNCW5V1FPR00', 'VNCW5V1FPRTT'] package(s)=[463354, 463355] confidence=0.00 for 
Hyundai 2025 Pref
[DEBUG] Group '2025_venue' trim 'Ult': Searching with keywords=['venue', 'ult']
[DEBUG] Translated keywords: ['venue', 'ult'] → ['venue', 'ultimate']
[DEBUG] Classified tokens: {'MODEL': ['venue'], 'TRIM': ['ultimate']}
[DEBUG] After filtering ignored categories []: {'MODEL': ['venue'], 'TRIM': ['ultimate']}
[DEBUG] After filtering excluded keywords ['combustion']: ['venue', 'ultimate']
[DEBUG] Score: 15 (minimum: 10)
[WARNING] Unclassified tokens: ['w/black']
[WARNING] Unclassified tokens: ['w/denim']
[DEBUG] TRIM matching (subset) narrowed to 2 candidates for searched TRIM: {'ultimate'}
[DEBUG] Database search returned 2 candidates
[DEBUG] Confidence: 0.00
[WARNING] Unclassified tokens: ['w/black']
[WARNING] Unclassified tokens: ['w/denim']
[WARNING] Unclassified tokens: ['w/black']
[WARNING] Unclassified tokens: ['w/denim']
[DEBUG] Resolved 2 candidates to 2 package variant(s) with packages [463356, 463357] (ignoring [])
[DEBUG]   [OK] Found model_number(s)=['VNCW5V1FUL00', 'VNCW5V1FULCP'] package(s)=[463356, 463357] confidence=0.00 for 
Hyundai 2025 Ult
[DEBUG] Group '2025_venue': 458 total rows. 458 rows with model numbers, 0 rows with missing model numbers (empty 
ModelNumber for manual correction).
[DEBUG] Group '2025_venue': 458 total rows. 458 rows with model numbers, 0 rows with missing model numbers (empty 
ModelNumber for manual correction).
[OUTPUT_MAPPER DEBUG] Source columns: ['year_from', 'model', 'description', 'part_number', 'dnet', 'msrp', 
'labour_rate', 'labour_hours', 'comments', 'trim_column', 'trim_level', 'model_number', 'package', 
'model_number_status']
[OUTPUT_MAPPER DEBUG] Rename map: {'year_from': 'Year', 'model': 'ModelName', 'part_number': 'Part', 'description': 
'Description', 'comments': 'Comments', 'msrp': 'Price', 'labour_hours': 'Hours', 'trim_level': 'Trim', 'model_number': 
'Model', 'package': 'Package'}
[OUTPUT_MAPPER DEBUG] Required output columns: ['Year', 'ModelName', 'Part', 'Description', 'Comments', 'Price', 
'Hours', 'Trim', 'Model', 'Package']
[OUTPUT_MAPPER DEBUG] Rename subset (columns that exist): {'year_from': 'Year', 'model': 'ModelName', 'part_number': 
'Part', 'description': 'Description', 'comments': 'Comments', 'msrp': 'Price', 'labour_hours': 'Hours', 'trim_level': 
'Trim', 'model_number': 'Model', 'package': 'Package'}
[OUTPUT_MAPPER DEBUG] After rename, columns: ['Year', 'ModelName', 'Description', 'Part', 'dnet', 'Price', 
'labour_rate', 'Hours', 'Comments', 'trim_column', 'Trim', 'Model', 'Package', 'model_number_status']
[OUTPUT_MAPPER DEBUG] Source columns: ['year_from', 'model', 'description', 'part_number', 'dnet', 'msrp', 
'labour_rate', 'labour_hours', 'comments', 'trim_column', 'trim_level', 'model_number', 'package', 
'model_number_status']
[OUTPUT_MAPPER DEBUG] Rename map: {'year_from': 'Year', 'model': 'ModelName', 'part_number': 'Part', 'description': 
'Description', 'comments': 'Comments', 'msrp': 'Price', 'labour_hours': 'Hours', 'trim_level': 'Trim', 'model_number': 
'Model', 'package': 'Package'}
[OUTPUT_MAPPER DEBUG] Required output columns: ['Year', 'ModelName', 'Part', 'Description', 'Comments', 'Price', 
'Hours', 'Trim', 'Model', 'Package']
[OUTPUT_MAPPER DEBUG] Rename subset (columns that exist): {'year_from': 'Year', 'model': 'ModelName', 'part_number': 
'Part', 'description': 'Description', 'comments': 'Comments', 'msrp': 'Price', 'labour_hours': 'Hours', 'trim_level': 
'Trim', 'model_number': 'Model', 'package': 'Package'}
[OUTPUT_MAPPER DEBUG] After rename, columns: ['Year', 'ModelName', 'Description', 'Part', 'dnet', 'Price', 
'labour_rate', 'Hours', 'Comments', 'trim_column', 'Trim', 'Model', 'Package', 'model_number_status']
[INFO] SHEET COMPLETE | sheet=2025_venue | records_in=82 | records_out=916
[INFO] SHEET START | sheet=2026_elantra
[DEBUG] Group '2026_elantra' (model 'elantra'): routed to manufacturer 'Hyundai'
[DEBUG] Column mapping for '2026_elantra': {'Model_Year_From': 'year_from', 'Model_Year_To': None, 'Model': 'model', 
'Trim_1': None, 'Trim_2': None, 'Trim_3': None, 'Trim_4': None, 'Trim_5': None, 'Trim_6': None, 
'Accessory_Category_(EN)': None, 'Accessory_Group_(EN)': None, 'Accessory_Description_(EN)': 'english_description', 
'Accessory_Category_(FR)': None, 'Accessory_Group_(FR)': None, 'Accessory_Description_(FR)': 'french_description', 
'Part_Number': 'part_number', 'DNET': 'dnet', 'MSRP': 'msrp', 'Labour_Rate': 'labour_rate', 'Suggested_Labour_Hours': 
'labour_hours', 'Suggested_Base_Retail_Price_w/labour': None, 'Yearly_Rate': None, 'Weekly_Rate': None, 
'#of_Payments': None, 'Weekly_Payment': None, 'Comments_(EN)': 'comments_en', 'Comments_(FR)': 'comments_fr', 
'New_Part_SOS': None, 'Outgoing_Part_Flag': None, 'MAF_Update': None}
[INFO] Group '2026_elantra': identified 6 trim column(s): ['Trim_1', 'Trim_2', 'Trim_3', 'Trim_4', 'Trim_5', 'Trim_6']
[DEBUG] Valid trim cols for '2026_elantra': ['Trim_1', 'Trim_2', 'Trim_3', 'Trim_4', 'Trim_5', 'Trim_6']
[DEBUG] Group '2026_elantra': extracted vehicle_year=2026
[DEBUG] 94 records -> 424 after melt
[INFO] Step 4.5: model_lookup enrichment | sheet='2026_elantra'
[DEBUG] Group '2026_elantra': Unique trims identified: ['Ess', 'HEV', 'Lux', 'N', 'N-Line', 'Pref', 'ivt', 'xrt']
[DEBUG] Group '2026_elantra': model_keywords from data=['elantra'], fuel_type=None
[DEBUG] Group '2026_elantra' trim 'Ess': Searching with keywords=['elantra', 'ess']
[DEBUG] Translated keywords: ['elantra', 'ess'] → ['elantra', 'essential']
[DEBUG] Classified tokens: {'MODEL': ['elantra'], 'TRIM': ['essential']}
[DEBUG] After filtering ignored categories []: {'MODEL': ['elantra'], 'TRIM': ['essential']}
[DEBUG] After filtering excluded keywords ['combustion']: ['elantra', 'essential']
[DEBUG] Score: 15 (minimum: 10)
[DEBUG] Database search returned 1 candidates
[DEBUG] Confidence: 0.23
[DEBUG]   [OK] Found model_number(s)=['ELCS4V2BES00'] package(s)=[np.int64(481251)] confidence=0.23 for Hyundai 2026 
Ess
[DEBUG] Group '2026_elantra' trim 'HEV': Searching with keywords=['elantra', 'hev']
[DEBUG] Translated keywords: ['elantra', 'hev'] → ['elantra', 'hybrid']
[DEBUG] Classified tokens: {'MODEL': ['elantra'], 'ENGINE_TYPE': ['hybrid']}
[DEBUG] After filtering ignored categories []: {'MODEL': ['elantra'], 'ENGINE_TYPE': ['hybrid']}
[DEBUG] After filtering excluded keywords ['combustion']: ['elantra', 'hybrid']
[DEBUG] Score: 18 (minimum: 10)
[DEBUG] Database search returned 2 candidates
[DEBUG] Confidence: 0.00
[WARNING] Unclassified tokens: ['w/two-tone']
[WARNING] Unclassified tokens: ['w/two-tone']
[DEBUG] Resolved 2 candidates to 2 variant(s) by distinct Package [481260, 481261] (descriptions differ, ModelNumbers 
may repeat)
[DEBUG]   [OK] Found model_number(s)=['ELHS4T1BLUHE', 'ELHS4T1BLUHM'] package(s)=[481260, 481261] confidence=0.00 for 
Hyundai 2026 HEV
[DEBUG] Group '2026_elantra' trim 'Lux': Searching with keywords=['elantra', 'lux']
[DEBUG] Translated keywords: ['elantra', 'lux'] → ['elantra', 'luxury']
[DEBUG] Classified tokens: {'MODEL': ['elantra'], 'TRIM': ['luxury']}
[DEBUG] After filtering ignored categories []: {'MODEL': ['elantra'], 'TRIM': ['luxury']}
[DEBUG] After filtering excluded keywords ['combustion']: ['elantra', 'luxury']
[DEBUG] Score: 15 (minimum: 10)
[WARNING] Unclassified tokens: ['w/two-tone']
[DEBUG] TRIM matching (subset) narrowed to 2 candidates for searched TRIM: {'luxury'}
[DEBUG] Database search returned 2 candidates
[DEBUG] Confidence: 0.00
[WARNING] Unclassified tokens: ['w/two-tone']
[WARNING] Unclassified tokens: ['w/two-tone']
[DEBUG] Resolved 2 candidates to 2 variant(s) by distinct Package [481254, 481255] (descriptions differ, ModelNumbers 
may repeat)
[DEBUG]   [OK] Found model_number(s)=['ELCS4V2BLU00', 'ELCS4V2BLUME'] package(s)=[481254, 481255] confidence=0.00 for 
Hyundai 2026 Lux
[DEBUG] Group '2026_elantra' trim 'N': Searching with keywords=['elantra', 'n']
[DEBUG] Translated keywords: ['elantra', 'n'] → ['elantra', 'n']
[DEBUG] Classified tokens: {'MODEL': ['elantra'], 'TRIM_VARIANT': ['n']}
[DEBUG] After filtering ignored categories []: {'MODEL': ['elantra'], 'TRIM_VARIANT': ['n']}
[DEBUG] After filtering excluded keywords ['combustion']: ['elantra', 'n']
[DEBUG] Score: 16 (minimum: 10)
[DEBUG] Database search returned 4 candidates
[DEBUG] Confidence: 0.00
[DEBUG] Resolved 4 candidates to 4 variant(s) by distinct Package [480293, 480294, 480295, 480296] (descriptions 
differ, ModelNumbers may repeat)
[DEBUG]   [OK] Found model_number(s)=['ELCS472ANN00', 'ELCS4M2ANN00', 'ELCS472ANNTC', 'ELCS4M2ANNTC'] 
package(s)=[480293, 480294, 480295, 480296] confidence=0.00 for Hyundai 2026 N
[DEBUG] Group '2026_elantra' trim 'N-Line': Searching with keywords=['elantra', 'n-line']
[DEBUG] Translated keywords: ['elantra', 'n-line'] → ['elantra', 'n-line']
[DEBUG] Classified tokens: {'MODEL': ['elantra'], 'TRIM_VARIANT': ['n-line']}
[DEBUG] After filtering ignored categories []: {'MODEL': ['elantra'], 'TRIM_VARIANT': ['n-line']}
[DEBUG] After filtering excluded keywords ['combustion']: ['elantra', 'n-line']
[DEBUG] Score: 16 (minimum: 10)
[DEBUG] Database search returned 1 candidates
[DEBUG] Confidence: 0.25
[DEBUG]   [OK] Found model_number(s)=['ELCS4U1ANLUL'] package(s)=[np.int64(481256)] confidence=0.25 for Hyundai 2026 
N-Line
[DEBUG] Group '2026_elantra' trim 'Pref': Searching with keywords=['elantra', 'pref']
[DEBUG] Translated keywords: ['elantra', 'pref'] → ['elantra', 'preferred']
[DEBUG] Classified tokens: {'MODEL': ['elantra'], 'TRIM': ['preferred']}
[DEBUG] After filtering ignored categories []: {'MODEL': ['elantra'], 'TRIM': ['preferred']}
[DEBUG] After filtering excluded keywords ['combustion']: ['elantra', 'preferred']
[DEBUG] Score: 15 (minimum: 10)
[WARNING] Unclassified tokens: ['w/tech']
[DEBUG] TRIM matching (subset) narrowed to 2 candidates for searched TRIM: {'preferred'}
[DEBUG] Database search returned 2 candidates
[DEBUG] Confidence: 0.00
[WARNING] Unclassified tokens: ['w/tech']
[WARNING] Unclassified tokens: ['w/tech']
[DEBUG] Resolved 2 candidates to 2 variant(s) by distinct Package [481252, 481253] (descriptions differ, ModelNumbers 
may repeat)
[DEBUG]   [OK] Found model_number(s)=['ELCS4V2BPR00', 'ELCS4V2BPRTE'] package(s)=[481252, 481253] confidence=0.00 for 
Hyundai 2026 Pref
[DEBUG] Group '2026_elantra' trim 'ivt': Searching with keywords=['elantra', 'ivt']
[DEBUG] Translated keywords: ['elantra', 'ivt'] → ['elantra', 'ivt']
[DEBUG] Classified tokens: {'MODEL': ['elantra'], 'TRIM': ['ivt']}
[DEBUG] After filtering ignored categories []: {'MODEL': ['elantra'], 'TRIM': ['ivt']}
[DEBUG] After filtering excluded keywords ['combustion']: ['elantra', 'ivt']
[DEBUG] Score: 15 (minimum: 10)
[WARNING] Unclassified tokens: ['w/tech']
[WARNING] Unclassified tokens: ['w/two-tone']
[DEBUG] TRIM matching (subset) narrowed to 5 candidates for searched TRIM: {'ivt'}
[DEBUG] Database search returned 5 candidates
[DEBUG] Confidence: 0.00
[WARNING] Unclassified tokens: ['w/tech']
[WARNING] Unclassified tokens: ['w/two-tone']
[WARNING] Unclassified tokens: ['w/tech']
[WARNING] Unclassified tokens: ['w/two-tone']
[DEBUG] Resolved 5 candidates to 5 variant(s) by distinct Package [481251, 481252, 481253, 481254, 481255] 
(descriptions differ, ModelNumbers may repeat)
[DEBUG]   [OK] Found model_number(s)=['ELCS4V2BES00', 'ELCS4V2BPR00', 'ELCS4V2BPRTE', 'ELCS4V2BLU00', 'ELCS4V2BLUME'] 
package(s)=[481251, 481252, 481253, 481254, 481255] confidence=0.00 for Hyundai 2026 ivt
[DEBUG] Group '2026_elantra' trim 'xrt': Searching with keywords=['elantra', 'xrt']
[DEBUG] Translated keywords: ['elantra', 'xrt'] → ['elantra', 'xrt']
[DEBUG] Classified tokens: {'MODEL': ['elantra'], 'TRIM': ['xrt']}
[DEBUG] After filtering ignored categories []: {'MODEL': ['elantra'], 'TRIM': ['xrt']}
[DEBUG] After filtering excluded keywords ['combustion']: ['elantra', 'xrt']
[DEBUG] Score: 15 (minimum: 10)
[DEBUG] Database search returned 0 candidates
[DEBUG] Confidence: 0.00
[WARNING]   [NOT_FOUND] Hyundai 2026 xrt keywords=['elantra', 'xrt']
[DEBUG] Group '2026_elantra': 831 total rows. 830 rows with model numbers, 1 rows with missing model numbers (empty 
ModelNumber for manual correction).
[DEBUG] Group '2026_elantra': 831 total rows. 830 rows with model numbers, 1 rows with missing model numbers (empty 
ModelNumber for manual correction).
[OUTPUT_MAPPER DEBUG] Source columns: ['year_from', 'model', 'description', 'part_number', 'dnet', 'msrp', 
'labour_rate', 'labour_hours', 'comments', 'trim_column', 'trim_level', 'model_number', 'package', 
'model_number_status']
[OUTPUT_MAPPER DEBUG] Rename map: {'year_from': 'Year', 'model': 'ModelName', 'part_number': 'Part', 'description': 
'Description', 'comments': 'Comments', 'msrp': 'Price', 'labour_hours': 'Hours', 'trim_level': 'Trim', 'model_number': 
'Model', 'package': 'Package'}
[OUTPUT_MAPPER DEBUG] Required output columns: ['Year', 'ModelName', 'Part', 'Description', 'Comments', 'Price', 
'Hours', 'Trim', 'Model', 'Package']
[OUTPUT_MAPPER DEBUG] Rename subset (columns that exist): {'year_from': 'Year', 'model': 'ModelName', 'part_number': 
'Part', 'description': 'Description', 'comments': 'Comments', 'msrp': 'Price', 'labour_hours': 'Hours', 'trim_level': 
'Trim', 'model_number': 'Model', 'package': 'Package'}
[OUTPUT_MAPPER DEBUG] After rename, columns: ['Year', 'ModelName', 'Description', 'Part', 'dnet', 'Price', 
'labour_rate', 'Hours', 'Comments', 'trim_column', 'Trim', 'Model', 'Package', 'model_number_status']
[OUTPUT_MAPPER DEBUG] Source columns: ['year_from', 'model', 'description', 'part_number', 'dnet', 'msrp', 
'labour_rate', 'labour_hours', 'comments', 'trim_column', 'trim_level', 'model_number', 'package', 
'model_number_status']
[OUTPUT_MAPPER DEBUG] Rename map: {'year_from': 'Year', 'model': 'ModelName', 'part_number': 'Part', 'description': 
'Description', 'comments': 'Comments', 'msrp': 'Price', 'labour_hours': 'Hours', 'trim_level': 'Trim', 'model_number': 
'Model', 'package': 'Package'}
[OUTPUT_MAPPER DEBUG] Required output columns: ['Year', 'ModelName', 'Part', 'Description', 'Comments', 'Price', 
'Hours', 'Trim', 'Model', 'Package']
[OUTPUT_MAPPER DEBUG] Rename subset (columns that exist): {'year_from': 'Year', 'model': 'ModelName', 'part_number': 
'Part', 'description': 'Description', 'comments': 'Comments', 'msrp': 'Price', 'labour_hours': 'Hours', 'trim_level': 
'Trim', 'model_number': 'Model', 'package': 'Package'}
[OUTPUT_MAPPER DEBUG] After rename, columns: ['Year', 'ModelName', 'Description', 'Part', 'dnet', 'Price', 
'labour_rate', 'Hours', 'Comments', 'trim_column', 'Trim', 'Model', 'Package', 'model_number_status']
[INFO] SHEET COMPLETE | sheet=2026_elantra | records_in=94 | records_out=1662
[INFO] SHEET START | sheet=2026_ioniq_5
[DEBUG] Group '2026_ioniq_5' (model 'ioniq_5'): routed to manufacturer 'Hyundai'
[DEBUG] Column mapping for '2026_ioniq_5': {'Model_Year_From': 'year_from', 'Model_Year_To': None, 'Model': 'model', 
'Trim_1': None, 'Trim_2': None, 'Accessory_Category_(EN)': None, 'Accessory_Group_(EN)': None, 
'Accessory_Description_(EN)': 'english_description', 'Accessory_Category_(FR)': None, 'Accessory_Group_(FR)': None, 
'Accessory_Description_(FR)': 'french_description', 'Part_Number': 'part_number', 'DNET': 'dnet', 'MSRP': 'msrp', 
'Labour_Rate': 'labour_rate', 'Suggested_Labour_Hours': 'labour_hours', 'Suggested_Base_Retail_Price_w/labour': None, 
'Yearly_Rate': None, 'Weekly_Rate': None, '#of_Payments': None, 'Weekly_Payment': None, 'Comments_(EN)': 
'comments_en', 'Comments_(FR)': 'comments_fr', 'New_Part_SOS': None}
[INFO] Group '2026_ioniq_5': identified 2 trim column(s): ['Trim_1', 'Trim_2']
[DEBUG] Valid trim cols for '2026_ioniq_5': ['Trim_1', 'Trim_2']
[DEBUG] Group '2026_ioniq_5': extracted vehicle_year=2026
[DEBUG] 126 records -> 191 after melt
[INFO] Step 4.5: model_lookup enrichment | sheet='2026_ioniq_5'
[DEBUG] Group '2026_ioniq_5': Unique trims identified: ['N', 'Pref LR', 'Ult']
[DEBUG] [MERGE] Loading classification from: C:\Users\paxm\OneDrive - PBS SYSTEMS\Desktop\Office\Projects\OEM 
Accessory project\OEM_Accessories_v1\accy_v2\model_lookup\configs\hyundai\classification.yaml
[DEBUG] [MERGE] Found compound models: {'santa fe', 'santa cruz'}
[DEBUG] [MERGE] Result: ['ioniq', '5']
[DEBUG] Group '2026_ioniq_5': model_keywords from data=['ioniq', '5'], fuel_type=None
[INFO]   Model line 'ioniq_5' not in local db; attempting ADS refresh...
[INFO]   ADS returned 8 rows for Hyundai 2026 ioniq_5; saving to db...
[DEBUG] Group '2026_ioniq_5' trim 'N': Searching with keywords=['ioniq', '5', 'n']
[DEBUG] Translated keywords: ['ioniq', '5', 'n'] → ['ioniq', '5', 'n']
[WARNING] Unclassified tokens: ['5']
[DEBUG] Classified tokens: {'MODEL': ['ioniq'], 'TRIM_VARIANT': ['n']}
[DEBUG] After filtering ignored categories []: {'MODEL': ['ioniq'], 'TRIM_VARIANT': ['n']}
[DEBUG] After filtering excluded keywords ['combustion']: ['ioniq', 'n']
[DEBUG] Score: 16 (minimum: 10)
[DEBUG] Database search returned 0 candidates
[DEBUG] Confidence: 0.00
[WARNING]   [NOT_FOUND] Hyundai 2026 N keywords=['ioniq', '5', 'n']
[DEBUG] Group '2026_ioniq_5' trim 'Pref LR': Searching with keywords=['ioniq', '5', 'pref', 'lr']
[DEBUG] Translated keywords: ['ioniq', '5', 'pref', 'lr'] → ['ioniq', '5', 'preferred', 'lr']
[WARNING] Unclassified tokens: ['5', 'lr']
[DEBUG] Classified tokens: {'MODEL': ['ioniq'], 'TRIM': ['preferred']}
[DEBUG] After filtering ignored categories []: {'MODEL': ['ioniq'], 'TRIM': ['preferred']}
[DEBUG] After filtering excluded keywords ['combustion']: ['ioniq', 'preferred']
[DEBUG] Score: 15 (minimum: 10)
[WARNING] Unclassified tokens: ['long', 'range']
[WARNING] Unclassified tokens: ['long', 'range']
[WARNING] Unclassified tokens: ['long', 'range', 'w/ultimate']
[WARNING] Unclassified tokens: ['w/luxury']
[WARNING] Unclassified tokens: ['+', 'w/ultimate']
[WARNING] Unclassified tokens: ['+']
[DEBUG] TRIM matching (exact) narrowed to 6 candidates for searched TRIM: {'preferred'}
[DEBUG] Database search returned 6 candidates
[DEBUG] Confidence: 0.00
[WARNING] Unclassified tokens: ['long', 'range']
[WARNING] Unclassified tokens: ['long', 'range']
[WARNING] Unclassified tokens: ['long', 'range', 'w/ultimate']
[WARNING] Unclassified tokens: ['w/luxury']
[WARNING] Unclassified tokens: ['+']
[WARNING] Unclassified tokens: ['long', 'range']
[WARNING] Unclassified tokens: ['long', 'range']
[WARNING] Unclassified tokens: ['long', 'range', 'w/ultimate']
[WARNING] Unclassified tokens: ['w/luxury']
[WARNING] Unclassified tokens: ['+']
[DEBUG] Resolved 6 candidates to 6 variant(s) by distinct Package [480462, 480463, 480464, 476070, 476071, 477563] 
(descriptions differ, ModelNumbers may repeat)
[DEBUG]   [OK] Found model_number(s)=['I5EW5ZE4PRLR', 'I5EW5ZE2PRLR', 'I5EW5ZE2PRUP', 'I9EW7ZE2PR00', 'I9EW7ZE2PRLP', 
'I9EW7ZE1PR00'] package(s)=[480462, 480463, 480464, 476070, 476071, 477563] confidence=0.00 for Hyundai 2026 Pref LR
[DEBUG] Group '2026_ioniq_5' trim 'Ult': Searching with keywords=['ioniq', '5', 'ult']
[DEBUG] Translated keywords: ['ioniq', '5', 'ult'] → ['ioniq', '5', 'ultimate']
[WARNING] Unclassified tokens: ['5']
[DEBUG] Classified tokens: {'MODEL': ['ioniq'], 'TRIM': ['ultimate']}
[DEBUG] After filtering ignored categories []: {'MODEL': ['ioniq'], 'TRIM': ['ultimate']}
[DEBUG] After filtering excluded keywords ['combustion']: ['ioniq', 'ultimate']
[DEBUG] Score: 15 (minimum: 10)
[WARNING] Unclassified tokens: ['long', 'range', 'w/ultimate']
[WARNING] Unclassified tokens: ['+', 'w/ultimate']
[DEBUG] Database search returned 2 candidates
[DEBUG] Confidence: 0.00
[WARNING] Unclassified tokens: ['long', 'range', 'w/ultimate']
[WARNING] Unclassified tokens: ['+', 'w/ultimate']
[WARNING] Unclassified tokens: ['long', 'range', 'w/ultimate']
[WARNING] Unclassified tokens: ['+', 'w/ultimate']
[DEBUG] Resolved 2 candidates to 2 variant(s) by distinct Package [480464, 476072] (descriptions differ, ModelNumbers 
may repeat)
[DEBUG]   [OK] Found model_number(s)=['I5EW5ZE2PRUP', 'I9EW6ZE1PRBG'] package(s)=[480464, 476072] confidence=0.00 for 
Hyundai 2026 Ult
[DEBUG] Group '2026_ioniq_5': 617 total rows. 568 rows with model numbers, 49 rows with missing model numbers (empty 
ModelNumber for manual correction).
[DEBUG] Group '2026_ioniq_5': 617 total rows. 568 rows with model numbers, 49 rows with missing model numbers (empty 
ModelNumber for manual correction).
[OUTPUT_MAPPER DEBUG] Source columns: ['year_from', 'model', 'description', 'part_number', 'dnet', 'msrp', 
'labour_rate', 'labour_hours', 'comments', 'trim_column', 'trim_level', 'model_number', 'package', 
'model_number_status']
[OUTPUT_MAPPER DEBUG] Rename map: {'year_from': 'Year', 'model': 'ModelName', 'part_number': 'Part', 'description': 
'Description', 'comments': 'Comments', 'msrp': 'Price', 'labour_hours': 'Hours', 'trim_level': 'Trim', 'model_number': 
'Model', 'package': 'Package'}
[OUTPUT_MAPPER DEBUG] Required output columns: ['Year', 'ModelName', 'Part', 'Description', 'Comments', 'Price', 
'Hours', 'Trim', 'Model', 'Package']
[OUTPUT_MAPPER DEBUG] Rename subset (columns that exist): {'year_from': 'Year', 'model': 'ModelName', 'part_number': 
'Part', 'description': 'Description', 'comments': 'Comments', 'msrp': 'Price', 'labour_hours': 'Hours', 'trim_level': 
'Trim', 'model_number': 'Model', 'package': 'Package'}
[OUTPUT_MAPPER DEBUG] After rename, columns: ['Year', 'ModelName', 'Description', 'Part', 'dnet', 'Price', 
'labour_rate', 'Hours', 'Comments', 'trim_column', 'Trim', 'Model', 'Package', 'model_number_status']
[OUTPUT_MAPPER DEBUG] Source columns: ['year_from', 'model', 'description', 'part_number', 'dnet', 'msrp', 
'labour_rate', 'labour_hours', 'comments', 'trim_column', 'trim_level', 'model_number', 'package', 
'model_number_status']
[OUTPUT_MAPPER DEBUG] Rename map: {'year_from': 'Year', 'model': 'ModelName', 'part_number': 'Part', 'description': 
'Description', 'comments': 'Comments', 'msrp': 'Price', 'labour_hours': 'Hours', 'trim_level': 'Trim', 'model_number': 
'Model', 'package': 'Package'}
[OUTPUT_MAPPER DEBUG] Required output columns: ['Year', 'ModelName', 'Part', 'Description', 'Comments', 'Price', 
'Hours', 'Trim', 'Model', 'Package']
[OUTPUT_MAPPER DEBUG] Rename subset (columns that exist): {'year_from': 'Year', 'model': 'ModelName', 'part_number': 
'Part', 'description': 'Description', 'comments': 'Comments', 'msrp': 'Price', 'labour_hours': 'Hours', 'trim_level': 
'Trim', 'model_number': 'Model', 'package': 'Package'}
[OUTPUT_MAPPER DEBUG] After rename, columns: ['Year', 'ModelName', 'Description', 'Part', 'dnet', 'Price', 
'labour_rate', 'Hours', 'Comments', 'trim_column', 'Trim', 'Model', 'Package', 'model_number_status']
[INFO] SHEET COMPLETE | sheet=2026_ioniq_5 | records_in=126 | records_out=1234
[INFO] SHEET START | sheet=2026_ioniq_9
[DEBUG] Group '2026_ioniq_9' (model 'ioniq_9'): routed to manufacturer 'Hyundai'
[DEBUG] Column mapping for '2026_ioniq_9': {'Model_Year_From': 'year_from', 'Model_Year_To': None, 'Model': 'model', 
'Trim_1': None, 'Trim_2': None, 'Trim_3': None, 'Trim_4': None, 'Accessory_Category_(EN)': None, 
'Accessory_Group_(EN)': None, 'Accessory_Description_(EN)': 'english_description', 'Accessory_Category_(FR)': None, 
'Accessory_Group_(FR)': None, 'Accessory_Description_(FR)': 'french_description', 'Part_Number': 'part_number', 
'DNET': 'dnet', 'MSRP': 'msrp', 'Labour_Rate': 'labour_rate', 'Suggested_Labour_Hours': 'labour_hours', 
'Suggested_Base_Retail_Price_w/labour': None, 'Yearly_Rate': None, 'Weekly_Rate': None, '#of_Payments': None, 
'Weekly_Payment': None, 'Comments_(EN)': 'comments_en', 'Comments_(FR)': 'comments_fr', 'New_Part_SOS': None, 
'MAF_Update': None}
[INFO] Group '2026_ioniq_9': identified 4 trim column(s): ['Trim_1', 'Trim_2', 'Trim_3', 'Trim_4']
[DEBUG] Valid trim cols for '2026_ioniq_9': ['Trim_1', 'Trim_2', 'Trim_3', 'Trim_4']
[DEBUG] Group '2026_ioniq_9': extracted vehicle_year=2026
[DEBUG] 75 records -> 284 after melt
[INFO] Step 4.5: model_lookup enrichment | sheet='2026_ioniq_9'
[DEBUG] Group '2026_ioniq_9': Unique trims identified: ['Ess', 'Lux', 'Pref', 'Ult Calli']
[DEBUG] [MERGE] Loading classification from: C:\Users\paxm\OneDrive - PBS SYSTEMS\Desktop\Office\Projects\OEM 
Accessory project\OEM_Accessories_v1\accy_v2\model_lookup\configs\hyundai\classification.yaml
[DEBUG] [MERGE] Found compound models: {'santa fe', 'santa cruz'}
[DEBUG] [MERGE] Result: ['ioniq', '9']
[DEBUG] Group '2026_ioniq_9': model_keywords from data=['ioniq', '9'], fuel_type=None
[INFO]   Model line 'ioniq_9' not in local db; attempting ADS refresh...
[INFO]   ADS returned 8 rows for Hyundai 2026 ioniq_9; saving to db...
[DEBUG] Group '2026_ioniq_9' trim 'Ess': Searching with keywords=['ioniq', '9', 'ess']
[DEBUG] Translated keywords: ['ioniq', '9', 'ess'] → ['ioniq', '9', 'essential']
[WARNING] Unclassified tokens: ['9']
[DEBUG] Classified tokens: {'MODEL': ['ioniq'], 'TRIM': ['essential']}
[DEBUG] After filtering ignored categories []: {'MODEL': ['ioniq'], 'TRIM': ['essential']}
[DEBUG] After filtering excluded keywords ['combustion']: ['ioniq', 'essential']
[DEBUG] Score: 15 (minimum: 10)
[DEBUG] Database search returned 1 candidates
[DEBUG] Confidence: 0.23
[DEBUG]   [OK] Found model_number(s)=['I9EW7ZE4ES00'] package(s)=[np.int64(476069)] confidence=0.23 for Hyundai 2026 
Ess
[DEBUG] Group '2026_ioniq_9' trim 'Lux': Searching with keywords=['ioniq', '9', 'lux']
[DEBUG] Translated keywords: ['ioniq', '9', 'lux'] → ['ioniq', '9', 'luxury']
[WARNING] Unclassified tokens: ['9']
[DEBUG] Classified tokens: {'MODEL': ['ioniq'], 'TRIM': ['luxury']}
[DEBUG] After filtering ignored categories []: {'MODEL': ['ioniq'], 'TRIM': ['luxury']}
[DEBUG] After filtering excluded keywords ['combustion']: ['ioniq', 'luxury']
[DEBUG] Score: 15 (minimum: 10)
[DEBUG] Database search returned 1 candidates
[DEBUG] Confidence: 0.23
[DEBUG]   [OK] Found model_number(s)=['I9EW7ZE2PRLP'] package(s)=[np.int64(476071)] confidence=0.23 for Hyundai 2026 
Lux
[DEBUG] Group '2026_ioniq_9' trim 'Pref': Searching with keywords=['ioniq', '9', 'pref']
[DEBUG] Translated keywords: ['ioniq', '9', 'pref'] → ['ioniq', '9', 'preferred']
[WARNING] Unclassified tokens: ['9']
[DEBUG] Classified tokens: {'MODEL': ['ioniq'], 'TRIM': ['preferred']}
[DEBUG] After filtering ignored categories []: {'MODEL': ['ioniq'], 'TRIM': ['preferred']}
[DEBUG] After filtering excluded keywords ['combustion']: ['ioniq', 'preferred']
[DEBUG] Score: 15 (minimum: 10)
[WARNING] Unclassified tokens: ['long', 'range']
[WARNING] Unclassified tokens: ['long', 'range']
[WARNING] Unclassified tokens: ['long', 'range', 'w/ultimate']
[WARNING] Unclassified tokens: ['w/luxury']
[WARNING] Unclassified tokens: ['+', 'w/ultimate']
[WARNING] Unclassified tokens: ['+']
[DEBUG] TRIM matching (exact) narrowed to 6 candidates for searched TRIM: {'preferred'}
[DEBUG] Database search returned 6 candidates
[DEBUG] Confidence: 0.00
[WARNING] Unclassified tokens: ['long', 'range']
[WARNING] Unclassified tokens: ['long', 'range']
[WARNING] Unclassified tokens: ['long', 'range', 'w/ultimate']
[WARNING] Unclassified tokens: ['w/luxury']
[WARNING] Unclassified tokens: ['+']
[WARNING] Unclassified tokens: ['long', 'range']
[WARNING] Unclassified tokens: ['long', 'range']
[WARNING] Unclassified tokens: ['long', 'range', 'w/ultimate']
[WARNING] Unclassified tokens: ['w/luxury']
[WARNING] Unclassified tokens: ['+']
[DEBUG] Resolved 6 candidates to 6 variant(s) by distinct Package [480462, 480463, 480464, 476070, 476071, 477563] 
(descriptions differ, ModelNumbers may repeat)
[DEBUG]   [OK] Found model_number(s)=['I5EW5ZE4PRLR', 'I5EW5ZE2PRLR', 'I5EW5ZE2PRUP', 'I9EW7ZE2PR00', 'I9EW7ZE2PRLP', 
'I9EW7ZE1PR00'] package(s)=[480462, 480463, 480464, 476070, 476071, 477563] confidence=0.00 for Hyundai 2026 Pref
[DEBUG] Group '2026_ioniq_9' trim 'Ult Calli': Searching with keywords=['ioniq', '9', 'ult', 'calli']
[DEBUG] Translated keywords: ['ioniq', '9', 'ult', 'calli'] → ['ioniq', '9', 'ultimate', 'calligraphy']
[WARNING] Unclassified tokens: ['9']
[DEBUG] Classified tokens: {'MODEL': ['ioniq'], 'TRIM': ['ultimate', 'calligraphy']}
[DEBUG] After filtering ignored categories []: {'MODEL': ['ioniq'], 'TRIM': ['ultimate', 'calligraphy']}
[DEBUG] After filtering excluded keywords ['combustion']: ['ioniq', 'ultimate', 'calligraphy']
[DEBUG] Score: 15 (minimum: 10)
[DEBUG] Database search returned 1 candidates
[DEBUG] Confidence: 0.23
[DEBUG]   [OK] Found model_number(s)=['I9EW6ZE1PRBG'] package(s)=[np.int64(476072)] confidence=0.23 for Hyundai 2026 
Ult Calli
[DEBUG] Group '2026_ioniq_9': 639 total rows. 639 rows with model numbers, 0 rows with missing model numbers (empty 
ModelNumber for manual correction).
[DEBUG] Group '2026_ioniq_9': 639 total rows. 639 rows with model numbers, 0 rows with missing model numbers (empty 
ModelNumber for manual correction).
[OUTPUT_MAPPER DEBUG] Source columns: ['year_from', 'model', 'description', 'part_number', 'dnet', 'msrp', 
'labour_rate', 'labour_hours', 'comments', 'trim_column', 'trim_level', 'model_number', 'package', 
'model_number_status']
[OUTPUT_MAPPER DEBUG] Rename map: {'year_from': 'Year', 'model': 'ModelName', 'part_number': 'Part', 'description': 
'Description', 'comments': 'Comments', 'msrp': 'Price', 'labour_hours': 'Hours', 'trim_level': 'Trim', 'model_number': 
'Model', 'package': 'Package'}
[OUTPUT_MAPPER DEBUG] Required output columns: ['Year', 'ModelName', 'Part', 'Description', 'Comments', 'Price', 
'Hours', 'Trim', 'Model', 'Package']
[OUTPUT_MAPPER DEBUG] Rename subset (columns that exist): {'year_from': 'Year', 'model': 'ModelName', 'part_number': 
'Part', 'description': 'Description', 'comments': 'Comments', 'msrp': 'Price', 'labour_hours': 'Hours', 'trim_level': 
'Trim', 'model_number': 'Model', 'package': 'Package'}
[OUTPUT_MAPPER DEBUG] After rename, columns: ['Year', 'ModelName', 'Description', 'Part', 'dnet', 'Price', 
'labour_rate', 'Hours', 'Comments', 'trim_column', 'Trim', 'Model', 'Package', 'model_number_status']
[OUTPUT_MAPPER DEBUG] Source columns: ['year_from', 'model', 'description', 'part_number', 'dnet', 'msrp', 
'labour_rate', 'labour_hours', 'comments', 'trim_column', 'trim_level', 'model_number', 'package', 
'model_number_status']
[OUTPUT_MAPPER DEBUG] Rename map: {'year_from': 'Year', 'model': 'ModelName', 'part_number': 'Part', 'description': 
'Description', 'comments': 'Comments', 'msrp': 'Price', 'labour_hours': 'Hours', 'trim_level': 'Trim', 'model_number': 
'Model', 'package': 'Package'}
[OUTPUT_MAPPER DEBUG] Required output columns: ['Year', 'ModelName', 'Part', 'Description', 'Comments', 'Price', 
'Hours', 'Trim', 'Model', 'Package']
[OUTPUT_MAPPER DEBUG] Rename subset (columns that exist): {'year_from': 'Year', 'model': 'ModelName', 'part_number': 
'Part', 'description': 'Description', 'comments': 'Comments', 'msrp': 'Price', 'labour_hours': 'Hours', 'trim_level': 
'Trim', 'model_number': 'Model', 'package': 'Package'}
[OUTPUT_MAPPER DEBUG] After rename, columns: ['Year', 'ModelName', 'Description', 'Part', 'dnet', 'Price', 
'labour_rate', 'Hours', 'Comments', 'trim_column', 'Trim', 'Model', 'Package', 'model_number_status']
[INFO] SHEET COMPLETE | sheet=2026_ioniq_9 | records_in=75 | records_out=1278
[INFO] SHEET START | sheet=2026_kona
[DEBUG] Group '2026_kona' (model 'kona'): routed to manufacturer 'Hyundai'
[DEBUG] Column mapping for '2026_kona': {'Model_Year_From': 'year_from', 'Model_Year_To': None, 'Model': 'model', 
'Trim_1': None, 'Trim_2': None, 'Trim_3': None, 'Trim_4': None, 'Trim_5': None, 'Accessory_Category_(EN)': None, 
'Accessory_Group_(EN)': None, 'Accessory_Description_(EN)': 'english_description', 'Accessory_Category_(FR)': None, 
'Accessory_Group_(FR)': None, 'Accessory_Description_(FR)': 'french_description', 'Part_Number': 'part_number', 
'DNET': 'dnet', 'MSRP': 'msrp', 'Labour_Rate': 'labour_rate', 'Suggested_Labour_Hours': 'labour_hours', 
'Suggested_Base_Retail_Price_w/labour': None, 'Yearly_Rate': None, 'Weekly_Rate': None, '#of_Payments': None, 
'Weekly_Payment': None, 'Comments_(EN)': 'comments_en', 'Comments_(FR)': 'comments_fr', 'New_Part_SOS': None, 
'Outgoing_Part_Flag': None}
[INFO] Group '2026_kona': identified 5 trim column(s): ['Trim_1', 'Trim_2', 'Trim_3', 'Trim_4', 'Trim_5']
[DEBUG] Valid trim cols for '2026_kona': ['Trim_1', 'Trim_2', 'Trim_3', 'Trim_4', 'Trim_5']
[DEBUG] Group '2026_kona': extracted vehicle_year=2026
[DEBUG] 90 records -> 406 after melt
[INFO] Step 4.5: model_lookup enrichment | sheet='2026_kona'
[DEBUG] Group '2026_kona': Unique trims identified: ['Ess', 'N-Line', 'N-Line Ult', 'Pref', 'Trend']
[DEBUG] Group '2026_kona': model_keywords from data=['kona'], fuel_type=None
[DEBUG] Group '2026_kona' trim 'Ess': Searching with keywords=['kona', 'ess']
[DEBUG] Translated keywords: ['kona', 'ess'] → ['kona', 'essential']
[DEBUG] Classified tokens: {'MODEL': ['kona'], 'TRIM': ['essential']}
[DEBUG] After filtering ignored categories []: {'MODEL': ['kona'], 'TRIM': ['essential']}
[DEBUG] After filtering excluded keywords ['combustion']: ['kona', 'essential']
[DEBUG] Score: 15 (minimum: 10)
[DEBUG] TRIM matching (exact) narrowed to 2 candidates for searched TRIM: {'essential'}
[DEBUG] Database search returned 2 candidates
[DEBUG] Confidence: 0.00
[DEBUG] Resolved 2 candidates to 2 variant(s) by distinct Package [479275, 479277] (descriptions differ, ModelNumbers 
may repeat)
[DEBUG]   [OK] Found model_number(s)=['KOCW5V2BES00', 'KOCW5Q2BES00'] package(s)=[479275, 479277] confidence=0.00 for 
Hyundai 2026 Ess
[DEBUG] Group '2026_kona' trim 'N-Line': Searching with keywords=['kona', 'n-line']
[DEBUG] Translated keywords: ['kona', 'n-line'] → ['kona', 'n-line']
[DEBUG] Classified tokens: {'MODEL': ['kona'], 'TRIM_VARIANT': ['n-line']}
[DEBUG] After filtering ignored categories []: {'MODEL': ['kona'], 'TRIM_VARIANT': ['n-line']}
[DEBUG] After filtering excluded keywords ['combustion']: ['kona', 'n-line']
[DEBUG] Score: 16 (minimum: 10)
[DEBUG] Database search returned 4 candidates
[DEBUG] Confidence: 0.00
[WARNING] Unclassified tokens: ['w/two-tone', 'roof']
[WARNING] Unclassified tokens: ['w/two-tone', 'roof']
[WARNING] Unclassified tokens: ['w/two-tone', 'roof']
[WARNING] Unclassified tokens: ['w/two-tone', 'roof']
[DEBUG] Resolved 4 candidates to 4 variant(s) by distinct Package [479280, 479281, 479282, 479283] (descriptions 
differ, ModelNumbers may repeat)
[DEBUG]   [OK] Found model_number(s)=['KOCW5K1ANL00', 'KOCW5K1ANLTT', 'KOCW5K1ANLUL', 'KOCW5K1ANLBA'] 
package(s)=[479280, 479281, 479282, 479283] confidence=0.00 for Hyundai 2026 N-Line
[DEBUG] Group '2026_kona' trim 'N-Line Ult': Searching with keywords=['kona', 'n-line', 'ult']
[DEBUG] Translated keywords: ['kona', 'n-line', 'ult'] → ['kona', 'n-line', 'ultimate']
[DEBUG] Classified tokens: {'MODEL': ['kona'], 'TRIM_VARIANT': ['n-line'], 'TRIM': ['ultimate']}
[DEBUG] After filtering ignored categories []: {'MODEL': ['kona'], 'TRIM_VARIANT': ['n-line'], 'TRIM': ['ultimate']}
[DEBUG] After filtering excluded keywords ['combustion']: ['kona', 'n-line', 'ultimate']
[DEBUG] Score: 21 (minimum: 10)
[WARNING] Unclassified tokens: ['w/two-tone', 'roof']
[DEBUG] TRIM matching (exact) narrowed to 2 candidates for searched TRIM: {'ultimate'}
[DEBUG] Database search returned 2 candidates
[DEBUG] Confidence: 0.00
[WARNING] Unclassified tokens: ['w/two-tone', 'roof']
[WARNING] Unclassified tokens: ['w/two-tone', 'roof']
[DEBUG] Resolved 2 candidates to 2 package variant(s) with packages [479282, 479283] (ignoring [])
[DEBUG]   [OK] Found model_number(s)=['KOCW5K1ANLUL', 'KOCW5K1ANLBA'] package(s)=[479282, 479283] confidence=0.00 for 
Hyundai 2026 N-Line Ult
[DEBUG] Group '2026_kona' trim 'Pref': Searching with keywords=['kona', 'pref']
[DEBUG] Translated keywords: ['kona', 'pref'] → ['kona', 'preferred']
[DEBUG] Classified tokens: {'MODEL': ['kona'], 'TRIM': ['preferred']}
[DEBUG] After filtering ignored categories []: {'MODEL': ['kona'], 'TRIM': ['preferred']}
[DEBUG] After filtering excluded keywords ['combustion']: ['kona', 'preferred']
[DEBUG] Score: 15 (minimum: 10)
[WARNING] Unclassified tokens: ['w/trend']
[DEBUG] TRIM matching (exact) narrowed to 3 candidates for searched TRIM: {'preferred'}
[DEBUG] Database search returned 3 candidates
[DEBUG] Confidence: 0.00
[WARNING] Unclassified tokens: ['w/trend']
[WARNING] Unclassified tokens: ['w/trend']
[DEBUG] Resolved 3 candidates to 3 variant(s) by distinct Package [479276, 479278, 479279] (descriptions differ, 
ModelNumbers may repeat)
[DEBUG]   [OK] Found model_number(s)=['KOCW5V2BPR00', 'KOCW5Q2BPR00', 'KOCW5Q2BPRTR'] package(s)=[479276, 479278, 
479279] confidence=0.00 for Hyundai 2026 Pref
[DEBUG] Group '2026_kona' trim 'Trend': Searching with keywords=['kona', 'trend']
[DEBUG] Translated keywords: ['kona', 'trend'] → ['kona', 'trend']
[DEBUG] Classified tokens: {'MODEL': ['kona'], 'TRIM': ['trend']}
[DEBUG] After filtering ignored categories []: {'MODEL': ['kona'], 'TRIM': ['trend']}
[DEBUG] After filtering excluded keywords ['combustion']: ['kona', 'trend']
[DEBUG] Score: 15 (minimum: 10)
[DEBUG] Database search returned 1 candidates
[DEBUG] Confidence: 0.23
[DEBUG]   [OK] Found model_number(s)=['KOCW5Q2BPRTR'] package(s)=[np.int64(479279)] confidence=0.23 for Hyundai 2026 
Trend
[DEBUG] Group '2026_kona': 975 total rows. 975 rows with model numbers, 0 rows with missing model numbers (empty 
ModelNumber for manual correction).
[DEBUG] Group '2026_kona': 975 total rows. 975 rows with model numbers, 0 rows with missing model numbers (empty 
ModelNumber for manual correction).
[OUTPUT_MAPPER DEBUG] Source columns: ['year_from', 'model', 'description', 'part_number', 'dnet', 'msrp', 
'labour_rate', 'labour_hours', 'comments', 'trim_column', 'trim_level', 'model_number', 'package', 
'model_number_status']
[OUTPUT_MAPPER DEBUG] Rename map: {'year_from': 'Year', 'model': 'ModelName', 'part_number': 'Part', 'description': 
'Description', 'comments': 'Comments', 'msrp': 'Price', 'labour_hours': 'Hours', 'trim_level': 'Trim', 'model_number': 
'Model', 'package': 'Package'}
[OUTPUT_MAPPER DEBUG] Required output columns: ['Year', 'ModelName', 'Part', 'Description', 'Comments', 'Price', 
'Hours', 'Trim', 'Model', 'Package']
[OUTPUT_MAPPER DEBUG] Rename subset (columns that exist): {'year_from': 'Year', 'model': 'ModelName', 'part_number': 
'Part', 'description': 'Description', 'comments': 'Comments', 'msrp': 'Price', 'labour_hours': 'Hours', 'trim_level': 
'Trim', 'model_number': 'Model', 'package': 'Package'}
[OUTPUT_MAPPER DEBUG] After rename, columns: ['Year', 'ModelName', 'Description', 'Part', 'dnet', 'Price', 
'labour_rate', 'Hours', 'Comments', 'trim_column', 'Trim', 'Model', 'Package', 'model_number_status']
[OUTPUT_MAPPER DEBUG] Source columns: ['year_from', 'model', 'description', 'part_number', 'dnet', 'msrp', 
'labour_rate', 'labour_hours', 'comments', 'trim_column', 'trim_level', 'model_number', 'package', 
'model_number_status']
[OUTPUT_MAPPER DEBUG] Rename map: {'year_from': 'Year', 'model': 'ModelName', 'part_number': 'Part', 'description': 
'Description', 'comments': 'Comments', 'msrp': 'Price', 'labour_hours': 'Hours', 'trim_level': 'Trim', 'model_number': 
'Model', 'package': 'Package'}
[OUTPUT_MAPPER DEBUG] Required output columns: ['Year', 'ModelName', 'Part', 'Description', 'Comments', 'Price', 
'Hours', 'Trim', 'Model', 'Package']
[OUTPUT_MAPPER DEBUG] Rename subset (columns that exist): {'year_from': 'Year', 'model': 'ModelName', 'part_number': 
'Part', 'description': 'Description', 'comments': 'Comments', 'msrp': 'Price', 'labour_hours': 'Hours', 'trim_level': 
'Trim', 'model_number': 'Model', 'package': 'Package'}
[OUTPUT_MAPPER DEBUG] After rename, columns: ['Year', 'ModelName', 'Description', 'Part', 'dnet', 'Price', 
'labour_rate', 'Hours', 'Comments', 'trim_column', 'Trim', 'Model', 'Package', 'model_number_status']
[INFO] SHEET COMPLETE | sheet=2026_kona | records_in=90 | records_out=1950
[INFO] SHEET START | sheet=2026_kona_ev
[DEBUG] Group '2026_kona_ev' (model 'kona_ev'): routed to manufacturer 'Hyundai'
[DEBUG] Column mapping for '2026_kona_ev': {'Model_Year_From': 'year_from', 'Model_Year_To': None, 'Model': 'model', 
'Trim_1': None, 'Trim_2': None, 'Trim_3': None, 'Accessory_Category_(EN)': None, 'Accessory_Group_(EN)': None, 
'Accessory_Description_(EN)': 'english_description', 'Accessory_Category_(FR)': None, 'Accessory_Group_(FR)': None, 
'Accessory_Description_(FR)': 'french_description', 'Part_Number': 'part_number', 'DNET': 'dnet', 'MSRP': 'msrp', 
'Labour_Rate': 'labour_rate', 'Suggested_Labour_Hours': 'labour_hours', 'Suggested_Base_Retail_Price_w/labour': None, 
'Yearly_Rate': None, 'Weekly_Rate': None, '#of_Payments': None, 'Weekly_Payment': None, 'Comments_(EN)': 
'comments_en', 'Comments_(FR)': 'comments_fr', 'New_Part_SOS': None, 'Outgoing_Part_Flag': None}
[INFO] Group '2026_kona_ev': identified 3 trim column(s): ['Trim_1', 'Trim_2', 'Trim_3']
[DEBUG] Valid trim cols for '2026_kona_ev': ['Trim_1', 'Trim_2', 'Trim_3']
[DEBUG] Group '2026_kona_ev': extracted vehicle_year=2026
[DEBUG] 76 records -> 224 after melt
[INFO] Step 4.5: model_lookup enrichment | sheet='2026_kona_ev'
[DEBUG] Group '2026_kona_ev': Unique trims identified: ['Pref', 'Trend', 'Ult']
[DEBUG] [MERGE] Loading classification from: C:\Users\paxm\OneDrive - PBS SYSTEMS\Desktop\Office\Projects\OEM 
Accessory project\OEM_Accessories_v1\accy_v2\model_lookup\configs\hyundai\classification.yaml
[DEBUG] [MERGE] Found compound models: {'santa fe', 'santa cruz'}
[DEBUG] [MERGE] Result: ['kona', 'ev']
[DEBUG] Group '2026_kona_ev': model_keywords from data=['kona', 'ev'], fuel_type=None
[INFO]   Model line 'kona_ev' not in local db; attempting ADS refresh...
mapper | HYUNDAI | KEEW5ZE4PR00 | Keyword 'electric' found but NOT in translator. Returning keyword as-is.
mapper | HYUNDAI | KEEW5ZE4PRTR | Keyword 'electric' found but NOT in translator. Returning keyword as-is.
mapper | HYUNDAI | KEEW5ZE4PRUP | Keyword 'electric' found but NOT in translator. Returning keyword as-is.
mapper | HYUNDAI | KEEW5ZE4PRUT | Keyword 'electric' found but NOT in translator. Returning keyword as-is.
[INFO]   ADS returned 13 rows for Hyundai 2026 kona_ev; saving to db...
[DEBUG] Group '2026_kona_ev' trim 'Pref': Searching with keywords=['kona', 'ev', 'pref']
[DEBUG] Translated keywords: ['kona', 'ev', 'pref'] → ['kona', 'electric', 'preferred']
[DEBUG] Classified tokens: {'MODEL': ['kona'], 'ENGINE_TYPE': ['electric'], 'TRIM': ['preferred']}
[DEBUG] After filtering ignored categories []: {'MODEL': ['kona'], 'ENGINE_TYPE': ['electric'], 'TRIM': ['preferred']}
[DEBUG] After filtering excluded keywords ['combustion']: ['kona', 'electric', 'preferred']
[DEBUG] Score: 23 (minimum: 10)
[WARNING] Unclassified tokens: ['w/trend']
[WARNING] Unclassified tokens: ['w/ultimate']
[WARNING] Unclassified tokens: ['w/ultimate']
[DEBUG] TRIM matching (exact) narrowed to 4 candidates for searched TRIM: {'preferred'}
[DEBUG] Database search returned 4 candidates
[DEBUG] Confidence: 0.00
[WARNING] Unclassified tokens: ['w/trend']
[WARNING] Unclassified tokens: ['w/ultimate']
[WARNING] Unclassified tokens: ['w/ultimate']
[WARNING] Unclassified tokens: ['w/trend']
[WARNING] Unclassified tokens: ['w/ultimate']
[WARNING] Unclassified tokens: ['w/ultimate']
[DEBUG] Resolved 4 candidates to 4 variant(s) by distinct Package [481446, 481447, 481448, 481449] (descriptions 
differ, ModelNumbers may repeat)
[DEBUG]   [OK] Found model_number(s)=['KEEW5ZE4PR00', 'KEEW5ZE4PRTR', 'KEEW5ZE4PRUP', 'KEEW5ZE4PRUT'] 
package(s)=[481446, 481447, 481448, 481449] confidence=0.00 for Hyundai 2026 Pref
[DEBUG] Group '2026_kona_ev' trim 'Trend': Searching with keywords=['kona', 'ev', 'trend']
[DEBUG] Translated keywords: ['kona', 'ev', 'trend'] → ['kona', 'electric', 'trend']
[DEBUG] Classified tokens: {'MODEL': ['kona'], 'ENGINE_TYPE': ['electric'], 'TRIM': ['trend']}
[DEBUG] After filtering ignored categories []: {'MODEL': ['kona'], 'ENGINE_TYPE': ['electric'], 'TRIM': ['trend']}
[DEBUG] After filtering excluded keywords ['combustion']: ['kona', 'electric', 'trend']
[DEBUG] Score: 23 (minimum: 10)
[DEBUG] Database search returned 1 candidates
[DEBUG] Confidence: 0.36
[DEBUG]   [OK] Found model_number(s)=['KEEW5ZE4PRTR'] package(s)=[np.int64(481447)] confidence=0.36 for Hyundai 2026 
Trend
[DEBUG] Group '2026_kona_ev' trim 'Ult': Searching with keywords=['kona', 'ev', 'ult']
[DEBUG] Translated keywords: ['kona', 'ev', 'ult'] → ['kona', 'electric', 'ultimate']
[DEBUG] Classified tokens: {'MODEL': ['kona'], 'ENGINE_TYPE': ['electric'], 'TRIM': ['ultimate']}
[DEBUG] After filtering ignored categories []: {'MODEL': ['kona'], 'ENGINE_TYPE': ['electric'], 'TRIM': ['ultimate']}
[DEBUG] After filtering excluded keywords ['combustion']: ['kona', 'electric', 'ultimate']
[DEBUG] Score: 23 (minimum: 10)
[WARNING] Unclassified tokens: ['w/ultimate']
[WARNING] Unclassified tokens: ['w/ultimate']
[DEBUG] Database search returned 2 candidates
[DEBUG] Confidence: 0.00
[WARNING] Unclassified tokens: ['w/ultimate']
[WARNING] Unclassified tokens: ['w/ultimate']
[WARNING] Unclassified tokens: ['w/ultimate']
[WARNING] Unclassified tokens: ['w/ultimate']
[DEBUG] Resolved 2 candidates to 2 variant(s) by distinct Package [481448, 481449] (descriptions differ, ModelNumbers 
may repeat)
[DEBUG]   [OK] Found model_number(s)=['KEEW5ZE4PRUP', 'KEEW5ZE4PRUT'] package(s)=[481448, 481449] confidence=0.00 for 
Hyundai 2026 Ult
[DEBUG] Group '2026_kona_ev': 519 total rows. 519 rows with model numbers, 0 rows with missing model numbers (empty 
ModelNumber for manual correction).
[DEBUG] Group '2026_kona_ev': 519 total rows. 519 rows with model numbers, 0 rows with missing model numbers (empty 
ModelNumber for manual correction).
[OUTPUT_MAPPER DEBUG] Source columns: ['year_from', 'model', 'description', 'part_number', 'dnet', 'msrp', 
'labour_rate', 'labour_hours', 'comments', 'trim_column', 'trim_level', 'model_number', 'package', 
'model_number_status']
[OUTPUT_MAPPER DEBUG] Rename map: {'year_from': 'Year', 'model': 'ModelName', 'part_number': 'Part', 'description': 
'Description', 'comments': 'Comments', 'msrp': 'Price', 'labour_hours': 'Hours', 'trim_level': 'Trim', 'model_number': 
'Model', 'package': 'Package'}
[OUTPUT_MAPPER DEBUG] Required output columns: ['Year', 'ModelName', 'Part', 'Description', 'Comments', 'Price', 
'Hours', 'Trim', 'Model', 'Package']
[OUTPUT_MAPPER DEBUG] Rename subset (columns that exist): {'year_from': 'Year', 'model': 'ModelName', 'part_number': 
'Part', 'description': 'Description', 'comments': 'Comments', 'msrp': 'Price', 'labour_hours': 'Hours', 'trim_level': 
'Trim', 'model_number': 'Model', 'package': 'Package'}
[OUTPUT_MAPPER DEBUG] After rename, columns: ['Year', 'ModelName', 'Description', 'Part', 'dnet', 'Price', 
'labour_rate', 'Hours', 'Comments', 'trim_column', 'Trim', 'Model', 'Package', 'model_number_status']
[OUTPUT_MAPPER DEBUG] Source columns: ['year_from', 'model', 'description', 'part_number', 'dnet', 'msrp', 
'labour_rate', 'labour_hours', 'comments', 'trim_column', 'trim_level', 'model_number', 'package', 
'model_number_status']
[OUTPUT_MAPPER DEBUG] Rename map: {'year_from': 'Year', 'model': 'ModelName', 'part_number': 'Part', 'description': 
'Description', 'comments': 'Comments', 'msrp': 'Price', 'labour_hours': 'Hours', 'trim_level': 'Trim', 'model_number': 
'Model', 'package': 'Package'}
[OUTPUT_MAPPER DEBUG] Required output columns: ['Year', 'ModelName', 'Part', 'Description', 'Comments', 'Price', 
'Hours', 'Trim', 'Model', 'Package']
[OUTPUT_MAPPER DEBUG] Rename subset (columns that exist): {'year_from': 'Year', 'model': 'ModelName', 'part_number': 
'Part', 'description': 'Description', 'comments': 'Comments', 'msrp': 'Price', 'labour_hours': 'Hours', 'trim_level': 
'Trim', 'model_number': 'Model', 'package': 'Package'}
[OUTPUT_MAPPER DEBUG] After rename, columns: ['Year', 'ModelName', 'Description', 'Part', 'dnet', 'Price', 
'labour_rate', 'Hours', 'Comments', 'trim_column', 'Trim', 'Model', 'Package', 'model_number_status']
[INFO] SHEET COMPLETE | sheet=2026_kona_ev | records_in=77 | records_out=1038
[INFO] SHEET START | sheet=2026_palisade
[DEBUG] Group '2026_palisade' (model 'palisade'): routed to manufacturer 'Hyundai'
[DEBUG] Column mapping for '2026_palisade': {'Model_Year_From': 'year_from', 'Model_Year_To': None, 'Model': 'model', 
'Trim_1': None, 'Trim_2': None, 'Trim_3': None, 'Trim_4': None, 'Trim_5': None, 'Accessory_Category_(EN)': None, 
'Accessory_Group_(EN)': None, 'Accessory_Description_(EN)': 'english_description', 'Accessory_Category_(FR)': None, 
'Accessory_Group_(FR)': None, 'Accessory_Description_(FR)': 'french_description', 'Part_Number': 'part_number', 
'DNET': 'dnet', 'MSRP': 'msrp', 'Labour_Rate': 'labour_rate', 'Suggested_Labour_Hours': 'labour_hours', 
'Suggested_Base_Retail_Price_w/labour': None, 'Yearly_Rate': None, 'Weekly_Rate': None, '#of_Payments': None, 
'Weekly_Payment': None, 'Comments_(EN)': 'comments_en', 'Comments_(FR)': 'comments_fr', 'New_Part_SOS': None, 
'Outgoing_Part_Flag': None}
[INFO] Group '2026_palisade': identified 5 trim column(s): ['Trim_1', 'Trim_2', 'Trim_3', 'Trim_4', 'Trim_5']
[DEBUG] Valid trim cols for '2026_palisade': ['Trim_1', 'Trim_2', 'Trim_3', 'Trim_4', 'Trim_5']
[DEBUG] Group '2026_palisade': extracted vehicle_year=2026
[DEBUG] 91 records -> 391 after melt
[INFO] Step 4.5: model_lookup enrichment | sheet='2026_palisade'
[DEBUG] Group '2026_palisade': Unique trims identified: ['Calli HEV', 'Calli ICE', 'Lux HEV', 'Pref Trend', 'XRT']
[DEBUG] Group '2026_palisade': model_keywords from data=['palisade'], fuel_type=None
[DEBUG] Group '2026_palisade' trim 'Calli HEV': Searching with keywords=['palisade', 'calli', 'hev']
[DEBUG] Translated keywords: ['palisade', 'calli', 'hev'] → ['palisade', 'calligraphy', 'hybrid']
[DEBUG] Classified tokens: {'MODEL': ['palisade'], 'TRIM': ['calligraphy'], 'ENGINE_TYPE': ['hybrid']}
[DEBUG] After filtering ignored categories []: {'MODEL': ['palisade'], 'TRIM': ['calligraphy'], 'ENGINE_TYPE': 
['hybrid']}
[DEBUG] After filtering excluded keywords ['combustion']: ['palisade', 'calligraphy', 'hybrid']
[DEBUG] Score: 23 (minimum: 10)
[WARNING] Unclassified tokens: ['special']
[DEBUG] TRIM matching (subset) narrowed to 2 candidates for searched TRIM: {'calligraphy'}
[DEBUG] Database search returned 2 candidates
[DEBUG] Confidence: 0.00
[WARNING] Unclassified tokens: ['special']
[WARNING] Unclassified tokens: ['special']
[DEBUG] Resolved 2 candidates to 2 variant(s) by distinct Package [480299, 481523] (descriptions differ, ModelNumbers 
may repeat)
[DEBUG]   [OK] Found model_number(s)=['PAHW7G2DULCH', 'PAHW7G2DULCH'] package(s)=[480299, 481523] confidence=0.00 for 
Hyundai 2026 Calli HEV
[DEBUG] Group '2026_palisade' trim 'Calli ICE': Searching with keywords=['palisade', 'calli', 'ice']
[DEBUG] Translated keywords: ['palisade', 'calli', 'ice'] → ['palisade', 'calligraphy', 'ice']
[DEBUG] Classified tokens: {'MODEL': ['palisade'], 'TRIM': ['calligraphy'], 'ENGINE_SPEC': ['ice']}
[DEBUG] After filtering ignored categories []: {'MODEL': ['palisade'], 'TRIM': ['calligraphy'], 'ENGINE_SPEC': ['ice']}
[DEBUG] After filtering excluded keywords ['combustion']: ['palisade', 'calligraphy', 'ice']
[DEBUG] Score: 22 (minimum: 10)
[DEBUG] Database search returned 1 candidates
[DEBUG] Confidence: 0.34
[DEBUG]   [OK] Found model_number(s)=['PACW7K3FULCA'] package(s)=[np.int64(480187)] confidence=0.34 for Hyundai 2026 
Calli ICE
[DEBUG] Group '2026_palisade' trim 'Lux HEV': Searching with keywords=['palisade', 'lux', 'hev']
[DEBUG] Translated keywords: ['palisade', 'lux', 'hev'] → ['palisade', 'luxury', 'hybrid']
[DEBUG] Classified tokens: {'MODEL': ['palisade'], 'TRIM': ['luxury'], 'ENGINE_TYPE': ['hybrid']}
[DEBUG] After filtering ignored categories []: {'MODEL': ['palisade'], 'TRIM': ['luxury'], 'ENGINE_TYPE': ['hybrid']}
[DEBUG] After filtering excluded keywords ['combustion']: ['palisade', 'luxury', 'hybrid']
[DEBUG] Score: 23 (minimum: 10)
[DEBUG] TRIM matching (exact) narrowed to 2 candidates for searched TRIM: {'luxury'}
[DEBUG] Database search returned 2 candidates
[DEBUG] Confidence: 0.00
[DEBUG] Resolved 2 candidates to 2 variant(s) by distinct Package [480297, 480298] (descriptions differ, ModelNumbers 
may repeat)
[DEBUG]   [OK] Found model_number(s)=['PAHW8G2DLU8H', 'PAHW7G2DLU7H'] package(s)=[480297, 480298] confidence=0.00 for 
Hyundai 2026 Lux HEV
[DEBUG] Group '2026_palisade' trim 'Pref Trend': Searching with keywords=['palisade', 'pref', 'trend']
[DEBUG] Translated keywords: ['palisade', 'pref', 'trend'] → ['palisade', 'preferred', 'trend']
[DEBUG] Classified tokens: {'MODEL': ['palisade'], 'TRIM': ['preferred', 'trend']}
[DEBUG] After filtering ignored categories []: {'MODEL': ['palisade'], 'TRIM': ['preferred', 'trend']}
[DEBUG] After filtering excluded keywords ['combustion']: ['palisade', 'preferred', 'trend']
[DEBUG] Score: 15 (minimum: 10)
[DEBUG] Database search returned 1 candidates
[DEBUG] Confidence: 0.23
[DEBUG]   [OK] Found model_number(s)=['PACW8K3FPRTR'] package(s)=[np.int64(480186)] confidence=0.23 for Hyundai 2026 
Pref Trend
[DEBUG] Group '2026_palisade' trim 'XRT': Searching with keywords=['palisade', 'xrt']
[DEBUG] Translated keywords: ['palisade', 'xrt'] → ['palisade', 'xrt']
[DEBUG] Classified tokens: {'MODEL': ['palisade'], 'TRIM': ['xrt']}
[DEBUG] After filtering ignored categories []: {'MODEL': ['palisade'], 'TRIM': ['xrt']}
[DEBUG] After filtering excluded keywords ['combustion']: ['palisade', 'xrt']
[DEBUG] Score: 15 (minimum: 10)
[DEBUG] Database search returned 1 candidates
[DEBUG] Confidence: 0.23
[DEBUG]   [OK] Found model_number(s)=['PACW7K3FXP00'] package(s)=[np.int64(480188)] confidence=0.23 for Hyundai 2026 
XRT
[DEBUG] Group '2026_palisade': 545 total rows. 545 rows with model numbers, 0 rows with missing model numbers (empty 
ModelNumber for manual correction).
[DEBUG] Group '2026_palisade': 545 total rows. 545 rows with model numbers, 0 rows with missing model numbers (empty 
ModelNumber for manual correction).
[OUTPUT_MAPPER DEBUG] Source columns: ['year_from', 'model', 'description', 'part_number', 'dnet', 'msrp', 
'labour_rate', 'labour_hours', 'comments', 'trim_column', 'trim_level', 'model_number', 'package', 
'model_number_status']
[OUTPUT_MAPPER DEBUG] Rename map: {'year_from': 'Year', 'model': 'ModelName', 'part_number': 'Part', 'description': 
'Description', 'comments': 'Comments', 'msrp': 'Price', 'labour_hours': 'Hours', 'trim_level': 'Trim', 'model_number': 
'Model', 'package': 'Package'}
[OUTPUT_MAPPER DEBUG] Required output columns: ['Year', 'ModelName', 'Part', 'Description', 'Comments', 'Price', 
'Hours', 'Trim', 'Model', 'Package']
[OUTPUT_MAPPER DEBUG] Rename subset (columns that exist): {'year_from': 'Year', 'model': 'ModelName', 'part_number': 
'Part', 'description': 'Description', 'comments': 'Comments', 'msrp': 'Price', 'labour_hours': 'Hours', 'trim_level': 
'Trim', 'model_number': 'Model', 'package': 'Package'}
[OUTPUT_MAPPER DEBUG] After rename, columns: ['Year', 'ModelName', 'Description', 'Part', 'dnet', 'Price', 
'labour_rate', 'Hours', 'Comments', 'trim_column', 'Trim', 'Model', 'Package', 'model_number_status']
[OUTPUT_MAPPER DEBUG] Source columns: ['year_from', 'model', 'description', 'part_number', 'dnet', 'msrp', 
'labour_rate', 'labour_hours', 'comments', 'trim_column', 'trim_level', 'model_number', 'package', 
'model_number_status']
[OUTPUT_MAPPER DEBUG] Rename map: {'year_from': 'Year', 'model': 'ModelName', 'part_number': 'Part', 'description': 
'Description', 'comments': 'Comments', 'msrp': 'Price', 'labour_hours': 'Hours', 'trim_level': 'Trim', 'model_number': 
'Model', 'package': 'Package'}
[OUTPUT_MAPPER DEBUG] Required output columns: ['Year', 'ModelName', 'Part', 'Description', 'Comments', 'Price', 
'Hours', 'Trim', 'Model', 'Package']
[OUTPUT_MAPPER DEBUG] Rename subset (columns that exist): {'year_from': 'Year', 'model': 'ModelName', 'part_number': 
'Part', 'description': 'Description', 'comments': 'Comments', 'msrp': 'Price', 'labour_hours': 'Hours', 'trim_level': 
'Trim', 'model_number': 'Model', 'package': 'Package'}
[OUTPUT_MAPPER DEBUG] After rename, columns: ['Year', 'ModelName', 'Description', 'Part', 'dnet', 'Price', 
'labour_rate', 'Hours', 'Comments', 'trim_column', 'Trim', 'Model', 'Package', 'model_number_status']
[INFO] SHEET COMPLETE | sheet=2026_palisade | records_in=91 | records_out=1090
[INFO] SHEET START | sheet=2026_santa_cruz
[DEBUG] Group '2026_santa_cruz' (model 'santa_cruz'): routed to manufacturer 'Hyundai'
[DEBUG] Column mapping for '2026_santa_cruz': {'Model_Year_From': 'year_from', 'Model_Year_To': None, 'Model': 
'model', 'Trim_1': None, 'Trim_2': None, 'Trim_3': None, 'Accessory_Category_(EN)': None, 'Accessory_Group_(EN)': 
None, 'Accessory_Description_(EN)': 'english_description', 'Accessory_Category_(FR)': None, 'Accessory_Group_(FR)': 
None, 'Accessory_Description_(FR)': 'french_description', 'Part_Number': 'part_number', 'DNET': 'dnet', 'MSRP': 
'msrp', 'Labour_Rate': 'labour_rate', 'Suggested_Labour_Hours': 'labour_hours', 
'Suggested_Base_Retail_Price_w/labour': None, 'Yearly_Rate': None, 'Weekly_Rate': None, '#of_Payments': None, 
'Weekly_Payment': None, 'Comments_(EN)': 'comments_en', 'Comments_(FR)': 'comments_fr', 'New_Part_SOS': None, 
'Outgoing_Part_Flag': None}
[INFO] Group '2026_santa_cruz': identified 3 trim column(s): ['Trim_1', 'Trim_2', 'Trim_3']
[DEBUG] Valid trim cols for '2026_santa_cruz': ['Trim_1', 'Trim_2', 'Trim_3']
[DEBUG] Group '2026_santa_cruz': extracted vehicle_year=2026
[DEBUG] 97 records -> 282 after melt
[INFO] Step 4.5: model_lookup enrichment | sheet='2026_santa_cruz'
[DEBUG] Group '2026_santa_cruz': Unique trims identified: ['Pref', 'Ult', 'XRT']
[DEBUG] [MERGE] Loading classification from: C:\Users\paxm\OneDrive - PBS SYSTEMS\Desktop\Office\Projects\OEM 
Accessory project\OEM_Accessories_v1\accy_v2\model_lookup\configs\hyundai\classification.yaml
[DEBUG] [MERGE] Found compound models: {'santa fe', 'santa cruz'}
[DEBUG] [MERGE] Merged ['santa', 'cruz'] -> 'santa cruz'
[DEBUG] [MERGE] Result: ['santa cruz']
[DEBUG] Group '2026_santa_cruz': model_keywords from data=['santa cruz'], fuel_type=None
[INFO]   Model line 'santa_cruz' not in local db; attempting ADS refresh...
[WARNING]   ADS returned no results for Hyundai 2026 santa_cruz
[DEBUG] Group '2026_santa_cruz' trim 'Pref': Searching with keywords=['santa cruz', 'pref']
[DEBUG] Translated keywords: ['santa cruz', 'pref'] → ['santa cruz', 'preferred']
[DEBUG] Classified tokens: {'MODEL': ['santa cruz'], 'TRIM': ['preferred']}
[DEBUG] After filtering ignored categories []: {'MODEL': ['santa cruz'], 'TRIM': ['preferred']}
[DEBUG] After filtering excluded keywords ['combustion']: ['santa cruz', 'preferred']
[DEBUG] Score: 15 (minimum: 10)
[DEBUG] Database search returned 0 candidates
[DEBUG] Confidence: 0.00
[WARNING]   [NOT_FOUND] Hyundai 2026 Pref keywords=['santa cruz', 'pref']
[DEBUG] Group '2026_santa_cruz' trim 'Ult': Searching with keywords=['santa cruz', 'ult']
[DEBUG] Translated keywords: ['santa cruz', 'ult'] → ['santa cruz', 'ultimate']
[DEBUG] Classified tokens: {'MODEL': ['santa cruz'], 'TRIM': ['ultimate']}
[DEBUG] After filtering ignored categories []: {'MODEL': ['santa cruz'], 'TRIM': ['ultimate']}
[DEBUG] After filtering excluded keywords ['combustion']: ['santa cruz', 'ultimate']
[DEBUG] Score: 15 (minimum: 10)
[DEBUG] Database search returned 0 candidates
[DEBUG] Confidence: 0.00
[WARNING]   [NOT_FOUND] Hyundai 2026 Ult keywords=['santa cruz', 'ult']
[DEBUG] Group '2026_santa_cruz' trim 'XRT': Searching with keywords=['santa cruz', 'xrt']
[DEBUG] Translated keywords: ['santa cruz', 'xrt'] → ['santa cruz', 'xrt']
[DEBUG] Classified tokens: {'MODEL': ['santa cruz'], 'TRIM': ['xrt']}
[DEBUG] After filtering ignored categories []: {'MODEL': ['santa cruz'], 'TRIM': ['xrt']}
[DEBUG] After filtering excluded keywords ['combustion']: ['santa cruz', 'xrt']
[DEBUG] Score: 15 (minimum: 10)
[DEBUG] Database search returned 0 candidates
[DEBUG] Confidence: 0.00
[WARNING]   [NOT_FOUND] Hyundai 2026 XRT keywords=['santa cruz', 'xrt']
[DEBUG] Group '2026_santa_cruz': 282 total rows. 0 rows with model numbers, 282 rows with missing model numbers (empty 
ModelNumber for manual correction).
[DEBUG] Group '2026_santa_cruz': 282 total rows. 0 rows with model numbers, 282 rows with missing model numbers (empty 
ModelNumber for manual correction).
[OUTPUT_MAPPER DEBUG] Source columns: ['year_from', 'model', 'description', 'part_number', 'dnet', 'msrp', 
'labour_rate', 'labour_hours', 'comments', 'trim_column', 'trim_level', 'model_number', 'package', 
'model_number_status']
[OUTPUT_MAPPER DEBUG] Rename map: {'year_from': 'Year', 'model': 'ModelName', 'part_number': 'Part', 'description': 
'Description', 'comments': 'Comments', 'msrp': 'Price', 'labour_hours': 'Hours', 'trim_level': 'Trim', 'model_number': 
'Model', 'package': 'Package'}
[OUTPUT_MAPPER DEBUG] Required output columns: ['Year', 'ModelName', 'Part', 'Description', 'Comments', 'Price', 
'Hours', 'Trim', 'Model', 'Package']
[OUTPUT_MAPPER DEBUG] Rename subset (columns that exist): {'year_from': 'Year', 'model': 'ModelName', 'part_number': 
'Part', 'description': 'Description', 'comments': 'Comments', 'msrp': 'Price', 'labour_hours': 'Hours', 'trim_level': 
'Trim', 'model_number': 'Model', 'package': 'Package'}
[OUTPUT_MAPPER DEBUG] After rename, columns: ['Year', 'ModelName', 'Description', 'Part', 'dnet', 'Price', 
'labour_rate', 'Hours', 'Comments', 'trim_column', 'Trim', 'Model', 'Package', 'model_number_status']
[OUTPUT_MAPPER DEBUG] Source columns: ['year_from', 'model', 'description', 'part_number', 'dnet', 'msrp', 
'labour_rate', 'labour_hours', 'comments', 'trim_column', 'trim_level', 'model_number', 'package', 
'model_number_status']
[OUTPUT_MAPPER DEBUG] Rename map: {'year_from': 'Year', 'model': 'ModelName', 'part_number': 'Part', 'description': 
'Description', 'comments': 'Comments', 'msrp': 'Price', 'labour_hours': 'Hours', 'trim_level': 'Trim', 'model_number': 
'Model', 'package': 'Package'}
[OUTPUT_MAPPER DEBUG] Required output columns: ['Year', 'ModelName', 'Part', 'Description', 'Comments', 'Price', 
'Hours', 'Trim', 'Model', 'Package']
[OUTPUT_MAPPER DEBUG] Rename subset (columns that exist): {'year_from': 'Year', 'model': 'ModelName', 'part_number': 
'Part', 'description': 'Description', 'comments': 'Comments', 'msrp': 'Price', 'labour_hours': 'Hours', 'trim_level': 
'Trim', 'model_number': 'Model', 'package': 'Package'}
[OUTPUT_MAPPER DEBUG] After rename, columns: ['Year', 'ModelName', 'Description', 'Part', 'dnet', 'Price', 
'labour_rate', 'Hours', 'Comments', 'trim_column', 'Trim', 'Model', 'Package', 'model_number_status']
[INFO] SHEET COMPLETE | sheet=2026_santa_cruz | records_in=97 | records_out=564
[INFO] SHEET START | sheet=2026_santa_fe
[DEBUG] Group '2026_santa_fe' (model 'santa_fe'): routed to manufacturer 'Hyundai'
[DEBUG] Column mapping for '2026_santa_fe': {'Model_Year_From': 'year_from', 'Model_Year_To': None, 'Model': 'model', 
'Trim_1': None, 'Trim_2': None, 'Trim_3': None, 'Trim_4': None, 'Trim_5': None, 'Trim_6': None, 'Trim_7': None, 
'Accessory_Category_(EN)': None, 'Accessory_Group_(EN)': None, 'Accessory_Description_(EN)': 'english_description', 
'Accessory_Category_(FR)': None, 'Accessory_Group_(FR)': None, 'Accessory_Description_(FR)': 'french_description', 
'Part_Number': 'part_number', 'DNET': 'dnet', 'MSRP': 'msrp', 'Labour_Rate': 'labour_rate', 'Suggested_Labour_Hours': 
'labour_hours', 'Suggested_Base_Retail_Price_w/labour': None, 'Yearly_Rate': None, 'Weekly_Rate': None, 
'#of_Payments': None, 'Weekly_Payment': None, 'Comments_(EN)': 'comments_en', 'Comments_(FR)': 'comments_fr', 
'New_Part_SOS': None, 'Outgoing_Part_Flag': None, 'MAF_Update': None}
[INFO] Group '2026_santa_fe': identified 7 trim column(s): ['Trim_1', 'Trim_2', 'Trim_3', 'Trim_4', 'Trim_5', 
'Trim_6', 'Trim_7']
[DEBUG] Valid trim cols for '2026_santa_fe': ['Trim_1', 'Trim_2', 'Trim_3', 'Trim_4', 'Trim_5', 'Trim_6', 'Trim_7']
[DEBUG] Group '2026_santa_fe': extracted vehicle_year=2026
[DEBUG] 111 records -> 615 after melt
[INFO] Step 4.5: model_lookup enrichment | sheet='2026_santa_fe'
[DEBUG] Group '2026_santa_fe': Unique trims identified: ['Calli HEV', 'Calli ICE', 'Lux HEV', 'Lux ICE', 'Pref HEV', 
'Pref HEV w/ Trend', 'XRT']
[DEBUG] [MERGE] Loading classification from: C:\Users\paxm\OneDrive - PBS SYSTEMS\Desktop\Office\Projects\OEM 
Accessory project\OEM_Accessories_v1\accy_v2\model_lookup\configs\hyundai\classification.yaml
[DEBUG] [MERGE] Found compound models: {'santa fe', 'santa cruz'}
[DEBUG] [MERGE] Merged ['santa', 'fe'] -> 'santa fe'
[DEBUG] [MERGE] Result: ['santa fe']
[DEBUG] Group '2026_santa_fe': model_keywords from data=['santa fe'], fuel_type=None
[INFO]   Model line 'santa_fe' not in local db; attempting ADS refresh...
[WARNING]   ADS returned no results for Hyundai 2026 santa_fe
[DEBUG] Group '2026_santa_fe' trim 'Calli HEV': Searching with keywords=['santa fe', 'calli', 'hev']
[DEBUG] Translated keywords: ['santa fe', 'calli', 'hev'] → ['santa fe', 'calligraphy', 'hybrid']
[DEBUG] Classified tokens: {'MODEL': ['santa fe'], 'TRIM': ['calligraphy'], 'ENGINE_TYPE': ['hybrid']}
[DEBUG] After filtering ignored categories []: {'MODEL': ['santa fe'], 'TRIM': ['calligraphy'], 'ENGINE_TYPE': 
['hybrid']}
[DEBUG] After filtering excluded keywords ['combustion']: ['santa fe', 'calligraphy', 'hybrid']
[DEBUG] Score: 23 (minimum: 10)
[WARNING] Unclassified tokens: ['w/beige']
[DEBUG] TRIM matching (subset) narrowed to 2 candidates for searched TRIM: {'calligraphy'}
[DEBUG] Database search returned 2 candidates
[DEBUG] Confidence: 0.00
[WARNING] Unclassified tokens: ['w/beige']
[WARNING] Unclassified tokens: ['w/beige']
[DEBUG] Resolved 2 candidates to 2 package variant(s) with packages [480192, 480193] (ignoring [])
[DEBUG]   [OK] Found model_number(s)=['SAHW6G1AULBG', 'SAHW6G1AULBH'] package(s)=[480192, 480193] confidence=0.00 for 
Hyundai 2026 Calli HEV
[DEBUG] Group '2026_santa_fe' trim 'Calli ICE': Searching with keywords=['santa fe', 'calli', 'ice']
[DEBUG] Translated keywords: ['santa fe', 'calli', 'ice'] → ['santa fe', 'calligraphy', 'ice']
[DEBUG] Classified tokens: {'MODEL': ['santa fe'], 'TRIM': ['calligraphy'], 'ENGINE_SPEC': ['ice']}
[DEBUG] After filtering ignored categories []: {'MODEL': ['santa fe'], 'TRIM': ['calligraphy'], 'ENGINE_SPEC': ['ice']}
[DEBUG] After filtering excluded keywords ['combustion']: ['santa fe', 'calligraphy', 'ice']
[DEBUG] Score: 22 (minimum: 10)
[DEBUG] Database search returned 0 candidates
[DEBUG] Confidence: 0.00
[WARNING]   [NOT_FOUND] Hyundai 2026 Calli ICE keywords=['santa fe', 'calli', 'ice']
[DEBUG] Group '2026_santa_fe' trim 'Lux HEV': Searching with keywords=['santa fe', 'lux', 'hev']
[DEBUG] Translated keywords: ['santa fe', 'lux', 'hev'] → ['santa fe', 'luxury', 'hybrid']
[DEBUG] Classified tokens: {'MODEL': ['santa fe'], 'TRIM': ['luxury'], 'ENGINE_TYPE': ['hybrid']}
[DEBUG] After filtering ignored categories []: {'MODEL': ['santa fe'], 'TRIM': ['luxury'], 'ENGINE_TYPE': ['hybrid']}
[DEBUG] After filtering excluded keywords ['combustion']: ['santa fe', 'luxury', 'hybrid']
[DEBUG] Score: 23 (minimum: 10)
[DEBUG] Database search returned 1 candidates
[DEBUG] Confidence: 0.36
[DEBUG]   [OK] Found model_number(s)=['SAHW7G1ALUHE'] package(s)=[np.int64(480191)] confidence=0.36 for Hyundai 2026 
Lux HEV
[DEBUG] Group '2026_santa_fe' trim 'Lux ICE': Searching with keywords=['santa fe', 'lux', 'ice']
[DEBUG] Translated keywords: ['santa fe', 'lux', 'ice'] → ['santa fe', 'luxury', 'ice']
[DEBUG] Classified tokens: {'MODEL': ['santa fe'], 'TRIM': ['luxury'], 'ENGINE_SPEC': ['ice']}
[DEBUG] After filtering ignored categories []: {'MODEL': ['santa fe'], 'TRIM': ['luxury'], 'ENGINE_SPEC': ['ice']}
[DEBUG] After filtering excluded keywords ['combustion']: ['santa fe', 'luxury', 'ice']
[DEBUG] Score: 22 (minimum: 10)
[DEBUG] Database search returned 0 candidates
[DEBUG] Confidence: 0.00
[WARNING]   [NOT_FOUND] Hyundai 2026 Lux ICE keywords=['santa fe', 'lux', 'ice']
[DEBUG] Group '2026_santa_fe' trim 'Pref HEV': Searching with keywords=['santa fe', 'pref', 'hev']
[DEBUG] Translated keywords: ['santa fe', 'pref', 'hev'] → ['santa fe', 'preferred', 'hybrid']
[DEBUG] Classified tokens: {'MODEL': ['santa fe'], 'TRIM': ['preferred'], 'ENGINE_TYPE': ['hybrid']}
[DEBUG] After filtering ignored categories []: {'MODEL': ['santa fe'], 'TRIM': ['preferred'], 'ENGINE_TYPE': 
['hybrid']}
[DEBUG] After filtering excluded keywords ['combustion']: ['santa fe', 'preferred', 'hybrid']
[DEBUG] Score: 23 (minimum: 10)
[WARNING] Unclassified tokens: ['w/trend']
[DEBUG] TRIM matching (exact) narrowed to 2 candidates for searched TRIM: {'preferred'}
[DEBUG] Database search returned 2 candidates
[DEBUG] Confidence: 0.00
[WARNING] Unclassified tokens: ['w/trend']
[WARNING] Unclassified tokens: ['w/trend']
[DEBUG] Resolved 2 candidates to 2 variant(s) by distinct Package [480189, 480190] (descriptions differ, ModelNumbers 
may repeat)
[DEBUG]   [OK] Found model_number(s)=['SAHW7G1APRHE', 'SAHW7G1APRTH'] package(s)=[480189, 480190] confidence=0.00 for 
Hyundai 2026 Pref HEV
[DEBUG] Group '2026_santa_fe' trim 'Pref HEV w/ Trend': Searching with keywords=['santa fe', 'pref', 'hev', 'w/', 
'trend']
[DEBUG] Translated keywords: ['santa fe', 'pref', 'hev', 'w/', 'trend'] → ['santa fe', 'preferred', 'hybrid', 'w/', 
'trend']
[WARNING] Unclassified tokens: ['w/']
[DEBUG] Classified tokens: {'MODEL': ['santa fe'], 'TRIM': ['preferred', 'trend'], 'ENGINE_TYPE': ['hybrid']}
[DEBUG] After filtering ignored categories []: {'MODEL': ['santa fe'], 'TRIM': ['preferred', 'trend'], 'ENGINE_TYPE': 
['hybrid']}
[DEBUG] After filtering excluded keywords ['combustion']: ['santa fe', 'preferred', 'trend', 'hybrid']
[DEBUG] Score: 23 (minimum: 10)
[DEBUG] Database search returned 1 candidates
[DEBUG] Confidence: 0.36
[DEBUG]   [OK] Found model_number(s)=['SAHW7G1APRTH'] package(s)=[np.int64(480190)] confidence=0.36 for Hyundai 2026 
Pref HEV w/ Trend
[DEBUG] Group '2026_santa_fe' trim 'XRT': Searching with keywords=['santa fe', 'xrt']
[DEBUG] Translated keywords: ['santa fe', 'xrt'] → ['santa fe', 'xrt']
[DEBUG] Classified tokens: {'MODEL': ['santa fe'], 'TRIM': ['xrt']}
[DEBUG] After filtering ignored categories []: {'MODEL': ['santa fe'], 'TRIM': ['xrt']}
[DEBUG] After filtering excluded keywords ['combustion']: ['santa fe', 'xrt']
[DEBUG] Score: 15 (minimum: 10)
[DEBUG] Database search returned 0 candidates
[DEBUG] Confidence: 0.00
[WARNING]   [NOT_FOUND] Hyundai 2026 XRT keywords=['santa fe', 'xrt']
[DEBUG] Group '2026_santa_fe': 774 total rows. 479 rows with model numbers, 295 rows with missing model numbers (empty 
ModelNumber for manual correction).
[DEBUG] Group '2026_santa_fe': 774 total rows. 479 rows with model numbers, 295 rows with missing model numbers (empty 
ModelNumber for manual correction).
[OUTPUT_MAPPER DEBUG] Source columns: ['year_from', 'model', 'description', 'part_number', 'dnet', 'msrp', 
'labour_rate', 'labour_hours', 'comments', 'trim_column', 'trim_level', 'model_number', 'package', 
'model_number_status']
[OUTPUT_MAPPER DEBUG] Rename map: {'year_from': 'Year', 'model': 'ModelName', 'part_number': 'Part', 'description': 
'Description', 'comments': 'Comments', 'msrp': 'Price', 'labour_hours': 'Hours', 'trim_level': 'Trim', 'model_number': 
'Model', 'package': 'Package'}
[OUTPUT_MAPPER DEBUG] Required output columns: ['Year', 'ModelName', 'Part', 'Description', 'Comments', 'Price', 
'Hours', 'Trim', 'Model', 'Package']
[OUTPUT_MAPPER DEBUG] Rename subset (columns that exist): {'year_from': 'Year', 'model': 'ModelName', 'part_number': 
'Part', 'description': 'Description', 'comments': 'Comments', 'msrp': 'Price', 'labour_hours': 'Hours', 'trim_level': 
'Trim', 'model_number': 'Model', 'package': 'Package'}
[OUTPUT_MAPPER DEBUG] After rename, columns: ['Year', 'ModelName', 'Description', 'Part', 'dnet', 'Price', 
'labour_rate', 'Hours', 'Comments', 'trim_column', 'Trim', 'Model', 'Package', 'model_number_status']
[OUTPUT_MAPPER DEBUG] Source columns: ['year_from', 'model', 'description', 'part_number', 'dnet', 'msrp', 
'labour_rate', 'labour_hours', 'comments', 'trim_column', 'trim_level', 'model_number', 'package', 
'model_number_status']
[OUTPUT_MAPPER DEBUG] Rename map: {'year_from': 'Year', 'model': 'ModelName', 'part_number': 'Part', 'description': 
'Description', 'comments': 'Comments', 'msrp': 'Price', 'labour_hours': 'Hours', 'trim_level': 'Trim', 'model_number': 
'Model', 'package': 'Package'}
[OUTPUT_MAPPER DEBUG] Required output columns: ['Year', 'ModelName', 'Part', 'Description', 'Comments', 'Price', 
'Hours', 'Trim', 'Model', 'Package']
[OUTPUT_MAPPER DEBUG] Rename subset (columns that exist): {'year_from': 'Year', 'model': 'ModelName', 'part_number': 
'Part', 'description': 'Description', 'comments': 'Comments', 'msrp': 'Price', 'labour_hours': 'Hours', 'trim_level': 
'Trim', 'model_number': 'Model', 'package': 'Package'}
[OUTPUT_MAPPER DEBUG] After rename, columns: ['Year', 'ModelName', 'Description', 'Part', 'dnet', 'Price', 
'labour_rate', 'Hours', 'Comments', 'trim_column', 'Trim', 'Model', 'Package', 'model_number_status']
[INFO] SHEET COMPLETE | sheet=2026_santa_fe | records_in=111 | records_out=1548
[INFO] SHEET START | sheet=2026_sonata
[DEBUG] Group '2026_sonata' (model 'sonata'): routed to manufacturer 'Hyundai'
[DEBUG] Column mapping for '2026_sonata': {'Model_Year_From': 'year_from', 'Model_Year_To': None, 'Model': 'model', 
'Trim_1': None, 'Trim_2': None, 'Trim_3': None, 'Trim_4': None, 'Accessory_Category_(EN)': None, 
'Accessory_Group_(EN)': None, 'Accessory_Description_(EN)': 'english_description', 'Accessory_Category_(FR)': None, 
'Accessory_Group_(FR)': None, 'Accessory_Description_(FR)': 'french_description', 'Part_Number': 'part_number', 
'DNET': 'dnet', 'MSRP': 'msrp', 'Labour_Rate': 'labour_rate', 'Suggested_Labour_Hours': 'labour_hours', 
'Suggested_Base_Retail_Price_w/labour': None, 'Yearly_Rate': None, 'Weekly_Rate': None, '#of_Payments': None, 
'Weekly_Payment': None, 'Comments_(EN)': 'comments_en', 'Comments_(FR)': 'comments_fr', 'New_Part_SOS': None, 
'Outgoing_Part_Flag': None, 'MAF_Update': None}
[INFO] Group '2026_sonata': identified 4 trim column(s): ['Trim_1', 'Trim_2', 'Trim_3', 'Trim_4']
[DEBUG] Valid trim cols for '2026_sonata': ['Trim_1', 'Trim_2', 'Trim_3', 'Trim_4']
[DEBUG] Group '2026_sonata': extracted vehicle_year=2026
[DEBUG] 83 records -> 268 after melt
[INFO] Step 4.5: model_lookup enrichment | sheet='2026_sonata'
[DEBUG] Group '2026_sonata': Unique trims identified: ['HEV', 'N-Line', 'Pref', 'Trend AWD']
[DEBUG] Group '2026_sonata': model_keywords from data=['sonata'], fuel_type=None
[DEBUG] Group '2026_sonata' trim 'HEV': Searching with keywords=['sonata', 'hev']
[DEBUG] Translated keywords: ['sonata', 'hev'] → ['sonata', 'hybrid']
[DEBUG] Classified tokens: {'MODEL': ['sonata'], 'ENGINE_TYPE': ['hybrid']}
[DEBUG] After filtering ignored categories []: {'MODEL': ['sonata'], 'ENGINE_TYPE': ['hybrid']}
[DEBUG] After filtering excluded keywords ['combustion']: ['sonata', 'hybrid']
[DEBUG] Score: 18 (minimum: 10)
[DEBUG] Database search returned 1 candidates
[DEBUG] Confidence: 0.28
[DEBUG]   [OK] Found model_number(s)=['SHHS4F2FPRTH'] package(s)=[np.int64(480136)] confidence=0.28 for Hyundai 2026 
HEV
[DEBUG] Group '2026_sonata' trim 'N-Line': Searching with keywords=['sonata', 'n-line']
[DEBUG] Translated keywords: ['sonata', 'n-line'] → ['sonata', 'n-line']
[DEBUG] Classified tokens: {'MODEL': ['sonata'], 'TRIM_VARIANT': ['n-line']}
[DEBUG] After filtering ignored categories []: {'MODEL': ['sonata'], 'TRIM_VARIANT': ['n-line']}
[DEBUG] After filtering excluded keywords ['combustion']: ['sonata', 'n-line']
[DEBUG] Score: 16 (minimum: 10)
[DEBUG] Database search returned 1 candidates
[DEBUG] Confidence: 0.25
[DEBUG]   [OK] Found model_number(s)=['SOCS4M2DNL00'] package(s)=[np.int64(480134)] confidence=0.25 for Hyundai 2026 
N-Line
[DEBUG] Group '2026_sonata' trim 'Pref': Searching with keywords=['sonata', 'pref']
[DEBUG] Translated keywords: ['sonata', 'pref'] → ['sonata', 'preferred']
[DEBUG] Classified tokens: {'MODEL': ['sonata'], 'TRIM': ['preferred']}
[DEBUG] After filtering ignored categories []: {'MODEL': ['sonata'], 'TRIM': ['preferred']}
[DEBUG] After filtering excluded keywords ['combustion']: ['sonata', 'preferred']
[DEBUG] Score: 15 (minimum: 10)
[DEBUG] Database search returned 1 candidates
[DEBUG] Confidence: 0.23
[DEBUG]   [OK] Found model_number(s)=['SOCS4K2EPRTR'] package(s)=[np.int64(480135)] confidence=0.23 for Hyundai 2026 
Pref
[DEBUG] Group '2026_sonata' trim 'Trend AWD': Searching with keywords=['sonata', 'trend', 'awd']
[DEBUG] Translated keywords: ['sonata', 'trend', 'awd'] → ['sonata', 'trend', 'awd']
[DEBUG] Classified tokens: {'MODEL': ['sonata'], 'TRIM': ['trend'], 'DRIVETRAIN': ['awd']}
[DEBUG] After filtering ignored categories []: {'MODEL': ['sonata'], 'TRIM': ['trend'], 'DRIVETRAIN': ['awd']}
[DEBUG] After filtering excluded keywords ['combustion']: ['sonata', 'trend', 'awd']
[DEBUG] Score: 21 (minimum: 10)
[DEBUG] Database search returned 1 candidates
[DEBUG] Confidence: 0.33
[DEBUG]   [OK] Found model_number(s)=['SOCS4K2EPRTR'] package(s)=[np.int64(480135)] confidence=0.33 for Hyundai 2026 
Trend AWD
[DEBUG] Group '2026_sonata': 268 total rows. 268 rows with model numbers, 0 rows with missing model numbers (empty 
ModelNumber for manual correction).
[DEBUG] Group '2026_sonata': 268 total rows. 268 rows with model numbers, 0 rows with missing model numbers (empty 
ModelNumber for manual correction).
[OUTPUT_MAPPER DEBUG] Source columns: ['year_from', 'model', 'description', 'part_number', 'dnet', 'msrp', 
'labour_rate', 'labour_hours', 'comments', 'trim_column', 'trim_level', 'model_number', 'package', 
'model_number_status']
[OUTPUT_MAPPER DEBUG] Rename map: {'year_from': 'Year', 'model': 'ModelName', 'part_number': 'Part', 'description': 
'Description', 'comments': 'Comments', 'msrp': 'Price', 'labour_hours': 'Hours', 'trim_level': 'Trim', 'model_number': 
'Model', 'package': 'Package'}
[OUTPUT_MAPPER DEBUG] Required output columns: ['Year', 'ModelName', 'Part', 'Description', 'Comments', 'Price', 
'Hours', 'Trim', 'Model', 'Package']
[OUTPUT_MAPPER DEBUG] Rename subset (columns that exist): {'year_from': 'Year', 'model': 'ModelName', 'part_number': 
'Part', 'description': 'Description', 'comments': 'Comments', 'msrp': 'Price', 'labour_hours': 'Hours', 'trim_level': 
'Trim', 'model_number': 'Model', 'package': 'Package'}
[OUTPUT_MAPPER DEBUG] After rename, columns: ['Year', 'ModelName', 'Description', 'Part', 'dnet', 'Price', 
'labour_rate', 'Hours', 'Comments', 'trim_column', 'Trim', 'Model', 'Package', 'model_number_status']
[OUTPUT_MAPPER DEBUG] Source columns: ['year_from', 'model', 'description', 'part_number', 'dnet', 'msrp', 
'labour_rate', 'labour_hours', 'comments', 'trim_column', 'trim_level', 'model_number', 'package', 
'model_number_status']
[OUTPUT_MAPPER DEBUG] Rename map: {'year_from': 'Year', 'model': 'ModelName', 'part_number': 'Part', 'description': 
'Description', 'comments': 'Comments', 'msrp': 'Price', 'labour_hours': 'Hours', 'trim_level': 'Trim', 'model_number': 
'Model', 'package': 'Package'}
[OUTPUT_MAPPER DEBUG] Required output columns: ['Year', 'ModelName', 'Part', 'Description', 'Comments', 'Price', 
'Hours', 'Trim', 'Model', 'Package']
[OUTPUT_MAPPER DEBUG] Rename subset (columns that exist): {'year_from': 'Year', 'model': 'ModelName', 'part_number': 
'Part', 'description': 'Description', 'comments': 'Comments', 'msrp': 'Price', 'labour_hours': 'Hours', 'trim_level': 
'Trim', 'model_number': 'Model', 'package': 'Package'}
[OUTPUT_MAPPER DEBUG] After rename, columns: ['Year', 'ModelName', 'Description', 'Part', 'dnet', 'Price', 
'labour_rate', 'Hours', 'Comments', 'trim_column', 'Trim', 'Model', 'Package', 'model_number_status']
[INFO] SHEET COMPLETE | sheet=2026_sonata | records_in=83 | records_out=536
[INFO] SHEET START | sheet=2026_tucson
[DEBUG] Group '2026_tucson' (model 'tucson'): routed to manufacturer 'Hyundai'
[DEBUG] Column mapping for '2026_tucson': {'Model_Year_From': 'year_from', 'Model_Year_To': None, 'Model': 'model', 
'Trim_1': None, 'Trim_2': None, 'Trim_3': None, 'Trim_4': None, 'Trim_5': None, 'Trim_6': None, 
'Accessory_Category_(EN)': None, 'Accessory_Group_(EN)': None, 'Accessory_Description_(EN)': 'english_description', 
'Accessory_Category_(FR)': None, 'Accessory_Group_(FR)': None, 'Accessory_Description_(FR)': 'french_description', 
'Part_Number': 'part_number', 'DNET': 'dnet', 'MSRP': 'msrp', 'Labour_Rate': 'labour_rate', 'Suggested_Labour_Hours': 
'labour_hours', 'Suggested_Base_Retail_Price_w/labour': None, 'Yearly_Rate': None, 'Weekly_Rate': None, 
'#of_Payments': None, 'Weekly_Payment': None, 'PKG_Code': None, 'Comments_(EN)': 'comments_en', 'Comments_(FR)': 
'comments_fr', 'New_Part_SOS': None, 'Outgoing_Part_Flag': None, 'MAF_Update': None}
[INFO] Group '2026_tucson': identified 6 trim column(s): ['Trim_1', 'Trim_2', 'Trim_3', 'Trim_4', 'Trim_5', 'Trim_6']
[DEBUG] Valid trim cols for '2026_tucson': ['Trim_1', 'Trim_2', 'Trim_3', 'Trim_4', 'Trim_5', 'Trim_6']
[DEBUG] Group '2026_tucson': extracted vehicle_year=2026
[DEBUG] 127 records -> 540 after melt
[INFO] Step 4.5: model_lookup enrichment | sheet='2026_tucson'
[DEBUG] Group '2026_tucson': Unique trims identified: ['N-Line', 'Pref', 'Pref*', 'Trend', 'Trend*', 'Ult HEV', 'Ult 
PHEV', 'XRT']
[DEBUG] Group '2026_tucson': model_keywords from data=['tucson'], fuel_type=None
[DEBUG] Group '2026_tucson' trim 'N-Line': Searching with keywords=['tucson', 'n-line']
[DEBUG] Translated keywords: ['tucson', 'n-line'] → ['tucson', 'n-line']
[DEBUG] Classified tokens: {'MODEL': ['tucson'], 'TRIM_VARIANT': ['n-line']}
[DEBUG] After filtering ignored categories []: {'MODEL': ['tucson'], 'TRIM_VARIANT': ['n-line']}
[DEBUG] After filtering excluded keywords ['combustion']: ['tucson', 'n-line']
[DEBUG] [IMPLIED_FUEL_TYPE] Hyundai 2026 {'tucson'}/{'n-line'}: no fuel keyword in source, applying configured 'hybrid'
[DEBUG] Score: 16 (minimum: 10)
[DEBUG] Database search returned 1 candidates
[DEBUG] Confidence: 0.25
[DEBUG]   [OK] Found model_number(s)=['TUHWDG1ANLHE'] package(s)=[np.int64(480562)] confidence=0.25 for Hyundai 2026 
N-Line
[DEBUG] Group '2026_tucson' trim 'Pref': Searching with keywords=['tucson', 'pref']
[DEBUG] Translated keywords: ['tucson', 'pref'] → ['tucson', 'preferred']
[DEBUG] Classified tokens: {'MODEL': ['tucson'], 'TRIM': ['preferred']}
[DEBUG] After filtering ignored categories []: {'MODEL': ['tucson'], 'TRIM': ['preferred']}
[DEBUG] After filtering excluded keywords ['combustion']: ['tucson', 'preferred']
[DEBUG] Score: 15 (minimum: 10)
[WARNING] Unclassified tokens: ['w/trend']
[WARNING] Unclassified tokens: ['w/trend']
[DEBUG] TRIM matching (exact) narrowed to 4 candidates for searched TRIM: {'preferred'}
[DEBUG] Database search returned 4 candidates
[DEBUG] Confidence: 0.00
[WARNING] Unclassified tokens: ['w/trend']
[WARNING] Unclassified tokens: ['w/trend']
[WARNING] Unclassified tokens: ['w/trend']
[WARNING] Unclassified tokens: ['w/trend']
[DEBUG] Resolved 4 candidates to 4 variant(s) by distinct Package [480578, 480579, 480580, 480581] (descriptions 
differ, ModelNumbers may repeat)
[DEBUG]   [OK] Found model_number(s)=['TUCWDK2EPR00', 'TUCWDK2EPRTR', 'TUCWDK2EPM00', 'TUCWDK2EPMTM'] 
package(s)=[480578, 480579, 480580, 480581] confidence=0.00 for Hyundai 2026 Pref
[DEBUG] Group '2026_tucson' trim 'Pref*': Searching with keywords=['tucson', 'pref']
[DEBUG] Translated keywords: ['tucson', 'pref'] → ['tucson', 'preferred']
[DEBUG] Classified tokens: {'MODEL': ['tucson'], 'TRIM': ['preferred']}
[DEBUG] After filtering ignored categories []: {'MODEL': ['tucson'], 'TRIM': ['preferred']}
[DEBUG] After filtering excluded keywords ['combustion']: ['tucson', 'preferred']
[DEBUG] Score: 15 (minimum: 10)
[WARNING] Unclassified tokens: ['w/trend']
[WARNING] Unclassified tokens: ['w/trend']
[DEBUG] TRIM matching (exact) narrowed to 4 candidates for searched TRIM: {'preferred'}
[DEBUG] Database search returned 4 candidates
[DEBUG] Confidence: 0.00
[WARNING] Unclassified tokens: ['w/trend']
[WARNING] Unclassified tokens: ['w/trend']
[WARNING] Unclassified tokens: ['w/trend']
[WARNING] Unclassified tokens: ['w/trend']
[DEBUG] Resolved 4 candidates to 4 variant(s) by distinct Package [480578, 480579, 480580, 480581] (descriptions 
differ, ModelNumbers may repeat)
[DEBUG]   [OK] Found model_number(s)=['TUCWDK2EPR00', 'TUCWDK2EPRTR', 'TUCWDK2EPM00', 'TUCWDK2EPMTM'] 
package(s)=[480578, 480579, 480580, 480581] confidence=0.00 for Hyundai 2026 Pref*
[DEBUG] Group '2026_tucson' trim 'Trend': Searching with keywords=['tucson', 'trend']
[DEBUG] Translated keywords: ['tucson', 'trend'] → ['tucson', 'trend']
[DEBUG] Classified tokens: {'MODEL': ['tucson'], 'TRIM': ['trend']}
[DEBUG] After filtering ignored categories []: {'MODEL': ['tucson'], 'TRIM': ['trend']}
[DEBUG] After filtering excluded keywords ['combustion']: ['tucson', 'trend']
[DEBUG] Score: 15 (minimum: 10)
[WARNING] Unclassified tokens: ['w/trend']
[WARNING] Unclassified tokens: ['w/trend']
[DEBUG] Database search returned 2 candidates
[DEBUG] Confidence: 0.00
[WARNING] Unclassified tokens: ['w/trend']
[WARNING] Unclassified tokens: ['w/trend']
[WARNING] Unclassified tokens: ['w/trend']
[WARNING] Unclassified tokens: ['w/trend']
[DEBUG] Resolved 2 candidates to 2 package variant(s) with packages [480579, 480581] (ignoring [])
[DEBUG]   [OK] Found model_number(s)=['TUCWDK2EPRTR', 'TUCWDK2EPMTM'] package(s)=[480579, 480581] confidence=0.00 for 
Hyundai 2026 Trend
[DEBUG] Group '2026_tucson' trim 'Trend*': Searching with keywords=['tucson', 'trend']
[DEBUG] Translated keywords: ['tucson', 'trend'] → ['tucson', 'trend']
[DEBUG] Classified tokens: {'MODEL': ['tucson'], 'TRIM': ['trend']}
[DEBUG] After filtering ignored categories []: {'MODEL': ['tucson'], 'TRIM': ['trend']}
[DEBUG] After filtering excluded keywords ['combustion']: ['tucson', 'trend']
[DEBUG] Score: 15 (minimum: 10)
[WARNING] Unclassified tokens: ['w/trend']
[WARNING] Unclassified tokens: ['w/trend']
[DEBUG] Database search returned 2 candidates
[DEBUG] Confidence: 0.00
[WARNING] Unclassified tokens: ['w/trend']
[WARNING] Unclassified tokens: ['w/trend']
[WARNING] Unclassified tokens: ['w/trend']
[WARNING] Unclassified tokens: ['w/trend']
[DEBUG] Resolved 2 candidates to 2 package variant(s) with packages [480579, 480581] (ignoring [])
[DEBUG]   [OK] Found model_number(s)=['TUCWDK2EPRTR', 'TUCWDK2EPMTM'] package(s)=[480579, 480581] confidence=0.00 for 
Hyundai 2026 Trend*
[DEBUG] Group '2026_tucson' trim 'Ult HEV': Searching with keywords=['tucson', 'ult', 'hev']
[DEBUG] Translated keywords: ['tucson', 'ult', 'hev'] → ['tucson', 'ultimate', 'hybrid']
[DEBUG] Classified tokens: {'MODEL': ['tucson'], 'TRIM': ['ultimate'], 'ENGINE_TYPE': ['hybrid']}
[DEBUG] After filtering ignored categories []: {'MODEL': ['tucson'], 'TRIM': ['ultimate'], 'ENGINE_TYPE': ['hybrid']}
[DEBUG] After filtering excluded keywords ['combustion']: ['tucson', 'ultimate', 'hybrid']
[DEBUG] Score: 23 (minimum: 10)
[DEBUG] TRIM matching (exact) narrowed to 2 candidates for searched TRIM: {'ultimate'}
[DEBUG] Database search returned 2 candidates
[DEBUG] Confidence: 0.00
[DEBUG] Resolved 2 candidates to 2 package variant(s) with packages [480563, 480564] (ignoring [])
[DEBUG]   [OK] Found model_number(s)=['TUHWDG1AULHE', 'TUPWDG1AULPH'] package(s)=[480563, 480564] confidence=0.00 for 
Hyundai 2026 Ult HEV
[DEBUG] Group '2026_tucson' trim 'Ult PHEV': Searching with keywords=['tucson', 'ult', 'phev']
[DEBUG] Translated keywords: ['tucson', 'ult', 'phev'] → ['tucson', 'ultimate', 'plug-in']
[DEBUG] Classified tokens: {'MODEL': ['tucson'], 'TRIM': ['ultimate'], 'ENGINE_TYPE': ['plug-in']}
[DEBUG] After filtering ignored categories []: {'MODEL': ['tucson'], 'TRIM': ['ultimate'], 'ENGINE_TYPE': ['plug-in']}
[DEBUG] After filtering excluded keywords ['combustion']: ['tucson', 'ultimate', 'plug-in']
[DEBUG] Score: 23 (minimum: 10)
[DEBUG] Database search returned 1 candidates
[DEBUG] Confidence: 0.36
[DEBUG]   [OK] Found model_number(s)=['TUPWDG1AULPH'] package(s)=[np.int64(480564)] confidence=0.36 for Hyundai 2026 
Ult PHEV
[DEBUG] Group '2026_tucson' trim 'XRT': Searching with keywords=['tucson', 'xrt']
[DEBUG] Translated keywords: ['tucson', 'xrt'] → ['tucson', 'xrt']
[DEBUG] Classified tokens: {'MODEL': ['tucson'], 'TRIM': ['xrt']}
[DEBUG] After filtering ignored categories []: {'MODEL': ['tucson'], 'TRIM': ['xrt']}
[DEBUG] After filtering excluded keywords ['combustion']: ['tucson', 'xrt']
[DEBUG] Score: 15 (minimum: 10)
[DEBUG] Database search returned 0 candidates
[DEBUG] Confidence: 0.00
[WARNING]   [NOT_FOUND] Hyundai 2026 XRT keywords=['tucson', 'xrt']
[DEBUG] Group '2026_tucson': 1002 total rows. 911 rows with model numbers, 91 rows with missing model numbers (empty 
ModelNumber for manual correction).
[DEBUG] Group '2026_tucson': 1002 total rows. 911 rows with model numbers, 91 rows with missing model numbers (empty 
ModelNumber for manual correction).
[OUTPUT_MAPPER DEBUG] Source columns: ['year_from', 'model', 'description', 'part_number', 'dnet', 'msrp', 
'labour_rate', 'labour_hours', 'comments', 'trim_column', 'trim_level', 'model_number', 'package', 
'model_number_status']
[OUTPUT_MAPPER DEBUG] Rename map: {'year_from': 'Year', 'model': 'ModelName', 'part_number': 'Part', 'description': 
'Description', 'comments': 'Comments', 'msrp': 'Price', 'labour_hours': 'Hours', 'trim_level': 'Trim', 'model_number': 
'Model', 'package': 'Package'}
[OUTPUT_MAPPER DEBUG] Required output columns: ['Year', 'ModelName', 'Part', 'Description', 'Comments', 'Price', 
'Hours', 'Trim', 'Model', 'Package']
[OUTPUT_MAPPER DEBUG] Rename subset (columns that exist): {'year_from': 'Year', 'model': 'ModelName', 'part_number': 
'Part', 'description': 'Description', 'comments': 'Comments', 'msrp': 'Price', 'labour_hours': 'Hours', 'trim_level': 
'Trim', 'model_number': 'Model', 'package': 'Package'}
[OUTPUT_MAPPER DEBUG] After rename, columns: ['Year', 'ModelName', 'Description', 'Part', 'dnet', 'Price', 
'labour_rate', 'Hours', 'Comments', 'trim_column', 'Trim', 'Model', 'Package', 'model_number_status']
[OUTPUT_MAPPER DEBUG] Source columns: ['year_from', 'model', 'description', 'part_number', 'dnet', 'msrp', 
'labour_rate', 'labour_hours', 'comments', 'trim_column', 'trim_level', 'model_number', 'package', 
'model_number_status']
[OUTPUT_MAPPER DEBUG] Rename map: {'year_from': 'Year', 'model': 'ModelName', 'part_number': 'Part', 'description': 
'Description', 'comments': 'Comments', 'msrp': 'Price', 'labour_hours': 'Hours', 'trim_level': 'Trim', 'model_number': 
'Model', 'package': 'Package'}
[OUTPUT_MAPPER DEBUG] Required output columns: ['Year', 'ModelName', 'Part', 'Description', 'Comments', 'Price', 
'Hours', 'Trim', 'Model', 'Package']
[OUTPUT_MAPPER DEBUG] Rename subset (columns that exist): {'year_from': 'Year', 'model': 'ModelName', 'part_number': 
'Part', 'description': 'Description', 'comments': 'Comments', 'msrp': 'Price', 'labour_hours': 'Hours', 'trim_level': 
'Trim', 'model_number': 'Model', 'package': 'Package'}
[OUTPUT_MAPPER DEBUG] After rename, columns: ['Year', 'ModelName', 'Description', 'Part', 'dnet', 'Price', 
'labour_rate', 'Hours', 'Comments', 'trim_column', 'Trim', 'Model', 'Package', 'model_number_status']
[INFO] SHEET COMPLETE | sheet=2026_tucson | records_in=127 | records_out=2004
[INFO] SHEET START | sheet=2026_venue
[DEBUG] Group '2026_venue' (model 'venue'): routed to manufacturer 'Hyundai'
[DEBUG] Column mapping for '2026_venue': {'Model_Year_From': 'year_from', 'Model_Year_To': None, 'Model': 'model', 
'Trim_1': None, 'Trim_2': None, 'Trim_3': None, 'Accessory_Category_(EN)': None, 'Accessory_Group_(EN)': None, 
'Accessory_Description_(EN)': 'english_description', 'Accessory_Category_(FR)': None, 'Accessory_Group_(FR)': None, 
'Accessory_Description_(FR)': 'french_description', 'Part_Number': 'part_number', 'DNET': 'dnet', 'MSRP': 'msrp', 
'Labour_Rate': 'labour_rate', 'Suggested_Labour_Hours': 'labour_hours', 'Suggested_Base_Retail_Price_w/labour': None, 
'Yearly_Rate': None, 'Weekly_Rate': None, '#of_Payments': None, 'Weekly_Payment': None, 'Comments_(EN)': 
'comments_en', 'Comments_(FR)': 'comments_fr', 'New_Part_SOS': None, 'Outgoing_Part_Flag': None}
[INFO] Group '2026_venue': identified 3 trim column(s): ['Trim_1', 'Trim_2', 'Trim_3']
[DEBUG] Valid trim cols for '2026_venue': ['Trim_1', 'Trim_2', 'Trim_3']
[DEBUG] Group '2026_venue': extracted vehicle_year=2026
[DEBUG] 83 records -> 230 after melt
[INFO] Step 4.5: model_lookup enrichment | sheet='2026_venue'
[DEBUG] Group '2026_venue': Unique trims identified: ['Ess', 'Pref', 'Ult']
[DEBUG] Group '2026_venue': model_keywords from data=['venue'], fuel_type=None
[DEBUG] Group '2026_venue' trim 'Ess': Searching with keywords=['venue', 'ess']
[DEBUG] Translated keywords: ['venue', 'ess'] → ['venue', 'essential']
[DEBUG] Classified tokens: {'MODEL': ['venue'], 'TRIM': ['essential']}
[DEBUG] After filtering ignored categories []: {'MODEL': ['venue'], 'TRIM': ['essential']}
[DEBUG] After filtering excluded keywords ['combustion']: ['venue', 'essential']
[DEBUG] Score: 15 (minimum: 10)
[WARNING] Unclassified tokens: ['w/two-tone']
[DEBUG] TRIM matching (subset) narrowed to 2 candidates for searched TRIM: {'essential'}
[DEBUG] Database search returned 2 candidates
[DEBUG] Confidence: 0.00
[WARNING] Unclassified tokens: ['w/two-tone']
[WARNING] Unclassified tokens: ['w/two-tone']
[DEBUG] Resolved 2 candidates to 2 package variant(s) with packages [480300, 480301] (ignoring [])
[DEBUG]   [OK] Found model_number(s)=['VNCW5V1FES00', 'VNCW5V1FESTT'] package(s)=[480300, 480301] confidence=0.00 for 
Hyundai 2026 Ess
[DEBUG] Group '2026_venue' trim 'Pref': Searching with keywords=['venue', 'pref']
[DEBUG] Translated keywords: ['venue', 'pref'] → ['venue', 'preferred']
[DEBUG] Classified tokens: {'MODEL': ['venue'], 'TRIM': ['preferred']}
[DEBUG] After filtering ignored categories []: {'MODEL': ['venue'], 'TRIM': ['preferred']}
[DEBUG] After filtering excluded keywords ['combustion']: ['venue', 'preferred']
[DEBUG] Score: 15 (minimum: 10)
[WARNING] Unclassified tokens: ['w/two-tone']
[DEBUG] TRIM matching (subset) narrowed to 2 candidates for searched TRIM: {'preferred'}
[DEBUG] Database search returned 2 candidates
[DEBUG] Confidence: 0.00
[WARNING] Unclassified tokens: ['w/two-tone']
[WARNING] Unclassified tokens: ['w/two-tone']
[DEBUG] Resolved 2 candidates to 2 package variant(s) with packages [480302, 480303] (ignoring [])
[DEBUG]   [OK] Found model_number(s)=['VNCW5V1FPR00', 'VNCW5V1FPRTT'] package(s)=[480302, 480303] confidence=0.00 for 
Hyundai 2026 Pref
[DEBUG] Group '2026_venue' trim 'Ult': Searching with keywords=['venue', 'ult']
[DEBUG] Translated keywords: ['venue', 'ult'] → ['venue', 'ultimate']
[DEBUG] Classified tokens: {'MODEL': ['venue'], 'TRIM': ['ultimate']}
[DEBUG] After filtering ignored categories []: {'MODEL': ['venue'], 'TRIM': ['ultimate']}
[DEBUG] After filtering excluded keywords ['combustion']: ['venue', 'ultimate']
[DEBUG] Score: 15 (minimum: 10)
[WARNING] Unclassified tokens: ['w/black']
[WARNING] Unclassified tokens: ['w/denim']
[DEBUG] TRIM matching (subset) narrowed to 2 candidates for searched TRIM: {'ultimate'}
[DEBUG] Database search returned 2 candidates
[DEBUG] Confidence: 0.00
[WARNING] Unclassified tokens: ['w/black']
[WARNING] Unclassified tokens: ['w/denim']
[WARNING] Unclassified tokens: ['w/black']
[WARNING] Unclassified tokens: ['w/denim']
[DEBUG] Resolved 2 candidates to 2 package variant(s) with packages [480304, 480305] (ignoring [])
[DEBUG]   [OK] Found model_number(s)=['VNCW5V1FUL00', 'VNCW5V1FULCP'] package(s)=[480304, 480305] confidence=0.00 for 
Hyundai 2026 Ult
[DEBUG] Group '2026_venue': 460 total rows. 460 rows with model numbers, 0 rows with missing model numbers (empty 
ModelNumber for manual correction).
[DEBUG] Group '2026_venue': 460 total rows. 460 rows with model numbers, 0 rows with missing model numbers (empty 
ModelNumber for manual correction).
[OUTPUT_MAPPER DEBUG] Source columns: ['year_from', 'model', 'description', 'part_number', 'dnet', 'msrp', 
'labour_rate', 'labour_hours', 'comments', 'trim_column', 'trim_level', 'model_number', 'package', 
'model_number_status']
[OUTPUT_MAPPER DEBUG] Rename map: {'year_from': 'Year', 'model': 'ModelName', 'part_number': 'Part', 'description': 
'Description', 'comments': 'Comments', 'msrp': 'Price', 'labour_hours': 'Hours', 'trim_level': 'Trim', 'model_number': 
'Model', 'package': 'Package'}
[OUTPUT_MAPPER DEBUG] Required output columns: ['Year', 'ModelName', 'Part', 'Description', 'Comments', 'Price', 
'Hours', 'Trim', 'Model', 'Package']
[OUTPUT_MAPPER DEBUG] Rename subset (columns that exist): {'year_from': 'Year', 'model': 'ModelName', 'part_number': 
'Part', 'description': 'Description', 'comments': 'Comments', 'msrp': 'Price', 'labour_hours': 'Hours', 'trim_level': 
'Trim', 'model_number': 'Model', 'package': 'Package'}
[OUTPUT_MAPPER DEBUG] After rename, columns: ['Year', 'ModelName', 'Description', 'Part', 'dnet', 'Price', 
'labour_rate', 'Hours', 'Comments', 'trim_column', 'Trim', 'Model', 'Package', 'model_number_status']
[OUTPUT_MAPPER DEBUG] Source columns: ['year_from', 'model', 'description', 'part_number', 'dnet', 'msrp', 
'labour_rate', 'labour_hours', 'comments', 'trim_column', 'trim_level', 'model_number', 'package', 
'model_number_status']
[OUTPUT_MAPPER DEBUG] Rename map: {'year_from': 'Year', 'model': 'ModelName', 'part_number': 'Part', 'description': 
'Description', 'comments': 'Comments', 'msrp': 'Price', 'labour_hours': 'Hours', 'trim_level': 'Trim', 'model_number': 
'Model', 'package': 'Package'}
[OUTPUT_MAPPER DEBUG] Required output columns: ['Year', 'ModelName', 'Part', 'Description', 'Comments', 'Price', 
'Hours', 'Trim', 'Model', 'Package']
[OUTPUT_MAPPER DEBUG] Rename subset (columns that exist): {'year_from': 'Year', 'model': 'ModelName', 'part_number': 
'Part', 'description': 'Description', 'comments': 'Comments', 'msrp': 'Price', 'labour_hours': 'Hours', 'trim_level': 
'Trim', 'model_number': 'Model', 'package': 'Package'}
[OUTPUT_MAPPER DEBUG] After rename, columns: ['Year', 'ModelName', 'Description', 'Part', 'dnet', 'Price', 
'labour_rate', 'Hours', 'Comments', 'trim_column', 'Trim', 'Model', 'Package', 'model_number_status']
[INFO] SHEET COMPLETE | sheet=2026_venue | records_in=83 | records_out=920
[INFO] Combined output saved: C:\Users\paxm\OneDrive - PBS SYSTEMS\Desktop\Office\Projects\OEM Accessory 
project\OEM_Accessories_v1\accy_v2\output\ready_to_upload\hyundai\hyundai_af6f8d9e_20260831_174226.xlsx
[INFO] RUN COMPLETE | sheets_processed=33 | sheets_skipped=0 | sheets_excluded=0
Using: C:\Users\paxm\OneDrive - PBS SYSTEMS\Desktop\Office\Projects\OEM Accessory project\OEM_Accessories_v1\accy_v2\data\landing_zone\hyundai_genesis\Hyundai Canada - 2025-9-1 HACC MAF DIST - Final 09082025 (1).xlsx
