2026-06-22 15:02:49,937 [INFO] RUN START | oem=mitsubishi | file=C:\Users\paxm\OneDrive - PBS SYSTEMS\Desktop\Office\Projects\OEM Accessory project\OEM_Accessories_v1\accy_v2\data\landing_zone\mitsubishi\Accessory Guide - February26.xlsx | run_id=b751a16d
2026-06-22 15:02:50,501 [INFO] SHEET START | sheet=2026 PHEV
2026-06-22 15:02:50,518 [DEBUG] Column mapping for '2026 PHEV': {'part_number': 'part_number', 'english_description': 'english_description', 'french_description': 'french_description', 'remarks': 'remarks', 'es': None, 'se': None, 'le': None, 'sel': None, 'gt': None, 'gt-p': None, 'gt-n': None, 'image': None, 'install_sheet': None, 'category': None, 'dnp_$': 'dnp', 'msrp_$': 'msrp', 'install_time': 'install_time', 'labour_rate': 'labour_rate', 'installed_price': None}
2026-06-22 15:02:50,518 [DEBUG] Trim candidates for '2026 PHEV': ['es', 'se', 'le', 'sel', 'gt', 'gt-p', 'gt-n']
2026-06-22 15:02:50,521 [DEBUG] Valid trim cols for '2026 PHEV': ['es', 'se', 'le', 'sel', 'gt', 'gt-p', 'gt-n']
2026-06-22 15:02:50,526 [DEBUG] Extracted vehicle_year: 2026 from sheet '2026 PHEV'
2026-06-22 15:02:50,540 [DEBUG] Sheet '2026 PHEV': 132 records -> 854 after melt
2026-06-22 15:02:50,541 [DEBUG] Sheet '2026 PHEV': Unique trims identified: ['es', 'gt', 'gt-n', 'gt-p', 'le', 'se', 'sel']
2026-06-22 15:02:50,541 [DEBUG] Detected fuel type: PHEV
2026-06-22 15:02:50,542 [DEBUG] Sheet '2026 PHEV' trim 'es': Searching with keywords=['es', 'phev']
2026-06-22 15:02:50,542 [WARNING]   ✗ Not found: Mitsubishi 2026 es keywords=['es', 'phev']
2026-06-22 15:02:50,543 [DEBUG] Detected fuel type: PHEV
2026-06-22 15:02:50,543 [DEBUG] Sheet '2026 PHEV' trim 'gt': Searching with keywords=['gt', 'phev']
2026-06-22 15:02:50,543 [WARNING]   ✗ Not found: Mitsubishi 2026 gt keywords=['gt', 'phev']
2026-06-22 15:02:50,544 [DEBUG] Detected fuel type: PHEV
2026-06-22 15:02:50,544 [DEBUG] Abbreviation matched: '-n' → 'noir'
2026-06-22 15:02:50,544 [DEBUG] Sheet '2026 PHEV' trim 'gt-n': Searching with keywords=['gt', 'noir', 'phev']
2026-06-22 15:02:50,545 [WARNING]   ✗ Not found: Mitsubishi 2026 gt-n keywords=['gt', 'noir', 'phev']
2026-06-22 15:02:50,545 [DEBUG] Detected fuel type: PHEV
2026-06-22 15:02:50,545 [DEBUG] Abbreviation matched: '-p' → 'premium'
2026-06-22 15:02:50,545 [DEBUG] Sheet '2026 PHEV' trim 'gt-p': Searching with keywords=['gt', 'premium', 'phev']
2026-06-22 15:02:50,546 [WARNING]   ✗ Not found: Mitsubishi 2026 gt-p keywords=['gt', 'premium', 'phev']
2026-06-22 15:02:50,546 [DEBUG] Detected fuel type: PHEV
2026-06-22 15:02:50,546 [DEBUG] Sheet '2026 PHEV' trim 'le': Searching with keywords=['le', 'phev']
2026-06-22 15:02:50,547 [WARNING]   ✗ Not found: Mitsubishi 2026 le keywords=['le', 'phev']
2026-06-22 15:02:50,547 [DEBUG] Detected fuel type: PHEV
2026-06-22 15:02:50,547 [DEBUG] Sheet '2026 PHEV' trim 'se': Searching with keywords=['se', 'phev']
2026-06-22 15:02:50,547 [WARNING]   ✗ Not found: Mitsubishi 2026 se keywords=['se', 'phev']
2026-06-22 15:02:50,548 [DEBUG] Detected fuel type: PHEV
2026-06-22 15:02:50,548 [DEBUG] Sheet '2026 PHEV' trim 'sel': Searching with keywords=['sel', 'phev']
2026-06-22 15:02:50,548 [WARNING]   ✗ Not found: Mitsubishi 2026 sel keywords=['sel', 'phev']
2026-06-22 15:02:50,551 [DEBUG] Sheet '2026 PHEV': 854 rows before, 854 excluded (missing trims: ['es', 'gt', 'gt-n', 'gt-p', 'le', 'se', 'sel']), 0 rows in output
2026-06-22 15:02:50,553 [DEBUG] Sheet '2026 PHEV': 854 rows before, 854 excluded (missing trims: ['es', 'gt', 'gt-n', 'gt-p', 'le', 'se', 'sel']), 0 rows in output
2026-06-22 15:02:50,555 [INFO] SHEET COMPLETE | sheet=2026 PHEV | records_in=134 | records_out=0
2026-06-22 15:02:50,555 [INFO] SHEET START | sheet=2026 Outlander
2026-06-22 15:02:50,570 [DEBUG] Column mapping for '2026 Outlander': {'part_number': 'part_number', 'english_description': 'english_description', 'french_description': 'french_description', 'remarks': 'remarks', 'es_s-awc': None, 'se_s-awc': None, 'le_s-awc': None, 'sel_s-awc': None, 'gt_s-awc': None, 'gt_prem_s-awc': None, 'photo': None, 'install_sheets': None, 'nan': None, 'category': None, 'dnp_$': 'dnp', 'msrp_$': 'msrp', 'install_time': 'install_time', 'labour_rate': 'labour_rate', 'installed_price': None}
2026-06-22 15:02:50,571 [DEBUG] Trim candidates for '2026 Outlander': ['es_s-awc', 'se_s-awc', 'le_s-awc', 'sel_s-awc', 'gt_s-awc', 'gt_prem_s-awc']
2026-06-22 15:02:50,574 [DEBUG] Valid trim cols for '2026 Outlander': ['es_s-awc', 'se_s-awc', 'le_s-awc', 'sel_s-awc', 'gt_s-awc', 'gt_prem_s-awc']
2026-06-22 15:02:50,579 [DEBUG] Extracted vehicle_year: 2026 from sheet '2026 Outlander'
2026-06-22 15:02:50,591 [DEBUG] Sheet '2026 Outlander': 129 records -> 744 after melt
2026-06-22 15:02:50,593 [DEBUG] Sheet '2026 Outlander': Unique trims identified: ['es_s-awc', 'gt_prem_s-awc', 'gt_s-awc', 'le_s-awc', 'se_s-awc', 'sel_s-awc']
2026-06-22 15:02:50,593 [DEBUG] Sheet '2026 Outlander' trim 'es_s-awc': Searching with keywords=['outlander', 'es', 's', 'awc']
2026-06-22 15:02:50,594 [WARNING]   ✗ Not found: Mitsubishi 2026 es_s-awc keywords=['outlander', 'es', 's', 'awc']
2026-06-22 15:02:50,594 [DEBUG] Sheet '2026 Outlander' trim 'gt_prem_s-awc': Searching with keywords=['outlander', 'gt', 'prem', 's', 'awc']
2026-06-22 15:02:50,595 [WARNING]   ✗ Not found: Mitsubishi 2026 gt_prem_s-awc keywords=['outlander', 'gt', 'prem', 's', 'awc']
2026-06-22 15:02:50,595 [DEBUG] Sheet '2026 Outlander' trim 'gt_s-awc': Searching with keywords=['outlander', 'gt', 's', 'awc']
2026-06-22 15:02:50,595 [WARNING]   ✗ Not found: Mitsubishi 2026 gt_s-awc keywords=['outlander', 'gt', 's', 'awc']
2026-06-22 15:02:50,595 [DEBUG] Sheet '2026 Outlander' trim 'le_s-awc': Searching with keywords=['outlander', 'le', 's', 'awc']
2026-06-22 15:02:50,596 [WARNING]   ✗ Not found: Mitsubishi 2026 le_s-awc keywords=['outlander', 'le', 's', 'awc']
2026-06-22 15:02:50,596 [DEBUG] Sheet '2026 Outlander' trim 'se_s-awc': Searching with keywords=['outlander', 'se', 's', 'awc']
2026-06-22 15:02:50,596 [WARNING]   ✗ Not found: Mitsubishi 2026 se_s-awc keywords=['outlander', 'se', 's', 'awc']
2026-06-22 15:02:50,597 [DEBUG] Sheet '2026 Outlander' trim 'sel_s-awc': Searching with keywords=['outlander', 'sel', 's', 'awc']
2026-06-22 15:02:50,597 [WARNING]   ✗ Not found: Mitsubishi 2026 sel_s-awc keywords=['outlander', 'sel', 's', 'awc']
2026-06-22 15:02:50,599 [DEBUG] Sheet '2026 Outlander': 744 rows before, 744 excluded (missing trims: ['es_s-awc', 'gt_prem_s-awc', 'gt_s-awc', 'le_s-awc', 'se_s-awc', 'sel_s-awc']), 0 rows in output
2026-06-22 15:02:50,601 [DEBUG] Sheet '2026 Outlander': 744 rows before, 744 excluded (missing trims: ['es_s-awc', 'gt_prem_s-awc', 'gt_s-awc', 'le_s-awc', 'se_s-awc', 'sel_s-awc']), 0 rows in output
2026-06-22 15:02:50,603 [INFO] SHEET COMPLETE | sheet=2026 Outlander | records_in=129 | records_out=0
2026-06-22 15:02:50,603 [INFO] SHEET START | sheet=2026 Eclipse Cross
2026-06-22 15:02:50,619 [DEBUG] Column mapping for '2026 Eclipse Cross': {'part_number': 'part_number', 'english_description': 'english_description', 'french_description': 'french_description', 'remarks': 'remarks', 'es': None, 'se': None, 'noir': None, 'gt': None, 'photo': None, 'install_sheets': None, 'category': None, 'dnp_$': 'dnp', 'msrp_$': 'msrp', 'install_time': 'install_time', 'labour_rate': 'labour_rate', 'installed_price': None}
2026-06-22 15:02:50,620 [DEBUG] Trim candidates for '2026 Eclipse Cross': ['es', 'se', 'noir', 'gt']
2026-06-22 15:02:50,621 [DEBUG] Valid trim cols for '2026 Eclipse Cross': ['es', 'se', 'noir', 'gt']
2026-06-22 15:02:50,626 [DEBUG] Extracted vehicle_year: 2026 from sheet '2026 Eclipse Cross'
2026-06-22 15:02:50,638 [DEBUG] Sheet '2026 Eclipse Cross': 122 records -> 458 after melt
2026-06-22 15:02:50,640 [DEBUG] Sheet '2026 Eclipse Cross': Unique trims identified: ['es', 'gt', 'noir', 'se']
2026-06-22 15:02:50,640 [DEBUG] Sheet '2026 Eclipse Cross' trim 'es': Searching with keywords=['eclipse', 'cross', 'es']
2026-06-22 15:02:50,641 [WARNING]   ✗ Not found: Mitsubishi 2026 es keywords=['eclipse', 'cross', 'es']
2026-06-22 15:02:50,641 [DEBUG] Sheet '2026 Eclipse Cross' trim 'gt': Searching with keywords=['eclipse', 'cross', 'gt']
2026-06-22 15:02:50,641 [WARNING]   ✗ Not found: Mitsubishi 2026 gt keywords=['eclipse', 'cross', 'gt']
2026-06-22 15:02:50,642 [DEBUG] Sheet '2026 Eclipse Cross' trim 'noir': Searching with keywords=['eclipse', 'cross', 'noir']
2026-06-22 15:02:50,642 [WARNING]   ✗ Not found: Mitsubishi 2026 noir keywords=['eclipse', 'cross', 'noir']
2026-06-22 15:02:50,642 [DEBUG] Sheet '2026 Eclipse Cross' trim 'se': Searching with keywords=['eclipse', 'cross', 'se']
2026-06-22 15:02:50,643 [WARNING]   ✗ Not found: Mitsubishi 2026 se keywords=['eclipse', 'cross', 'se']
2026-06-22 15:02:50,645 [DEBUG] Sheet '2026 Eclipse Cross': 458 rows before, 458 excluded (missing trims: ['es', 'gt', 'noir', 'se']), 0 rows in output
2026-06-22 15:02:50,647 [DEBUG] Sheet '2026 Eclipse Cross': 458 rows before, 458 excluded (missing trims: ['es', 'gt', 'noir', 'se']), 0 rows in output
2026-06-22 15:02:50,649 [INFO] SHEET COMPLETE | sheet=2026 Eclipse Cross | records_in=122 | records_out=0
2026-06-22 15:02:50,649 [INFO] SHEET START | sheet=2026 RVR
2026-06-22 15:02:50,663 [DEBUG] Column mapping for '2026 RVR': {'part_number': 'part_number', 'english_description': 'english_description', 'french_description': 'french_description', 'remarks': 'remarks', 'es_fwd': None, 'es_awc': None, 'se_awc': None, 'sel_awc': None, 'noir_awc': None, 'gt_awc': None, 'photo': None, 'install_sheets': None, 'category': None, 'dnp_$': 'dnp', 'msrp_$': 'msrp', 'install_time': 'install_time', 'labour_rate': 'labour_rate', 'installed_price': None}
2026-06-22 15:02:50,663 [DEBUG] Trim candidates for '2026 RVR': ['es_fwd', 'es_awc', 'se_awc', 'sel_awc', 'noir_awc', 'gt_awc']
2026-06-22 15:02:50,666 [DEBUG] Valid trim cols for '2026 RVR': ['es_fwd', 'es_awc', 'se_awc', 'sel_awc', 'noir_awc', 'gt_awc']
2026-06-22 15:02:50,671 [DEBUG] Extracted vehicle_year: 2026 from sheet '2026 RVR'
2026-06-22 15:02:50,683 [DEBUG] Sheet '2026 RVR': 111 records -> 623 after melt
2026-06-22 15:02:50,684 [DEBUG] Sheet '2026 RVR': Unique trims identified: ['es_awc', 'es_fwd', 'gt_awc', 'noir_awc', 'se_awc', 'sel_awc']
2026-06-22 15:02:50,685 [DEBUG] Sheet '2026 RVR' trim 'es_awc': Searching with keywords=['rvr', 'es', 'awc']
2026-06-22 15:02:50,685 [WARNING]   ✗ Not found: Mitsubishi 2026 es_awc keywords=['rvr', 'es', 'awc']
2026-06-22 15:02:50,685 [DEBUG] Sheet '2026 RVR' trim 'es_fwd': Searching with keywords=['rvr', 'es', 'fwd']
2026-06-22 15:02:50,686 [WARNING]   ✗ Not found: Mitsubishi 2026 es_fwd keywords=['rvr', 'es', 'fwd']
2026-06-22 15:02:50,686 [DEBUG] Sheet '2026 RVR' trim 'gt_awc': Searching with keywords=['rvr', 'gt', 'awc']
2026-06-22 15:02:50,686 [WARNING]   ✗ Not found: Mitsubishi 2026 gt_awc keywords=['rvr', 'gt', 'awc']
2026-06-22 15:02:50,686 [DEBUG] Sheet '2026 RVR' trim 'noir_awc': Searching with keywords=['rvr', 'noir', 'awc']
2026-06-22 15:02:50,687 [WARNING]   ✗ Not found: Mitsubishi 2026 noir_awc keywords=['rvr', 'noir', 'awc']
2026-06-22 15:02:50,687 [DEBUG] Sheet '2026 RVR' trim 'se_awc': Searching with keywords=['rvr', 'se', 'awc']
2026-06-22 15:02:50,688 [WARNING]   ✗ Not found: Mitsubishi 2026 se_awc keywords=['rvr', 'se', 'awc']
2026-06-22 15:02:50,688 [DEBUG] Sheet '2026 RVR' trim 'sel_awc': Searching with keywords=['rvr', 'sel', 'awc']
2026-06-22 15:02:50,689 [WARNING]   ✗ Not found: Mitsubishi 2026 sel_awc keywords=['rvr', 'sel', 'awc']
2026-06-22 15:02:50,691 [DEBUG] Sheet '2026 RVR': 623 rows before, 623 excluded (missing trims: ['es_awc', 'es_fwd', 'gt_awc', 'noir_awc', 'se_awc', 'sel_awc']), 0 rows in output
2026-06-22 15:02:50,693 [DEBUG] Sheet '2026 RVR': 623 rows before, 623 excluded (missing trims: ['es_awc', 'es_fwd', 'gt_awc', 'noir_awc', 'se_awc', 'sel_awc']), 0 rows in output
2026-06-22 15:02:50,696 [INFO] SHEET COMPLETE | sheet=2026 RVR | records_in=111 | records_out=0
2026-06-22 15:02:50,696 [INFO] SHEET START | sheet=2025 Outlander 
2026-06-22 15:02:50,711 [DEBUG] Column mapping for '2025 Outlander ': {'part_number': 'part_number', 'english_description': 'english_description', 'french_description': 'french_description', 'remarks': 'remarks', 'es_s-awc': None, 'se_s-awc': None, 'le_s-awc': None, 'sel_s-awc': None, 'gt_s-awc': None, 'gt_prem_s-awc': None, 'photo': None, 'install_sheets': None, 'category': None, 'dnp_$': 'dnp', 'msrp_$': 'msrp', 'install_time': 'install_time', 'labour_rate': 'labour_rate', 'installed_price': None}
2026-06-22 15:02:50,712 [DEBUG] Trim candidates for '2025 Outlander ': ['es_s-awc', 'se_s-awc', 'le_s-awc', 'sel_s-awc', 'gt_s-awc', 'gt_prem_s-awc']
2026-06-22 15:02:50,714 [DEBUG] Valid trim cols for '2025 Outlander ': ['es_s-awc', 'se_s-awc', 'le_s-awc', 'sel_s-awc', 'gt_s-awc', 'gt_prem_s-awc']
2026-06-22 15:02:50,719 [DEBUG] Extracted vehicle_year: 2025 from sheet '2025 Outlander '
2026-06-22 15:02:50,732 [DEBUG] Sheet '2025 Outlander ': 130 records -> 750 after melt
2026-06-22 15:02:50,733 [DEBUG] Sheet '2025 Outlander ': Unique trims identified: ['es_s-awc', 'gt_prem_s-awc', 'gt_s-awc', 'le_s-awc', 'se_s-awc', 'sel_s-awc']
2026-06-22 15:02:50,733 [DEBUG] Sheet '2025 Outlander ' trim 'es_s-awc': Searching with keywords=['outlander', 'es', 's', 'awc']
2026-06-22 15:02:50,734 [WARNING]   ✗ Not found: Mitsubishi 2025 es_s-awc keywords=['outlander', 'es', 's', 'awc']
2026-06-22 15:02:50,734 [DEBUG] Sheet '2025 Outlander ' trim 'gt_prem_s-awc': Searching with keywords=['outlander', 'gt', 'prem', 's', 'awc']
2026-06-22 15:02:50,734 [WARNING]   ✗ Not found: Mitsubishi 2025 gt_prem_s-awc keywords=['outlander', 'gt', 'prem', 's', 'awc']
2026-06-22 15:02:50,735 [DEBUG] Sheet '2025 Outlander ' trim 'gt_s-awc': Searching with keywords=['outlander', 'gt', 's', 'awc']
2026-06-22 15:02:50,735 [WARNING]   ✗ Not found: Mitsubishi 2025 gt_s-awc keywords=['outlander', 'gt', 's', 'awc']
2026-06-22 15:02:50,735 [DEBUG] Sheet '2025 Outlander ' trim 'le_s-awc': Searching with keywords=['outlander', 'le', 's', 'awc']
2026-06-22 15:02:50,736 [WARNING]   ✗ Not found: Mitsubishi 2025 le_s-awc keywords=['outlander', 'le', 's', 'awc']
2026-06-22 15:02:50,736 [DEBUG] Sheet '2025 Outlander ' trim 'se_s-awc': Searching with keywords=['outlander', 'se', 's', 'awc']
2026-06-22 15:02:50,736 [WARNING]   ✗ Not found: Mitsubishi 2025 se_s-awc keywords=['outlander', 'se', 's', 'awc']
2026-06-22 15:02:50,736 [DEBUG] Sheet '2025 Outlander ' trim 'sel_s-awc': Searching with keywords=['outlander', 'sel', 's', 'awc']
2026-06-22 15:02:50,737 [WARNING]   ✗ Not found: Mitsubishi 2025 sel_s-awc keywords=['outlander', 'sel', 's', 'awc']
2026-06-22 15:02:50,739 [DEBUG] Sheet '2025 Outlander ': 750 rows before, 750 excluded (missing trims: ['es_s-awc', 'gt_prem_s-awc', 'gt_s-awc', 'le_s-awc', 'se_s-awc', 'sel_s-awc']), 0 rows in output
2026-06-22 15:02:50,742 [DEBUG] Sheet '2025 Outlander ': 750 rows before, 750 excluded (missing trims: ['es_s-awc', 'gt_prem_s-awc', 'gt_s-awc', 'le_s-awc', 'se_s-awc', 'sel_s-awc']), 0 rows in output
2026-06-22 15:02:50,744 [INFO] SHEET COMPLETE | sheet=2025 Outlander  | records_in=130 | records_out=0
2026-06-22 15:02:50,744 [INFO] SHEET START | sheet=2025 PHEV
2026-06-22 15:02:50,760 [DEBUG] Column mapping for '2025 PHEV': {'part_number': 'part_number', 'english_description': 'english_description', 'french_description': 'french_description', 'remarks': 'remarks', 'es': None, 'se': None, 'le': None, 'sel': None, 'gt': None, 'gt-p': None, 'gt-n': None, 'image': None, 'install_sheet': None, 'category': None, 'dnp_$': 'dnp', 'msrp_$': 'msrp', 'install_time': 'install_time', 'labour_rate': 'labour_rate', 'installed_price': None}
2026-06-22 15:02:50,760 [DEBUG] Trim candidates for '2025 PHEV': ['es', 'se', 'le', 'sel', 'gt', 'gt-p', 'gt-n']
2026-06-22 15:02:50,763 [DEBUG] Valid trim cols for '2025 PHEV': ['es', 'se', 'le', 'sel', 'gt', 'gt-p', 'gt-n']
2026-06-22 15:02:50,768 [DEBUG] Extracted vehicle_year: 2025 from sheet '2025 PHEV'
2026-06-22 15:02:50,782 [DEBUG] Sheet '2025 PHEV': 133 records -> 861 after melt
2026-06-22 15:02:50,783 [DEBUG] Sheet '2025 PHEV': Unique trims identified: ['es', 'gt', 'gt-n', 'gt-p', 'le', 'se', 'sel']
2026-06-22 15:02:50,783 [DEBUG] Detected fuel type: PHEV
2026-06-22 15:02:50,783 [DEBUG] Sheet '2025 PHEV' trim 'es': Searching with keywords=['es', 'phev']
2026-06-22 15:02:50,784 [WARNING]   ✗ Not found: Mitsubishi 2025 es keywords=['es', 'phev']
2026-06-22 15:02:50,784 [DEBUG] Detected fuel type: PHEV
2026-06-22 15:02:50,784 [DEBUG] Sheet '2025 PHEV' trim 'gt': Searching with keywords=['gt', 'phev']
2026-06-22 15:02:50,785 [WARNING]   ✗ Not found: Mitsubishi 2025 gt keywords=['gt', 'phev']
2026-06-22 15:02:50,785 [DEBUG] Detected fuel type: PHEV
2026-06-22 15:02:50,785 [DEBUG] Abbreviation matched: '-n' → 'noir'
2026-06-22 15:02:50,785 [DEBUG] Sheet '2025 PHEV' trim 'gt-n': Searching with keywords=['gt', 'noir', 'phev']
2026-06-22 15:02:50,785 [WARNING]   ✗ Not found: Mitsubishi 2025 gt-n keywords=['gt', 'noir', 'phev']
2026-06-22 15:02:50,785 [DEBUG] Detected fuel type: PHEV
2026-06-22 15:02:50,786 [DEBUG] Abbreviation matched: '-p' → 'premium'
2026-06-22 15:02:50,786 [DEBUG] Sheet '2025 PHEV' trim 'gt-p': Searching with keywords=['gt', 'premium', 'phev']
2026-06-22 15:02:50,786 [WARNING]   ✗ Not found: Mitsubishi 2025 gt-p keywords=['gt', 'premium', 'phev']
2026-06-22 15:02:50,786 [DEBUG] Detected fuel type: PHEV
2026-06-22 15:02:50,786 [DEBUG] Sheet '2025 PHEV' trim 'le': Searching with keywords=['le', 'phev']
2026-06-22 15:02:50,787 [WARNING]   ✗ Not found: Mitsubishi 2025 le keywords=['le', 'phev']
2026-06-22 15:02:50,787 [DEBUG] Detected fuel type: PHEV
2026-06-22 15:02:50,787 [DEBUG] Sheet '2025 PHEV' trim 'se': Searching with keywords=['se', 'phev']
2026-06-22 15:02:50,788 [WARNING]   ✗ Not found: Mitsubishi 2025 se keywords=['se', 'phev']
2026-06-22 15:02:50,788 [DEBUG] Detected fuel type: PHEV
2026-06-22 15:02:50,788 [DEBUG] Sheet '2025 PHEV' trim 'sel': Searching with keywords=['sel', 'phev']
2026-06-22 15:02:50,790 [WARNING]   ✗ Not found: Mitsubishi 2025 sel keywords=['sel', 'phev']
2026-06-22 15:02:50,793 [DEBUG] Sheet '2025 PHEV': 861 rows before, 861 excluded (missing trims: ['es', 'gt', 'gt-n', 'gt-p', 'le', 'se', 'sel']), 0 rows in output
2026-06-22 15:02:50,795 [DEBUG] Sheet '2025 PHEV': 861 rows before, 861 excluded (missing trims: ['es', 'gt', 'gt-n', 'gt-p', 'le', 'se', 'sel']), 0 rows in output
2026-06-22 15:02:50,797 [INFO] SHEET COMPLETE | sheet=2025 PHEV | records_in=133 | records_out=0
2026-06-22 15:02:50,798 [INFO] SHEET START | sheet=2025 Eclipse Cross
2026-06-22 15:02:50,813 [DEBUG] Column mapping for '2025 Eclipse Cross': {'part_number': 'part_number', 'english_description': 'english_description', 'french_description': 'french_description', 'remarks': 'remarks', 'es': None, 'se': None, 'sel': None, 'noir': None, 'gt': None, 'photo': None, 'install_sheets': None, 'category': None, 'dnp_$': 'dnp', 'msrp_$': 'msrp', 'install_time': 'install_time', 'labour_rate': 'labour_rate', 'installed_price': None}
2026-06-22 15:02:50,813 [DEBUG] Trim candidates for '2025 Eclipse Cross': ['es', 'se', 'sel', 'noir', 'gt']
2026-06-22 15:02:50,815 [DEBUG] Valid trim cols for '2025 Eclipse Cross': ['es', 'se', 'sel', 'noir', 'gt']
2026-06-22 15:02:50,820 [DEBUG] Extracted vehicle_year: 2025 from sheet '2025 Eclipse Cross'
2026-06-22 15:02:50,833 [DEBUG] Sheet '2025 Eclipse Cross': 121 records -> 574 after melt
2026-06-22 15:02:50,834 [DEBUG] Sheet '2025 Eclipse Cross': Unique trims identified: ['es', 'gt', 'noir', 'se', 'sel']
2026-06-22 15:02:50,835 [DEBUG] Sheet '2025 Eclipse Cross' trim 'es': Searching with keywords=['eclipse', 'cross', 'es']
2026-06-22 15:02:50,835 [WARNING]   ✗ Not found: Mitsubishi 2025 es keywords=['eclipse', 'cross', 'es']
2026-06-22 15:02:50,835 [DEBUG] Sheet '2025 Eclipse Cross' trim 'gt': Searching with keywords=['eclipse', 'cross', 'gt']
2026-06-22 15:02:50,836 [WARNING]   ✗ Not found: Mitsubishi 2025 gt keywords=['eclipse', 'cross', 'gt']
2026-06-22 15:02:50,836 [DEBUG] Sheet '2025 Eclipse Cross' trim 'noir': Searching with keywords=['eclipse', 'cross', 'noir']
2026-06-22 15:02:50,837 [WARNING]   ✗ Not found: Mitsubishi 2025 noir keywords=['eclipse', 'cross', 'noir']
2026-06-22 15:02:50,837 [DEBUG] Sheet '2025 Eclipse Cross' trim 'se': Searching with keywords=['eclipse', 'cross', 'se']
2026-06-22 15:02:50,837 [WARNING]   ✗ Not found: Mitsubishi 2025 se keywords=['eclipse', 'cross', 'se']
2026-06-22 15:02:50,837 [DEBUG] Sheet '2025 Eclipse Cross' trim 'sel': Searching with keywords=['eclipse', 'cross', 'sel']
2026-06-22 15:02:50,838 [WARNING]   ✗ Not found: Mitsubishi 2025 sel keywords=['eclipse', 'cross', 'sel']
2026-06-22 15:02:50,840 [DEBUG] Sheet '2025 Eclipse Cross': 574 rows before, 574 excluded (missing trims: ['es', 'gt', 'noir', 'se', 'sel']), 0 rows in output
2026-06-22 15:02:50,843 [DEBUG] Sheet '2025 Eclipse Cross': 574 rows before, 574 excluded (missing trims: ['es', 'gt', 'noir', 'se', 'sel']), 0 rows in output
2026-06-22 15:02:50,845 [INFO] SHEET COMPLETE | sheet=2025 Eclipse Cross | records_in=121 | records_out=0
2026-06-22 15:02:50,845 [INFO] SHEET START | sheet=2025 RVR
2026-06-22 15:02:50,861 [DEBUG] Column mapping for '2025 RVR': {'part_number': 'part_number', 'english_description': 'english_description', 'french_description': 'french_description', 'remarks': 'remarks', 'es_fwd': None, 'es_awc': None, 'se_awc': None, 'sel_awc': None, 'noir_awc': None, 'gt_awc': None, 'photo': None, 'install_sheets': None, 'category': None, 'dnp_$': 'dnp', 'msrp_$': 'msrp', 'install_time': 'install_time', 'labour_rate': 'labour_rate', 'installed_price': None}
2026-06-22 15:02:50,861 [DEBUG] Trim candidates for '2025 RVR': ['es_fwd', 'es_awc', 'se_awc', 'sel_awc', 'noir_awc', 'gt_awc']
2026-06-22 15:02:50,864 [DEBUG] Valid trim cols for '2025 RVR': ['es_fwd', 'es_awc', 'se_awc', 'sel_awc', 'noir_awc', 'gt_awc']
2026-06-22 15:02:50,869 [DEBUG] Extracted vehicle_year: 2025 from sheet '2025 RVR'
2026-06-22 15:02:50,880 [DEBUG] Sheet '2025 RVR': 111 records -> 627 after melt
2026-06-22 15:02:50,882 [DEBUG] Sheet '2025 RVR': Unique trims identified: ['es_awc', 'es_fwd', 'gt_awc', 'noir_awc', 'se_awc', 'sel_awc']
2026-06-22 15:02:50,882 [DEBUG] Sheet '2025 RVR' trim 'es_awc': Searching with keywords=['rvr', 'es', 'awc']
2026-06-22 15:02:50,883 [WARNING]   ✗ Not found: Mitsubishi 2025 es_awc keywords=['rvr', 'es', 'awc']
2026-06-22 15:02:50,883 [DEBUG] Sheet '2025 RVR' trim 'es_fwd': Searching with keywords=['rvr', 'es', 'fwd']
2026-06-22 15:02:50,884 [WARNING]   ✗ Not found: Mitsubishi 2025 es_fwd keywords=['rvr', 'es', 'fwd']
2026-06-22 15:02:50,884 [DEBUG] Sheet '2025 RVR' trim 'gt_awc': Searching with keywords=['rvr', 'gt', 'awc']
2026-06-22 15:02:50,884 [WARNING]   ✗ Not found: Mitsubishi 2025 gt_awc keywords=['rvr', 'gt', 'awc']
2026-06-22 15:02:50,884 [DEBUG] Sheet '2025 RVR' trim 'noir_awc': Searching with keywords=['rvr', 'noir', 'awc']
2026-06-22 15:02:50,885 [WARNING]   ✗ Not found: Mitsubishi 2025 noir_awc keywords=['rvr', 'noir', 'awc']
2026-06-22 15:02:50,885 [DEBUG] Sheet '2025 RVR' trim 'se_awc': Searching with keywords=['rvr', 'se', 'awc']
2026-06-22 15:02:50,885 [WARNING]   ✗ Not found: Mitsubishi 2025 se_awc keywords=['rvr', 'se', 'awc']
2026-06-22 15:02:50,885 [DEBUG] Sheet '2025 RVR' trim 'sel_awc': Searching with keywords=['rvr', 'sel', 'awc']
2026-06-22 15:02:50,886 [WARNING]   ✗ Not found: Mitsubishi 2025 sel_awc keywords=['rvr', 'sel', 'awc']
2026-06-22 15:02:50,888 [DEBUG] Sheet '2025 RVR': 627 rows before, 627 excluded (missing trims: ['es_awc', 'es_fwd', 'gt_awc', 'noir_awc', 'se_awc', 'sel_awc']), 0 rows in output
2026-06-22 15:02:50,891 [DEBUG] Sheet '2025 RVR': 627 rows before, 627 excluded (missing trims: ['es_awc', 'es_fwd', 'gt_awc', 'noir_awc', 'se_awc', 'sel_awc']), 0 rows in output
2026-06-22 15:02:50,893 [INFO] SHEET COMPLETE | sheet=2025 RVR | records_in=111 | records_out=0
2026-06-22 15:02:50,894 [INFO] SHEET START | sheet=2024 PHEV
2026-06-22 15:02:50,909 [DEBUG] Column mapping for '2024 PHEV': {'part_number': 'part_number', 'english_description': 'english_description', 'french_description': 'french_description', 'remarks': 'remarks', 'es': None, 'le': None, 'sel': None, 'gt': None, 'gt-premium': None, 'photo': None, 'install_sheets': None, 'category': None, 'dnp_$': 'dnp', 'msrp_$': 'msrp', 'install_time': 'install_time', 'labour_rate': 'labour_rate', 'installed_price': None}
2026-06-22 15:02:50,909 [DEBUG] Trim candidates for '2024 PHEV': ['es', 'le', 'sel', 'gt', 'gt-premium']
2026-06-22 15:02:50,911 [DEBUG] Valid trim cols for '2024 PHEV': ['es', 'le', 'sel', 'gt', 'gt-premium']
2026-06-22 15:02:50,916 [DEBUG] Extracted vehicle_year: 2024 from sheet '2024 PHEV'
2026-06-22 15:02:50,929 [DEBUG] Sheet '2024 PHEV': 136 records -> 636 after melt
2026-06-22 15:02:50,931 [DEBUG] Sheet '2024 PHEV': Unique trims identified: ['es', 'gt', 'gt-premium', 'le', 'sel']
2026-06-22 15:02:50,931 [DEBUG] Detected fuel type: PHEV
2026-06-22 15:02:50,931 [DEBUG] Sheet '2024 PHEV' trim 'es': Searching with keywords=['es', 'phev']
2026-06-22 15:02:50,931 [WARNING]   ✗ Not found: Mitsubishi 2024 es keywords=['es', 'phev']
2026-06-22 15:02:50,932 [DEBUG] Detected fuel type: PHEV
2026-06-22 15:02:50,932 [DEBUG] Sheet '2024 PHEV' trim 'gt': Searching with keywords=['gt', 'phev']
2026-06-22 15:02:50,932 [WARNING]   ✗ Not found: Mitsubishi 2024 gt keywords=['gt', 'phev']
2026-06-22 15:02:50,932 [DEBUG] Detected fuel type: PHEV
2026-06-22 15:02:50,932 [DEBUG] Sheet '2024 PHEV' trim 'gt-premium': Searching with keywords=['gt', 'premium', 'phev']
2026-06-22 15:02:50,933 [WARNING]   ✗ Not found: Mitsubishi 2024 gt-premium keywords=['gt', 'premium', 'phev']
2026-06-22 15:02:50,933 [DEBUG] Detected fuel type: PHEV
2026-06-22 15:02:50,933 [DEBUG] Sheet '2024 PHEV' trim 'le': Searching with keywords=['le', 'phev']
2026-06-22 15:02:50,934 [WARNING]   ✗ Not found: Mitsubishi 2024 le keywords=['le', 'phev']
2026-06-22 15:02:50,934 [DEBUG] Detected fuel type: PHEV
2026-06-22 15:02:50,934 [DEBUG] Sheet '2024 PHEV' trim 'sel': Searching with keywords=['sel', 'phev']
2026-06-22 15:02:50,934 [WARNING]   ✗ Not found: Mitsubishi 2024 sel keywords=['sel', 'phev']
2026-06-22 15:02:50,936 [DEBUG] Sheet '2024 PHEV': 636 rows before, 636 excluded (missing trims: ['es', 'gt', 'gt-premium', 'le', 'sel']), 0 rows in output
2026-06-22 15:02:50,938 [DEBUG] Sheet '2024 PHEV': 636 rows before, 636 excluded (missing trims: ['es', 'gt', 'gt-premium', 'le', 'sel']), 0 rows in output
2026-06-22 15:02:50,941 [INFO] SHEET COMPLETE | sheet=2024 PHEV | records_in=136 | records_out=0
2026-06-22 15:02:50,941 [INFO] SHEET START | sheet=2024 Mirage
2026-06-22 15:02:50,957 [DEBUG] Column mapping for '2024 Mirage': {'part_number': 'part_number', 'english_description': 'english_description', 'french_description': 'french_description', 'remarks': 'remarks', 'es_cvt': None, 'noir_cvt': None, 'gt_cvt': None, 'photo': None, 'install_sheets': None, 'category': None, 'dnp_$': 'dnp', 'msrp_$': 'msrp', 'install_time': 'install_time', 'labour_rate': 'labour_rate', 'installed_price': None}
2026-06-22 15:02:50,957 [DEBUG] Trim candidates for '2024 Mirage': ['es_cvt', 'noir_cvt', 'gt_cvt']
2026-06-22 15:02:50,959 [DEBUG] Valid trim cols for '2024 Mirage': ['es_cvt', 'noir_cvt', 'gt_cvt']
2026-06-22 15:02:50,963 [DEBUG] Extracted vehicle_year: 2024 from sheet '2024 Mirage'
2026-06-22 15:02:50,975 [DEBUG] Sheet '2024 Mirage': 114 records -> 280 after melt
2026-06-22 15:02:50,977 [DEBUG] Sheet '2024 Mirage': Unique trims identified: ['es_cvt', 'gt_cvt', 'noir_cvt']
2026-06-22 15:02:50,977 [DEBUG] Sheet '2024 Mirage' trim 'es_cvt': Searching with keywords=['mirage', 'es', 'cvt']
2026-06-22 15:02:50,977 [WARNING]   ✗ Not found: Mitsubishi 2024 es_cvt keywords=['mirage', 'es', 'cvt']
2026-06-22 15:02:50,977 [DEBUG] Sheet '2024 Mirage' trim 'gt_cvt': Searching with keywords=['mirage', 'gt', 'cvt']
2026-06-22 15:02:50,978 [WARNING]   ✗ Not found: Mitsubishi 2024 gt_cvt keywords=['mirage', 'gt', 'cvt']
2026-06-22 15:02:50,978 [DEBUG] Sheet '2024 Mirage' trim 'noir_cvt': Searching with keywords=['mirage', 'noir', 'cvt']
2026-06-22 15:02:50,979 [WARNING]   ✗ Not found: Mitsubishi 2024 noir_cvt keywords=['mirage', 'noir', 'cvt']
2026-06-22 15:02:50,980 [DEBUG] Sheet '2024 Mirage': 280 rows before, 280 excluded (missing trims: ['es_cvt', 'gt_cvt', 'noir_cvt']), 0 rows in output
2026-06-22 15:02:50,982 [DEBUG] Sheet '2024 Mirage': 280 rows before, 280 excluded (missing trims: ['es_cvt', 'gt_cvt', 'noir_cvt']), 0 rows in output
2026-06-22 15:02:50,984 [INFO] SHEET COMPLETE | sheet=2024 Mirage | records_in=115 | records_out=0
2026-06-22 15:02:50,984 [INFO] SHEET START | sheet=2020 RVR
2026-06-22 15:02:51,007 [DEBUG] Column mapping for '2020 RVR': {'part_number': 'part_number', 'english_description': 'english_description', 'french_description': 'french_description', 'remarks': 'remarks', 'es': None, 'se': None, 'es_awc': None, 'se_awc': None, 'sel_awc': None, 'limited_edition_awc': None, 'gt_awc': None, 'category': None, 'photo': None, 'dnp_$': 'dnp', 'msrp_$': 'msrp', 'install_time': 'install_time', 'labour_rate': 'labour_rate', 'installed_price': None, 'imc': None, 'oh+oh': None}
2026-06-22 15:02:51,008 [DEBUG] Trim candidates for '2020 RVR': ['es', 'se', 'es_awc', 'se_awc', 'sel_awc', 'limited_edition_awc', 'gt_awc', 'category']
2026-06-22 15:02:51,010 [DEBUG] Valid trim cols for '2020 RVR': ['es', 'se', 'es_awc', 'se_awc', 'sel_awc', 'limited_edition_awc', 'gt_awc']
2026-06-22 15:02:51,016 [DEBUG] Extracted vehicle_year: 2020 from sheet '2020 RVR'
2026-06-22 15:02:51,028 [DEBUG] Sheet '2020 RVR': 119 records -> 809 after melt
2026-06-22 15:02:51,029 [DEBUG] Sheet '2020 RVR': Unique trims identified: ['es', 'es_awc', 'gt_awc', 'limited_edition_awc', 'se', 'se_awc', 'sel_awc']
2026-06-22 15:02:51,029 [DEBUG] Sheet '2020 RVR' trim 'es': Searching with keywords=['rvr', 'es']
2026-06-22 15:02:51,030 [WARNING]   ✗ Not found: Mitsubishi 2020 es keywords=['rvr', 'es']
2026-06-22 15:02:51,030 [DEBUG] Sheet '2020 RVR' trim 'es_awc': Searching with keywords=['rvr', 'es', 'awc']
2026-06-22 15:02:51,030 [WARNING]   ✗ Not found: Mitsubishi 2020 es_awc keywords=['rvr', 'es', 'awc']
2026-06-22 15:02:51,031 [DEBUG] Sheet '2020 RVR' trim 'gt_awc': Searching with keywords=['rvr', 'gt', 'awc']
2026-06-22 15:02:51,031 [WARNING]   ✗ Not found: Mitsubishi 2020 gt_awc keywords=['rvr', 'gt', 'awc']
2026-06-22 15:02:51,031 [DEBUG] Sheet '2020 RVR' trim 'limited_edition_awc': Searching with keywords=['rvr', 'limited', 'edition', 'awc']
2026-06-22 15:02:51,031 [WARNING]   ✗ Not found: Mitsubishi 2020 limited_edition_awc keywords=['rvr', 'limited', 'edition', 'awc']
2026-06-22 15:02:51,032 [DEBUG] Sheet '2020 RVR' trim 'se': Searching with keywords=['rvr', 'se']
2026-06-22 15:02:51,032 [WARNING]   ✗ Not found: Mitsubishi 2020 se keywords=['rvr', 'se']
2026-06-22 15:02:51,032 [DEBUG] Sheet '2020 RVR' trim 'se_awc': Searching with keywords=['rvr', 'se', 'awc']
2026-06-22 15:02:51,033 [WARNING]   ✗ Not found: Mitsubishi 2020 se_awc keywords=['rvr', 'se', 'awc']
2026-06-22 15:02:51,033 [DEBUG] Sheet '2020 RVR' trim 'sel_awc': Searching with keywords=['rvr', 'sel', 'awc']
2026-06-22 15:02:51,033 [WARNING]   ✗ Not found: Mitsubishi 2020 sel_awc keywords=['rvr', 'sel', 'awc']
2026-06-22 15:02:51,035 [DEBUG] Sheet '2020 RVR': 809 rows before, 809 excluded (missing trims: ['es', 'es_awc', 'gt_awc', 'limited_edition_awc', 'se', 'se_awc', 'sel_awc']), 0 rows in output
2026-06-22 15:02:51,037 [DEBUG] Sheet '2020 RVR': 809 rows before, 809 excluded (missing trims: ['es', 'es_awc', 'gt_awc', 'limited_edition_awc', 'se', 'se_awc', 'sel_awc']), 0 rows in output
2026-06-22 15:02:51,040 [INFO] SHEET COMPLETE | sheet=2020 RVR | records_in=119 | records_out=0
2026-06-22 15:02:51,040 [INFO] SHEET START | sheet=Luxwood English
2026-06-22 15:02:51,040 [ERROR] FATAL | sheet=Luxwood English | step=pipeline | reason=Sheet 'Luxwood English': required column 'part_number' (keywords: ['part', 'number']) not found in header row
2026-06-22 15:02:51,040 [INFO] SHEET START | sheet=Luxwood French
2026-06-22 15:02:51,041 [ERROR] FATAL | sheet=Luxwood French | step=pipeline | reason=Sheet 'Luxwood French': required column 'part_number' (keywords: ['part', 'number']) not found in header row
2026-06-22 15:02:51,142 [INFO] Combined output saved: output\ready_to_upload\mitsubishi\mitsubishi_b751a16d_20260622_210251.xlsx
2026-06-22 15:02:51,149 [INFO] RUN COMPLETE | sheets_processed=11 | sheets_skipped=2
