2026-06-22 14:55:24,039 [INFO] RUN START | oem=mitsubishi | file=C:\Users\paxm\OneDrive - PBS SYSTEMS\Desktop\Office\Projects\OEM Accessory project\OEM_Accessories_v1\accy_v2\data\landing_zone\mitsubishi\Accessory Guide - February26.xlsx | run_id=0c1fe186
2026-06-22 14:55:24,584 [INFO] SHEET START | sheet=2026 PHEV
2026-06-22 14:55:24,600 [DEBUG] Column mapping for '2026 PHEV': {'part_number': 'part_number', 'english_description': 'english_description', 'french_description': 'french_description', 'remarks': 'remarks', 'es': None, 'se': None, 'le': None, 'sel': None, 'gt': None, 'gt-p': None, 'gt-n': None, 'image': None, 'install_sheet': None, 'category': None, 'dnp_$': 'dnp', 'msrp_$': 'msrp', 'install_time': 'install_time', 'labour_rate': 'labour_rate', 'installed_price': None}
2026-06-22 14:55:24,600 [DEBUG] Trim candidates for '2026 PHEV': ['es', 'se', 'le', 'sel', 'gt', 'gt-p', 'gt-n']
2026-06-22 14:55:24,603 [DEBUG] Valid trim cols for '2026 PHEV': ['es', 'se', 'le', 'sel', 'gt', 'gt-p', 'gt-n']
2026-06-22 14:55:24,608 [DEBUG] Extracted vehicle_year: 2026 from sheet '2026 PHEV'
2026-06-22 14:55:24,621 [DEBUG] Sheet '2026 PHEV': 132 records -> 854 after melt
2026-06-22 14:55:24,623 [DEBUG] Sheet '2026 PHEV': Unique trims identified: ['es', 'gt', 'gt-n', 'gt-p', 'le', 'se', 'sel']
2026-06-22 14:55:24,623 [DEBUG] Detected fuel type: PHEV
2026-06-22 14:55:24,623 [DEBUG] Sheet '2026 PHEV' trim 'es': Searching with keywords=['es', 'phev']
2026-06-22 14:55:24,624 [WARNING]   ✗ Not found: Mitsubishi 2026 es keywords=['es', 'phev']
2026-06-22 14:55:24,624 [DEBUG] Detected fuel type: PHEV
2026-06-22 14:55:24,624 [DEBUG] Sheet '2026 PHEV' trim 'gt': Searching with keywords=['gt', 'phev']
2026-06-22 14:55:24,624 [WARNING]   ✗ Not found: Mitsubishi 2026 gt keywords=['gt', 'phev']
2026-06-22 14:55:24,624 [DEBUG] Detected fuel type: PHEV
2026-06-22 14:55:24,624 [DEBUG] Abbreviation matched: '-n' → 'noir'
2026-06-22 14:55:24,624 [DEBUG] Sheet '2026 PHEV' trim 'gt-n': Searching with keywords=['gt', 'noir', 'phev']
2026-06-22 14:55:24,625 [WARNING]   ✗ Not found: Mitsubishi 2026 gt-n keywords=['gt', 'noir', 'phev']
2026-06-22 14:55:24,625 [DEBUG] Detected fuel type: PHEV
2026-06-22 14:55:24,625 [DEBUG] Abbreviation matched: '-p' → 'premium'
2026-06-22 14:55:24,625 [DEBUG] Sheet '2026 PHEV' trim 'gt-p': Searching with keywords=['gt', 'premium', 'phev']
2026-06-22 14:55:24,625 [WARNING]   ✗ Not found: Mitsubishi 2026 gt-p keywords=['gt', 'premium', 'phev']
2026-06-22 14:55:24,626 [DEBUG] Detected fuel type: PHEV
2026-06-22 14:55:24,626 [DEBUG] Sheet '2026 PHEV' trim 'le': Searching with keywords=['le', 'phev']
2026-06-22 14:55:24,626 [WARNING]   ✗ Not found: Mitsubishi 2026 le keywords=['le', 'phev']
2026-06-22 14:55:24,626 [DEBUG] Detected fuel type: PHEV
2026-06-22 14:55:24,626 [DEBUG] Sheet '2026 PHEV' trim 'se': Searching with keywords=['se', 'phev']
2026-06-22 14:55:24,627 [WARNING]   ✗ Not found: Mitsubishi 2026 se keywords=['se', 'phev']
2026-06-22 14:55:24,627 [DEBUG] Detected fuel type: PHEV
2026-06-22 14:55:24,627 [DEBUG] Sheet '2026 PHEV' trim 'sel': Searching with keywords=['sel', 'phev']
2026-06-22 14:55:24,627 [WARNING]   ✗ Not found: Mitsubishi 2026 sel keywords=['sel', 'phev']
2026-06-22 14:55:24,630 [DEBUG] Sheet '2026 PHEV': 854 rows before, 854 excluded (missing trims: ['es', 'gt', 'gt-n', 'gt-p', 'le', 'se', 'sel']), 0 rows in output
2026-06-22 14:55:24,632 [DEBUG] Sheet '2026 PHEV': 854 rows before, 854 excluded (missing trims: ['es', 'gt', 'gt-n', 'gt-p', 'le', 'se', 'sel']), 0 rows in output
2026-06-22 14:55:24,634 [INFO] SHEET COMPLETE | sheet=2026 PHEV | records_in=134 | records_out=0
2026-06-22 14:55:24,635 [INFO] SHEET START | sheet=2026 Outlander
2026-06-22 14:55:24,650 [DEBUG] Column mapping for '2026 Outlander': {'part_number': 'part_number', 'english_description': 'english_description', 'french_description': 'french_description', 'remarks': 'remarks', 'es_s-awc': None, 'se_s-awc': None, 'le_s-awc': None, 'sel_s-awc': None, 'gt_s-awc': None, 'gt_prem_s-awc': None, 'photo': None, 'install_sheets': None, 'nan': None, 'category': None, 'dnp_$': 'dnp', 'msrp_$': 'msrp', 'install_time': 'install_time', 'labour_rate': 'labour_rate', 'installed_price': None}
2026-06-22 14:55:24,650 [DEBUG] Trim candidates for '2026 Outlander': ['es_s-awc', 'se_s-awc', 'le_s-awc', 'sel_s-awc', 'gt_s-awc', 'gt_prem_s-awc']
2026-06-22 14:55:24,652 [DEBUG] Valid trim cols for '2026 Outlander': ['es_s-awc', 'se_s-awc', 'le_s-awc', 'sel_s-awc', 'gt_s-awc', 'gt_prem_s-awc']
2026-06-22 14:55:24,657 [DEBUG] Extracted vehicle_year: 2026 from sheet '2026 Outlander'
2026-06-22 14:55:24,670 [DEBUG] Sheet '2026 Outlander': 129 records -> 744 after melt
2026-06-22 14:55:24,671 [DEBUG] Sheet '2026 Outlander': Unique trims identified: ['es_s-awc', 'gt_prem_s-awc', 'gt_s-awc', 'le_s-awc', 'se_s-awc', 'sel_s-awc']
2026-06-22 14:55:24,672 [DEBUG] Sheet '2026 Outlander' trim 'es_s-awc': Searching with keywords=['outlander', 'es', 's', 'awc']
2026-06-22 14:55:24,672 [WARNING]   ✗ Not found: Mitsubishi 2026 es_s-awc keywords=['outlander', 'es', 's', 'awc']
2026-06-22 14:55:24,672 [DEBUG] Sheet '2026 Outlander' trim 'gt_prem_s-awc': Searching with keywords=['outlander', 'gt', 'prem', 's', 'awc']
2026-06-22 14:55:24,672 [WARNING]   ✗ Not found: Mitsubishi 2026 gt_prem_s-awc keywords=['outlander', 'gt', 'prem', 's', 'awc']
2026-06-22 14:55:24,673 [DEBUG] Sheet '2026 Outlander' trim 'gt_s-awc': Searching with keywords=['outlander', 'gt', 's', 'awc']
2026-06-22 14:55:24,673 [WARNING]   ✗ Not found: Mitsubishi 2026 gt_s-awc keywords=['outlander', 'gt', 's', 'awc']
2026-06-22 14:55:24,673 [DEBUG] Sheet '2026 Outlander' trim 'le_s-awc': Searching with keywords=['outlander', 'le', 's', 'awc']
2026-06-22 14:55:24,673 [WARNING]   ✗ Not found: Mitsubishi 2026 le_s-awc keywords=['outlander', 'le', 's', 'awc']
2026-06-22 14:55:24,674 [DEBUG] Sheet '2026 Outlander' trim 'se_s-awc': Searching with keywords=['outlander', 'se', 's', 'awc']
2026-06-22 14:55:24,674 [WARNING]   ✗ Not found: Mitsubishi 2026 se_s-awc keywords=['outlander', 'se', 's', 'awc']
2026-06-22 14:55:24,674 [DEBUG] Sheet '2026 Outlander' trim 'sel_s-awc': Searching with keywords=['outlander', 'sel', 's', 'awc']
2026-06-22 14:55:24,674 [WARNING]   ✗ Not found: Mitsubishi 2026 sel_s-awc keywords=['outlander', 'sel', 's', 'awc']
2026-06-22 14:55:24,677 [DEBUG] Sheet '2026 Outlander': 744 rows before, 744 excluded (missing trims: ['es_s-awc', 'gt_prem_s-awc', 'gt_s-awc', 'le_s-awc', 'se_s-awc', 'sel_s-awc']), 0 rows in output
2026-06-22 14:55:24,679 [DEBUG] Sheet '2026 Outlander': 744 rows before, 744 excluded (missing trims: ['es_s-awc', 'gt_prem_s-awc', 'gt_s-awc', 'le_s-awc', 'se_s-awc', 'sel_s-awc']), 0 rows in output
2026-06-22 14:55:24,683 [INFO] SHEET COMPLETE | sheet=2026 Outlander | records_in=129 | records_out=0
2026-06-22 14:55:24,683 [INFO] SHEET START | sheet=2026 Eclipse Cross
2026-06-22 14:55:24,698 [DEBUG] Column mapping for '2026 Eclipse Cross': {'part_number': 'part_number', 'english_description': 'english_description', 'french_description': 'french_description', 'remarks': 'remarks', 'es': None, 'se': None, 'noir': None, 'gt': None, 'photo': None, 'install_sheets': None, 'category': None, 'dnp_$': 'dnp', 'msrp_$': 'msrp', 'install_time': 'install_time', 'labour_rate': 'labour_rate', 'installed_price': None}
2026-06-22 14:55:24,698 [DEBUG] Trim candidates for '2026 Eclipse Cross': ['es', 'se', 'noir', 'gt']
2026-06-22 14:55:24,700 [DEBUG] Valid trim cols for '2026 Eclipse Cross': ['es', 'se', 'noir', 'gt']
2026-06-22 14:55:24,705 [DEBUG] Extracted vehicle_year: 2026 from sheet '2026 Eclipse Cross'
2026-06-22 14:55:24,717 [DEBUG] Sheet '2026 Eclipse Cross': 122 records -> 458 after melt
2026-06-22 14:55:24,718 [DEBUG] Sheet '2026 Eclipse Cross': Unique trims identified: ['es', 'gt', 'noir', 'se']
2026-06-22 14:55:24,718 [DEBUG] Sheet '2026 Eclipse Cross' trim 'es': Searching with keywords=['eclipse', 'cross', 'es']
2026-06-22 14:55:24,718 [WARNING]   ✗ Not found: Mitsubishi 2026 es keywords=['eclipse', 'cross', 'es']
2026-06-22 14:55:24,719 [DEBUG] Sheet '2026 Eclipse Cross' trim 'gt': Searching with keywords=['eclipse', 'cross', 'gt']
2026-06-22 14:55:24,719 [WARNING]   ✗ Not found: Mitsubishi 2026 gt keywords=['eclipse', 'cross', 'gt']
2026-06-22 14:55:24,719 [DEBUG] Sheet '2026 Eclipse Cross' trim 'noir': Searching with keywords=['eclipse', 'cross', 'noir']
2026-06-22 14:55:24,719 [WARNING]   ✗ Not found: Mitsubishi 2026 noir keywords=['eclipse', 'cross', 'noir']
2026-06-22 14:55:24,720 [DEBUG] Sheet '2026 Eclipse Cross' trim 'se': Searching with keywords=['eclipse', 'cross', 'se']
2026-06-22 14:55:24,720 [WARNING]   ✗ Not found: Mitsubishi 2026 se keywords=['eclipse', 'cross', 'se']
2026-06-22 14:55:24,722 [DEBUG] Sheet '2026 Eclipse Cross': 458 rows before, 458 excluded (missing trims: ['es', 'gt', 'noir', 'se']), 0 rows in output
2026-06-22 14:55:24,723 [DEBUG] Sheet '2026 Eclipse Cross': 458 rows before, 458 excluded (missing trims: ['es', 'gt', 'noir', 'se']), 0 rows in output
2026-06-22 14:55:24,726 [INFO] SHEET COMPLETE | sheet=2026 Eclipse Cross | records_in=122 | records_out=0
2026-06-22 14:55:24,726 [INFO] SHEET START | sheet=2026 RVR
2026-06-22 14:55:24,742 [DEBUG] Column mapping for '2026 RVR': {'part_number': 'part_number', 'english_description': 'english_description', 'french_description': 'french_description', 'remarks': 'remarks', 'es_fwd': None, 'es_awc': None, 'se_awc': None, 'sel_awc': None, 'noir_awc': None, 'gt_awc': None, 'photo': None, 'install_sheets': None, 'category': None, 'dnp_$': 'dnp', 'msrp_$': 'msrp', 'install_time': 'install_time', 'labour_rate': 'labour_rate', 'installed_price': None}
2026-06-22 14:55:24,742 [DEBUG] Trim candidates for '2026 RVR': ['es_fwd', 'es_awc', 'se_awc', 'sel_awc', 'noir_awc', 'gt_awc']
2026-06-22 14:55:24,745 [DEBUG] Valid trim cols for '2026 RVR': ['es_fwd', 'es_awc', 'se_awc', 'sel_awc', 'noir_awc', 'gt_awc']
2026-06-22 14:55:24,750 [DEBUG] Extracted vehicle_year: 2026 from sheet '2026 RVR'
2026-06-22 14:55:24,762 [DEBUG] Sheet '2026 RVR': 111 records -> 623 after melt
2026-06-22 14:55:24,764 [DEBUG] Sheet '2026 RVR': Unique trims identified: ['es_awc', 'es_fwd', 'gt_awc', 'noir_awc', 'se_awc', 'sel_awc']
2026-06-22 14:55:24,764 [DEBUG] Sheet '2026 RVR' trim 'es_awc': Searching with keywords=['rvr', 'es', 'awc']
2026-06-22 14:55:24,765 [WARNING]   ✗ Not found: Mitsubishi 2026 es_awc keywords=['rvr', 'es', 'awc']
2026-06-22 14:55:24,765 [DEBUG] Sheet '2026 RVR' trim 'es_fwd': Searching with keywords=['rvr', 'es', 'fwd']
2026-06-22 14:55:24,765 [WARNING]   ✗ Not found: Mitsubishi 2026 es_fwd keywords=['rvr', 'es', 'fwd']
2026-06-22 14:55:24,766 [DEBUG] Sheet '2026 RVR' trim 'gt_awc': Searching with keywords=['rvr', 'gt', 'awc']
2026-06-22 14:55:24,766 [WARNING]   ✗ Not found: Mitsubishi 2026 gt_awc keywords=['rvr', 'gt', 'awc']
2026-06-22 14:55:24,766 [DEBUG] Sheet '2026 RVR' trim 'noir_awc': Searching with keywords=['rvr', 'noir', 'awc']
2026-06-22 14:55:24,766 [WARNING]   ✗ Not found: Mitsubishi 2026 noir_awc keywords=['rvr', 'noir', 'awc']
2026-06-22 14:55:24,766 [DEBUG] Sheet '2026 RVR' trim 'se_awc': Searching with keywords=['rvr', 'se', 'awc']
2026-06-22 14:55:24,767 [WARNING]   ✗ Not found: Mitsubishi 2026 se_awc keywords=['rvr', 'se', 'awc']
2026-06-22 14:55:24,767 [DEBUG] Sheet '2026 RVR' trim 'sel_awc': Searching with keywords=['rvr', 'sel', 'awc']
2026-06-22 14:55:24,767 [WARNING]   ✗ Not found: Mitsubishi 2026 sel_awc keywords=['rvr', 'sel', 'awc']
2026-06-22 14:55:24,769 [DEBUG] Sheet '2026 RVR': 623 rows before, 623 excluded (missing trims: ['es_awc', 'es_fwd', 'gt_awc', 'noir_awc', 'se_awc', 'sel_awc']), 0 rows in output
2026-06-22 14:55:24,771 [DEBUG] Sheet '2026 RVR': 623 rows before, 623 excluded (missing trims: ['es_awc', 'es_fwd', 'gt_awc', 'noir_awc', 'se_awc', 'sel_awc']), 0 rows in output
2026-06-22 14:55:24,773 [INFO] SHEET COMPLETE | sheet=2026 RVR | records_in=111 | records_out=0
2026-06-22 14:55:24,773 [INFO] SHEET START | sheet=2025 Outlander 
2026-06-22 14:55:24,788 [DEBUG] Column mapping for '2025 Outlander ': {'part_number': 'part_number', 'english_description': 'english_description', 'french_description': 'french_description', 'remarks': 'remarks', 'es_s-awc': None, 'se_s-awc': None, 'le_s-awc': None, 'sel_s-awc': None, 'gt_s-awc': None, 'gt_prem_s-awc': None, 'photo': None, 'install_sheets': None, 'category': None, 'dnp_$': 'dnp', 'msrp_$': 'msrp', 'install_time': 'install_time', 'labour_rate': 'labour_rate', 'installed_price': None}
2026-06-22 14:55:24,788 [DEBUG] Trim candidates for '2025 Outlander ': ['es_s-awc', 'se_s-awc', 'le_s-awc', 'sel_s-awc', 'gt_s-awc', 'gt_prem_s-awc']
2026-06-22 14:55:24,791 [DEBUG] Valid trim cols for '2025 Outlander ': ['es_s-awc', 'se_s-awc', 'le_s-awc', 'sel_s-awc', 'gt_s-awc', 'gt_prem_s-awc']
2026-06-22 14:55:24,797 [DEBUG] Extracted vehicle_year: 2025 from sheet '2025 Outlander '
2026-06-22 14:55:24,809 [DEBUG] Sheet '2025 Outlander ': 130 records -> 750 after melt
2026-06-22 14:55:24,810 [DEBUG] Sheet '2025 Outlander ': Unique trims identified: ['es_s-awc', 'gt_prem_s-awc', 'gt_s-awc', 'le_s-awc', 'se_s-awc', 'sel_s-awc']
2026-06-22 14:55:24,811 [DEBUG] Sheet '2025 Outlander ' trim 'es_s-awc': Searching with keywords=['outlander', 'es', 's', 'awc']
2026-06-22 14:55:24,811 [WARNING]   ✗ Not found: Mitsubishi 2025 es_s-awc keywords=['outlander', 'es', 's', 'awc']
2026-06-22 14:55:24,811 [DEBUG] Sheet '2025 Outlander ' trim 'gt_prem_s-awc': Searching with keywords=['outlander', 'gt', 'prem', 's', 'awc']
2026-06-22 14:55:24,812 [WARNING]   ✗ Not found: Mitsubishi 2025 gt_prem_s-awc keywords=['outlander', 'gt', 'prem', 's', 'awc']
2026-06-22 14:55:24,812 [DEBUG] Sheet '2025 Outlander ' trim 'gt_s-awc': Searching with keywords=['outlander', 'gt', 's', 'awc']
2026-06-22 14:55:24,812 [WARNING]   ✗ Not found: Mitsubishi 2025 gt_s-awc keywords=['outlander', 'gt', 's', 'awc']
2026-06-22 14:55:24,812 [DEBUG] Sheet '2025 Outlander ' trim 'le_s-awc': Searching with keywords=['outlander', 'le', 's', 'awc']
2026-06-22 14:55:24,813 [WARNING]   ✗ Not found: Mitsubishi 2025 le_s-awc keywords=['outlander', 'le', 's', 'awc']
2026-06-22 14:55:24,813 [DEBUG] Sheet '2025 Outlander ' trim 'se_s-awc': Searching with keywords=['outlander', 'se', 's', 'awc']
2026-06-22 14:55:24,813 [WARNING]   ✗ Not found: Mitsubishi 2025 se_s-awc keywords=['outlander', 'se', 's', 'awc']
2026-06-22 14:55:24,813 [DEBUG] Sheet '2025 Outlander ' trim 'sel_s-awc': Searching with keywords=['outlander', 'sel', 's', 'awc']
2026-06-22 14:55:24,814 [WARNING]   ✗ Not found: Mitsubishi 2025 sel_s-awc keywords=['outlander', 'sel', 's', 'awc']
2026-06-22 14:55:24,816 [DEBUG] Sheet '2025 Outlander ': 750 rows before, 750 excluded (missing trims: ['es_s-awc', 'gt_prem_s-awc', 'gt_s-awc', 'le_s-awc', 'se_s-awc', 'sel_s-awc']), 0 rows in output
2026-06-22 14:55:24,818 [DEBUG] Sheet '2025 Outlander ': 750 rows before, 750 excluded (missing trims: ['es_s-awc', 'gt_prem_s-awc', 'gt_s-awc', 'le_s-awc', 'se_s-awc', 'sel_s-awc']), 0 rows in output
2026-06-22 14:55:24,819 [INFO] SHEET COMPLETE | sheet=2025 Outlander  | records_in=130 | records_out=0
2026-06-22 14:55:24,819 [INFO] SHEET START | sheet=2025 PHEV
2026-06-22 14:55:24,834 [DEBUG] Column mapping for '2025 PHEV': {'part_number': 'part_number', 'english_description': 'english_description', 'french_description': 'french_description', 'remarks': 'remarks', 'es': None, 'se': None, 'le': None, 'sel': None, 'gt': None, 'gt-p': None, 'gt-n': None, 'image': None, 'install_sheet': None, 'category': None, 'dnp_$': 'dnp', 'msrp_$': 'msrp', 'install_time': 'install_time', 'labour_rate': 'labour_rate', 'installed_price': None}
2026-06-22 14:55:24,834 [DEBUG] Trim candidates for '2025 PHEV': ['es', 'se', 'le', 'sel', 'gt', 'gt-p', 'gt-n']
2026-06-22 14:55:24,837 [DEBUG] Valid trim cols for '2025 PHEV': ['es', 'se', 'le', 'sel', 'gt', 'gt-p', 'gt-n']
2026-06-22 14:55:24,842 [DEBUG] Extracted vehicle_year: 2025 from sheet '2025 PHEV'
2026-06-22 14:55:24,854 [DEBUG] Sheet '2025 PHEV': 133 records -> 861 after melt
2026-06-22 14:55:24,856 [DEBUG] Sheet '2025 PHEV': Unique trims identified: ['es', 'gt', 'gt-n', 'gt-p', 'le', 'se', 'sel']
2026-06-22 14:55:24,856 [DEBUG] Detected fuel type: PHEV
2026-06-22 14:55:24,856 [DEBUG] Sheet '2025 PHEV' trim 'es': Searching with keywords=['es', 'phev']
2026-06-22 14:55:24,856 [WARNING]   ✗ Not found: Mitsubishi 2025 es keywords=['es', 'phev']
2026-06-22 14:55:24,856 [DEBUG] Detected fuel type: PHEV
2026-06-22 14:55:24,856 [DEBUG] Sheet '2025 PHEV' trim 'gt': Searching with keywords=['gt', 'phev']
2026-06-22 14:55:24,857 [WARNING]   ✗ Not found: Mitsubishi 2025 gt keywords=['gt', 'phev']
2026-06-22 14:55:24,857 [DEBUG] Detected fuel type: PHEV
2026-06-22 14:55:24,857 [DEBUG] Abbreviation matched: '-n' → 'noir'
2026-06-22 14:55:24,857 [DEBUG] Sheet '2025 PHEV' trim 'gt-n': Searching with keywords=['gt', 'noir', 'phev']
2026-06-22 14:55:24,857 [WARNING]   ✗ Not found: Mitsubishi 2025 gt-n keywords=['gt', 'noir', 'phev']
2026-06-22 14:55:24,858 [DEBUG] Detected fuel type: PHEV
2026-06-22 14:55:24,858 [DEBUG] Abbreviation matched: '-p' → 'premium'
2026-06-22 14:55:24,858 [DEBUG] Sheet '2025 PHEV' trim 'gt-p': Searching with keywords=['gt', 'premium', 'phev']
2026-06-22 14:55:24,858 [WARNING]   ✗ Not found: Mitsubishi 2025 gt-p keywords=['gt', 'premium', 'phev']
2026-06-22 14:55:24,858 [DEBUG] Detected fuel type: PHEV
2026-06-22 14:55:24,858 [DEBUG] Sheet '2025 PHEV' trim 'le': Searching with keywords=['le', 'phev']
2026-06-22 14:55:24,859 [WARNING]   ✗ Not found: Mitsubishi 2025 le keywords=['le', 'phev']
2026-06-22 14:55:24,859 [DEBUG] Detected fuel type: PHEV
2026-06-22 14:55:24,859 [DEBUG] Sheet '2025 PHEV' trim 'se': Searching with keywords=['se', 'phev']
2026-06-22 14:55:24,859 [WARNING]   ✗ Not found: Mitsubishi 2025 se keywords=['se', 'phev']
2026-06-22 14:55:24,859 [DEBUG] Detected fuel type: PHEV
2026-06-22 14:55:24,859 [DEBUG] Sheet '2025 PHEV' trim 'sel': Searching with keywords=['sel', 'phev']
2026-06-22 14:55:24,860 [WARNING]   ✗ Not found: Mitsubishi 2025 sel keywords=['sel', 'phev']
2026-06-22 14:55:24,862 [DEBUG] Sheet '2025 PHEV': 861 rows before, 861 excluded (missing trims: ['es', 'gt', 'gt-n', 'gt-p', 'le', 'se', 'sel']), 0 rows in output
2026-06-22 14:55:24,864 [DEBUG] Sheet '2025 PHEV': 861 rows before, 861 excluded (missing trims: ['es', 'gt', 'gt-n', 'gt-p', 'le', 'se', 'sel']), 0 rows in output
2026-06-22 14:55:24,866 [INFO] SHEET COMPLETE | sheet=2025 PHEV | records_in=133 | records_out=0
2026-06-22 14:55:24,866 [INFO] SHEET START | sheet=2025 Eclipse Cross
2026-06-22 14:55:24,880 [DEBUG] Column mapping for '2025 Eclipse Cross': {'part_number': 'part_number', 'english_description': 'english_description', 'french_description': 'french_description', 'remarks': 'remarks', 'es': None, 'se': None, 'sel': None, 'noir': None, 'gt': None, 'photo': None, 'install_sheets': None, 'category': None, 'dnp_$': 'dnp', 'msrp_$': 'msrp', 'install_time': 'install_time', 'labour_rate': 'labour_rate', 'installed_price': None}
2026-06-22 14:55:24,880 [DEBUG] Trim candidates for '2025 Eclipse Cross': ['es', 'se', 'sel', 'noir', 'gt']
2026-06-22 14:55:24,882 [DEBUG] Valid trim cols for '2025 Eclipse Cross': ['es', 'se', 'sel', 'noir', 'gt']
2026-06-22 14:55:24,888 [DEBUG] Extracted vehicle_year: 2025 from sheet '2025 Eclipse Cross'
2026-06-22 14:55:24,903 [DEBUG] Sheet '2025 Eclipse Cross': 121 records -> 574 after melt
2026-06-22 14:55:24,904 [DEBUG] Sheet '2025 Eclipse Cross': Unique trims identified: ['es', 'gt', 'noir', 'se', 'sel']
2026-06-22 14:55:24,904 [DEBUG] Sheet '2025 Eclipse Cross' trim 'es': Searching with keywords=['eclipse', 'cross', 'es']
2026-06-22 14:55:24,904 [WARNING]   ✗ Not found: Mitsubishi 2025 es keywords=['eclipse', 'cross', 'es']
2026-06-22 14:55:24,904 [DEBUG] Sheet '2025 Eclipse Cross' trim 'gt': Searching with keywords=['eclipse', 'cross', 'gt']
2026-06-22 14:55:24,905 [WARNING]   ✗ Not found: Mitsubishi 2025 gt keywords=['eclipse', 'cross', 'gt']
2026-06-22 14:55:24,905 [DEBUG] Sheet '2025 Eclipse Cross' trim 'noir': Searching with keywords=['eclipse', 'cross', 'noir']
2026-06-22 14:55:24,905 [WARNING]   ✗ Not found: Mitsubishi 2025 noir keywords=['eclipse', 'cross', 'noir']
2026-06-22 14:55:24,905 [DEBUG] Sheet '2025 Eclipse Cross' trim 'se': Searching with keywords=['eclipse', 'cross', 'se']
2026-06-22 14:55:24,906 [WARNING]   ✗ Not found: Mitsubishi 2025 se keywords=['eclipse', 'cross', 'se']
2026-06-22 14:55:24,906 [DEBUG] Sheet '2025 Eclipse Cross' trim 'sel': Searching with keywords=['eclipse', 'cross', 'sel']
2026-06-22 14:55:24,906 [WARNING]   ✗ Not found: Mitsubishi 2025 sel keywords=['eclipse', 'cross', 'sel']
2026-06-22 14:55:24,908 [DEBUG] Sheet '2025 Eclipse Cross': 574 rows before, 574 excluded (missing trims: ['es', 'gt', 'noir', 'se', 'sel']), 0 rows in output
2026-06-22 14:55:24,910 [DEBUG] Sheet '2025 Eclipse Cross': 574 rows before, 574 excluded (missing trims: ['es', 'gt', 'noir', 'se', 'sel']), 0 rows in output
2026-06-22 14:55:24,913 [INFO] SHEET COMPLETE | sheet=2025 Eclipse Cross | records_in=121 | records_out=0
2026-06-22 14:55:24,913 [INFO] SHEET START | sheet=2025 RVR
2026-06-22 14:55:24,927 [DEBUG] Column mapping for '2025 RVR': {'part_number': 'part_number', 'english_description': 'english_description', 'french_description': 'french_description', 'remarks': 'remarks', 'es_fwd': None, 'es_awc': None, 'se_awc': None, 'sel_awc': None, 'noir_awc': None, 'gt_awc': None, 'photo': None, 'install_sheets': None, 'category': None, 'dnp_$': 'dnp', 'msrp_$': 'msrp', 'install_time': 'install_time', 'labour_rate': 'labour_rate', 'installed_price': None}
2026-06-22 14:55:24,927 [DEBUG] Trim candidates for '2025 RVR': ['es_fwd', 'es_awc', 'se_awc', 'sel_awc', 'noir_awc', 'gt_awc']
2026-06-22 14:55:24,929 [DEBUG] Valid trim cols for '2025 RVR': ['es_fwd', 'es_awc', 'se_awc', 'sel_awc', 'noir_awc', 'gt_awc']
2026-06-22 14:55:24,935 [DEBUG] Extracted vehicle_year: 2025 from sheet '2025 RVR'
2026-06-22 14:55:24,947 [DEBUG] Sheet '2025 RVR': 111 records -> 627 after melt
2026-06-22 14:55:24,948 [DEBUG] Sheet '2025 RVR': Unique trims identified: ['es_awc', 'es_fwd', 'gt_awc', 'noir_awc', 'se_awc', 'sel_awc']
2026-06-22 14:55:24,948 [DEBUG] Sheet '2025 RVR' trim 'es_awc': Searching with keywords=['rvr', 'es', 'awc']
2026-06-22 14:55:24,949 [WARNING]   ✗ Not found: Mitsubishi 2025 es_awc keywords=['rvr', 'es', 'awc']
2026-06-22 14:55:24,949 [DEBUG] Sheet '2025 RVR' trim 'es_fwd': Searching with keywords=['rvr', 'es', 'fwd']
2026-06-22 14:55:24,949 [WARNING]   ✗ Not found: Mitsubishi 2025 es_fwd keywords=['rvr', 'es', 'fwd']
2026-06-22 14:55:24,949 [DEBUG] Sheet '2025 RVR' trim 'gt_awc': Searching with keywords=['rvr', 'gt', 'awc']
2026-06-22 14:55:24,950 [WARNING]   ✗ Not found: Mitsubishi 2025 gt_awc keywords=['rvr', 'gt', 'awc']
2026-06-22 14:55:24,950 [DEBUG] Sheet '2025 RVR' trim 'noir_awc': Searching with keywords=['rvr', 'noir', 'awc']
2026-06-22 14:55:24,950 [WARNING]   ✗ Not found: Mitsubishi 2025 noir_awc keywords=['rvr', 'noir', 'awc']
2026-06-22 14:55:24,950 [DEBUG] Sheet '2025 RVR' trim 'se_awc': Searching with keywords=['rvr', 'se', 'awc']
2026-06-22 14:55:24,951 [WARNING]   ✗ Not found: Mitsubishi 2025 se_awc keywords=['rvr', 'se', 'awc']
2026-06-22 14:55:24,951 [DEBUG] Sheet '2025 RVR' trim 'sel_awc': Searching with keywords=['rvr', 'sel', 'awc']
2026-06-22 14:55:24,951 [WARNING]   ✗ Not found: Mitsubishi 2025 sel_awc keywords=['rvr', 'sel', 'awc']
2026-06-22 14:55:24,953 [DEBUG] Sheet '2025 RVR': 627 rows before, 627 excluded (missing trims: ['es_awc', 'es_fwd', 'gt_awc', 'noir_awc', 'se_awc', 'sel_awc']), 0 rows in output
2026-06-22 14:55:24,955 [DEBUG] Sheet '2025 RVR': 627 rows before, 627 excluded (missing trims: ['es_awc', 'es_fwd', 'gt_awc', 'noir_awc', 'se_awc', 'sel_awc']), 0 rows in output
2026-06-22 14:55:24,956 [INFO] SHEET COMPLETE | sheet=2025 RVR | records_in=111 | records_out=0
2026-06-22 14:55:24,957 [INFO] SHEET START | sheet=2024 PHEV
2026-06-22 14:55:24,972 [DEBUG] Column mapping for '2024 PHEV': {'part_number': 'part_number', 'english_description': 'english_description', 'french_description': 'french_description', 'remarks': 'remarks', 'es': None, 'le': None, 'sel': None, 'gt': None, 'gt-premium': None, 'photo': None, 'install_sheets': None, 'category': None, 'dnp_$': 'dnp', 'msrp_$': 'msrp', 'install_time': 'install_time', 'labour_rate': 'labour_rate', 'installed_price': None}
2026-06-22 14:55:24,972 [DEBUG] Trim candidates for '2024 PHEV': ['es', 'le', 'sel', 'gt', 'gt-premium']
2026-06-22 14:55:24,974 [DEBUG] Valid trim cols for '2024 PHEV': ['es', 'le', 'sel', 'gt', 'gt-premium']
2026-06-22 14:55:24,978 [DEBUG] Extracted vehicle_year: 2024 from sheet '2024 PHEV'
2026-06-22 14:55:24,991 [DEBUG] Sheet '2024 PHEV': 136 records -> 636 after melt
2026-06-22 14:55:24,992 [DEBUG] Sheet '2024 PHEV': Unique trims identified: ['es', 'gt', 'gt-premium', 'le', 'sel']
2026-06-22 14:55:24,992 [DEBUG] Detected fuel type: PHEV
2026-06-22 14:55:24,992 [DEBUG] Sheet '2024 PHEV' trim 'es': Searching with keywords=['es', 'phev']
2026-06-22 14:55:24,993 [WARNING]   ✗ Not found: Mitsubishi 2024 es keywords=['es', 'phev']
2026-06-22 14:55:24,993 [DEBUG] Detected fuel type: PHEV
2026-06-22 14:55:24,993 [DEBUG] Sheet '2024 PHEV' trim 'gt': Searching with keywords=['gt', 'phev']
2026-06-22 14:55:24,994 [WARNING]   ✗ Not found: Mitsubishi 2024 gt keywords=['gt', 'phev']
2026-06-22 14:55:24,994 [DEBUG] Detected fuel type: PHEV
2026-06-22 14:55:24,994 [DEBUG] Sheet '2024 PHEV' trim 'gt-premium': Searching with keywords=['gt', 'premium', 'phev']
2026-06-22 14:55:24,995 [WARNING]   ✗ Not found: Mitsubishi 2024 gt-premium keywords=['gt', 'premium', 'phev']
2026-06-22 14:55:24,995 [DEBUG] Detected fuel type: PHEV
2026-06-22 14:55:24,995 [DEBUG] Sheet '2024 PHEV' trim 'le': Searching with keywords=['le', 'phev']
2026-06-22 14:55:24,995 [WARNING]   ✗ Not found: Mitsubishi 2024 le keywords=['le', 'phev']
2026-06-22 14:55:24,995 [DEBUG] Detected fuel type: PHEV
2026-06-22 14:55:24,995 [DEBUG] Sheet '2024 PHEV' trim 'sel': Searching with keywords=['sel', 'phev']
2026-06-22 14:55:24,996 [WARNING]   ✗ Not found: Mitsubishi 2024 sel keywords=['sel', 'phev']
2026-06-22 14:55:24,998 [DEBUG] Sheet '2024 PHEV': 636 rows before, 636 excluded (missing trims: ['es', 'gt', 'gt-premium', 'le', 'sel']), 0 rows in output
2026-06-22 14:55:25,000 [DEBUG] Sheet '2024 PHEV': 636 rows before, 636 excluded (missing trims: ['es', 'gt', 'gt-premium', 'le', 'sel']), 0 rows in output
2026-06-22 14:55:25,002 [INFO] SHEET COMPLETE | sheet=2024 PHEV | records_in=136 | records_out=0
2026-06-22 14:55:25,002 [INFO] SHEET START | sheet=2024 Mirage
2026-06-22 14:55:25,017 [DEBUG] Column mapping for '2024 Mirage': {'part_number': 'part_number', 'english_description': 'english_description', 'french_description': 'french_description', 'remarks': 'remarks', 'es_cvt': None, 'noir_cvt': None, 'gt_cvt': None, 'photo': None, 'install_sheets': None, 'category': None, 'dnp_$': 'dnp', 'msrp_$': 'msrp', 'install_time': 'install_time', 'labour_rate': 'labour_rate', 'installed_price': None}
2026-06-22 14:55:25,018 [DEBUG] Trim candidates for '2024 Mirage': ['es_cvt', 'noir_cvt', 'gt_cvt']
2026-06-22 14:55:25,019 [DEBUG] Valid trim cols for '2024 Mirage': ['es_cvt', 'noir_cvt', 'gt_cvt']
2026-06-22 14:55:25,023 [DEBUG] Extracted vehicle_year: 2024 from sheet '2024 Mirage'
2026-06-22 14:55:25,033 [DEBUG] Sheet '2024 Mirage': 114 records -> 280 after melt
2026-06-22 14:55:25,035 [DEBUG] Sheet '2024 Mirage': Unique trims identified: ['es_cvt', 'gt_cvt', 'noir_cvt']
2026-06-22 14:55:25,035 [DEBUG] Sheet '2024 Mirage' trim 'es_cvt': Searching with keywords=['mirage', 'es', 'cvt']
2026-06-22 14:55:25,035 [WARNING]   ✗ Not found: Mitsubishi 2024 es_cvt keywords=['mirage', 'es', 'cvt']
2026-06-22 14:55:25,035 [DEBUG] Sheet '2024 Mirage' trim 'gt_cvt': Searching with keywords=['mirage', 'gt', 'cvt']
2026-06-22 14:55:25,036 [WARNING]   ✗ Not found: Mitsubishi 2024 gt_cvt keywords=['mirage', 'gt', 'cvt']
2026-06-22 14:55:25,036 [DEBUG] Sheet '2024 Mirage' trim 'noir_cvt': Searching with keywords=['mirage', 'noir', 'cvt']
2026-06-22 14:55:25,036 [WARNING]   ✗ Not found: Mitsubishi 2024 noir_cvt keywords=['mirage', 'noir', 'cvt']
2026-06-22 14:55:25,038 [DEBUG] Sheet '2024 Mirage': 280 rows before, 280 excluded (missing trims: ['es_cvt', 'gt_cvt', 'noir_cvt']), 0 rows in output
2026-06-22 14:55:25,039 [DEBUG] Sheet '2024 Mirage': 280 rows before, 280 excluded (missing trims: ['es_cvt', 'gt_cvt', 'noir_cvt']), 0 rows in output
2026-06-22 14:55:25,041 [INFO] SHEET COMPLETE | sheet=2024 Mirage | records_in=115 | records_out=0
2026-06-22 14:55:25,041 [INFO] SHEET START | sheet=2020 RVR
2026-06-22 14:55:25,064 [DEBUG] Column mapping for '2020 RVR': {'part_number': 'part_number', 'english_description': 'english_description', 'french_description': 'french_description', 'remarks': 'remarks', 'es': None, 'se': None, 'es_awc': None, 'se_awc': None, 'sel_awc': None, 'limited_edition_awc': None, 'gt_awc': None, 'category': None, 'photo': None, 'dnp_$': 'dnp', 'msrp_$': 'msrp', 'install_time': 'install_time', 'labour_rate': 'labour_rate', 'installed_price': None, 'imc': None, 'oh+oh': None}
2026-06-22 14:55:25,064 [DEBUG] Trim candidates for '2020 RVR': ['es', 'se', 'es_awc', 'se_awc', 'sel_awc', 'limited_edition_awc', 'gt_awc', 'category']
2026-06-22 14:55:25,067 [DEBUG] Valid trim cols for '2020 RVR': ['es', 'se', 'es_awc', 'se_awc', 'sel_awc', 'limited_edition_awc', 'gt_awc']
2026-06-22 14:55:25,071 [DEBUG] Extracted vehicle_year: 2020 from sheet '2020 RVR'
2026-06-22 14:55:25,083 [DEBUG] Sheet '2020 RVR': 119 records -> 809 after melt
2026-06-22 14:55:25,085 [DEBUG] Sheet '2020 RVR': Unique trims identified: ['es', 'es_awc', 'gt_awc', 'limited_edition_awc', 'se', 'se_awc', 'sel_awc']
2026-06-22 14:55:25,085 [DEBUG] Sheet '2020 RVR' trim 'es': Searching with keywords=['rvr', 'es']
2026-06-22 14:55:25,086 [WARNING]   ✗ Not found: Mitsubishi 2020 es keywords=['rvr', 'es']
2026-06-22 14:55:25,086 [DEBUG] Sheet '2020 RVR' trim 'es_awc': Searching with keywords=['rvr', 'es', 'awc']
2026-06-22 14:55:25,086 [WARNING]   ✗ Not found: Mitsubishi 2020 es_awc keywords=['rvr', 'es', 'awc']
2026-06-22 14:55:25,086 [DEBUG] Sheet '2020 RVR' trim 'gt_awc': Searching with keywords=['rvr', 'gt', 'awc']
2026-06-22 14:55:25,086 [WARNING]   ✗ Not found: Mitsubishi 2020 gt_awc keywords=['rvr', 'gt', 'awc']
2026-06-22 14:55:25,087 [DEBUG] Sheet '2020 RVR' trim 'limited_edition_awc': Searching with keywords=['rvr', 'limited', 'edition', 'awc']
2026-06-22 14:55:25,087 [WARNING]   ✗ Not found: Mitsubishi 2020 limited_edition_awc keywords=['rvr', 'limited', 'edition', 'awc']
2026-06-22 14:55:25,087 [DEBUG] Sheet '2020 RVR' trim 'se': Searching with keywords=['rvr', 'se']
2026-06-22 14:55:25,087 [WARNING]   ✗ Not found: Mitsubishi 2020 se keywords=['rvr', 'se']
2026-06-22 14:55:25,088 [DEBUG] Sheet '2020 RVR' trim 'se_awc': Searching with keywords=['rvr', 'se', 'awc']
2026-06-22 14:55:25,088 [WARNING]   ✗ Not found: Mitsubishi 2020 se_awc keywords=['rvr', 'se', 'awc']
2026-06-22 14:55:25,088 [DEBUG] Sheet '2020 RVR' trim 'sel_awc': Searching with keywords=['rvr', 'sel', 'awc']
2026-06-22 14:55:25,088 [WARNING]   ✗ Not found: Mitsubishi 2020 sel_awc keywords=['rvr', 'sel', 'awc']
2026-06-22 14:55:25,090 [DEBUG] Sheet '2020 RVR': 809 rows before, 809 excluded (missing trims: ['es', 'es_awc', 'gt_awc', 'limited_edition_awc', 'se', 'se_awc', 'sel_awc']), 0 rows in output
2026-06-22 14:55:25,092 [DEBUG] Sheet '2020 RVR': 809 rows before, 809 excluded (missing trims: ['es', 'es_awc', 'gt_awc', 'limited_edition_awc', 'se', 'se_awc', 'sel_awc']), 0 rows in output
2026-06-22 14:55:25,095 [INFO] SHEET COMPLETE | sheet=2020 RVR | records_in=119 | records_out=0
2026-06-22 14:55:25,096 [INFO] SHEET START | sheet=Luxwood English
2026-06-22 14:55:25,096 [ERROR] FATAL | sheet=Luxwood English | step=pipeline | reason=Sheet 'Luxwood English': required column 'part_number' (keywords: ['part', 'number']) not found in header row
2026-06-22 14:55:25,096 [INFO] SHEET START | sheet=Luxwood French
2026-06-22 14:55:25,096 [ERROR] FATAL | sheet=Luxwood French | step=pipeline | reason=Sheet 'Luxwood French': required column 'part_number' (keywords: ['part', 'number']) not found in header row
2026-06-22 14:55:25,211 [INFO] Combined output saved: output\ready_to_upload\mitsubishi\mitsubishi_0c1fe186_20260622_205525.xlsx
2026-06-22 14:55:25,219 [INFO] RUN COMPLETE | sheets_processed=11 | sheets_skipped=2
