2026-06-22 15:10:39,162 [INFO] RUN START | oem=mitsubishi | file=C:\Users\paxm\OneDrive - PBS SYSTEMS\Desktop\Office\Projects\OEM Accessory project\OEM_Accessories_v1\accy_v2\data\landing_zone\mitsubishi\Accessory Guide - February26.xlsx | run_id=df996f51
2026-06-22 15:10:39,729 [INFO] SHEET START | sheet=2026 PHEV
2026-06-22 15:10:39,746 [DEBUG] Column mapping for '2026 PHEV': {'part_number': 'part_number', 'english_description': 'english_description', 'french_description': 'french_description', 'remarks': 'remarks', 'es': None, 'se': None, 'le': None, 'sel': None, 'gt': None, 'gt-p': None, 'gt-n': None, 'image': None, 'install_sheet': None, 'category': None, 'dnp_$': 'dnp', 'msrp_$': 'msrp', 'install_time': 'install_time', 'labour_rate': 'labour_rate', 'installed_price': None}
2026-06-22 15:10:39,747 [DEBUG] Trim candidates for '2026 PHEV': ['es', 'se', 'le', 'sel', 'gt', 'gt-p', 'gt-n']
2026-06-22 15:10:39,749 [DEBUG] Valid trim cols for '2026 PHEV': ['es', 'se', 'le', 'sel', 'gt', 'gt-p', 'gt-n']
2026-06-22 15:10:39,755 [DEBUG] Extracted vehicle_year: 2026 from sheet '2026 PHEV'
2026-06-22 15:10:39,769 [DEBUG] Sheet '2026 PHEV': 132 records -> 854 after melt
2026-06-22 15:10:39,771 [DEBUG] Sheet '2026 PHEV': Unique trims identified: ['es', 'gt', 'gt-n', 'gt-p', 'le', 'se', 'sel']
2026-06-22 15:10:39,771 [DEBUG] Detected fuel type: PHEV
2026-06-22 15:10:39,771 [DEBUG] Sheet '2026 PHEV' trim 'es': Searching with keywords=['es', 'phev']
2026-06-22 15:10:39,772 [WARNING]   ✗ Not found: Mitsubishi 2026 es keywords=['es', 'phev']
2026-06-22 15:10:39,772 [DEBUG] Detected fuel type: PHEV
2026-06-22 15:10:39,772 [DEBUG] Sheet '2026 PHEV' trim 'gt': Searching with keywords=['gt', 'phev']
2026-06-22 15:10:39,772 [WARNING]   ✗ Not found: Mitsubishi 2026 gt keywords=['gt', 'phev']
2026-06-22 15:10:39,773 [DEBUG] Detected fuel type: PHEV
2026-06-22 15:10:39,773 [DEBUG] Abbreviation matched: '-n' → 'noir'
2026-06-22 15:10:39,773 [DEBUG] Sheet '2026 PHEV' trim 'gt-n': Searching with keywords=['gt', 'noir', 'phev']
2026-06-22 15:10:39,773 [WARNING]   ✗ Not found: Mitsubishi 2026 gt-n keywords=['gt', 'noir', 'phev']
2026-06-22 15:10:39,774 [DEBUG] Detected fuel type: PHEV
2026-06-22 15:10:39,774 [DEBUG] Abbreviation matched: '-p' → 'premium'
2026-06-22 15:10:39,774 [DEBUG] Sheet '2026 PHEV' trim 'gt-p': Searching with keywords=['gt', 'premium', 'phev']
2026-06-22 15:10:39,775 [WARNING]   ✗ Not found: Mitsubishi 2026 gt-p keywords=['gt', 'premium', 'phev']
2026-06-22 15:10:39,775 [DEBUG] Detected fuel type: PHEV
2026-06-22 15:10:39,775 [DEBUG] Sheet '2026 PHEV' trim 'le': Searching with keywords=['le', 'phev']
2026-06-22 15:10:39,775 [WARNING]   ✗ Not found: Mitsubishi 2026 le keywords=['le', 'phev']
2026-06-22 15:10:39,776 [DEBUG] Detected fuel type: PHEV
2026-06-22 15:10:39,776 [DEBUG] Sheet '2026 PHEV' trim 'se': Searching with keywords=['se', 'phev']
2026-06-22 15:10:39,776 [WARNING]   ✗ Not found: Mitsubishi 2026 se keywords=['se', 'phev']
2026-06-22 15:10:39,777 [DEBUG] Detected fuel type: PHEV
2026-06-22 15:10:39,777 [DEBUG] Sheet '2026 PHEV' trim 'sel': Searching with keywords=['sel', 'phev']
2026-06-22 15:10:39,777 [WARNING]   ✗ Not found: Mitsubishi 2026 sel keywords=['sel', 'phev']
2026-06-22 15:10:39,780 [DEBUG] Sheet '2026 PHEV': 854 rows before, 854 excluded (missing trims: ['es', 'gt', 'gt-n', 'gt-p', 'le', 'se', 'sel']), 0 rows in output
2026-06-22 15:10:39,782 [DEBUG] Sheet '2026 PHEV': 854 rows before, 854 excluded (missing trims: ['es', 'gt', 'gt-n', 'gt-p', 'le', 'se', 'sel']), 0 rows in output
2026-06-22 15:10:39,784 [INFO] SHEET COMPLETE | sheet=2026 PHEV | records_in=134 | records_out=0
2026-06-22 15:10:39,784 [INFO] SHEET START | sheet=2026 Outlander
2026-06-22 15:10:39,800 [DEBUG] Column mapping for '2026 Outlander': {'part_number': 'part_number', 'english_description': 'english_description', 'french_description': 'french_description', 'remarks': 'remarks', 'es_s-awc': None, 'se_s-awc': None, 'le_s-awc': None, 'sel_s-awc': None, 'gt_s-awc': None, 'gt_prem_s-awc': None, 'photo': None, 'install_sheets': None, 'nan': None, 'category': None, 'dnp_$': 'dnp', 'msrp_$': 'msrp', 'install_time': 'install_time', 'labour_rate': 'labour_rate', 'installed_price': None}
2026-06-22 15:10:39,800 [DEBUG] Trim candidates for '2026 Outlander': ['es_s-awc', 'se_s-awc', 'le_s-awc', 'sel_s-awc', 'gt_s-awc', 'gt_prem_s-awc']
2026-06-22 15:10:39,803 [DEBUG] Valid trim cols for '2026 Outlander': ['es_s-awc', 'se_s-awc', 'le_s-awc', 'sel_s-awc', 'gt_s-awc', 'gt_prem_s-awc']
2026-06-22 15:10:39,808 [DEBUG] Extracted vehicle_year: 2026 from sheet '2026 Outlander'
2026-06-22 15:10:39,822 [DEBUG] Sheet '2026 Outlander': 129 records -> 744 after melt
2026-06-22 15:10:39,823 [DEBUG] Sheet '2026 Outlander': Unique trims identified: ['es_s-awc', 'gt_prem_s-awc', 'gt_s-awc', 'le_s-awc', 'se_s-awc', 'sel_s-awc']
2026-06-22 15:10:39,823 [DEBUG] Sheet '2026 Outlander' trim 'es_s-awc': Searching with keywords=['outlander', 'es', 's', 'awc']
2026-06-22 15:10:39,824 [WARNING]   ✗ Not found: Mitsubishi 2026 es_s-awc keywords=['outlander', 'es', 's', 'awc']
2026-06-22 15:10:39,824 [DEBUG] Sheet '2026 Outlander' trim 'gt_prem_s-awc': Searching with keywords=['outlander', 'gt', 'prem', 's', 'awc']
2026-06-22 15:10:39,825 [WARNING]   ✗ Not found: Mitsubishi 2026 gt_prem_s-awc keywords=['outlander', 'gt', 'prem', 's', 'awc']
2026-06-22 15:10:39,825 [DEBUG] Sheet '2026 Outlander' trim 'gt_s-awc': Searching with keywords=['outlander', 'gt', 's', 'awc']
2026-06-22 15:10:39,825 [WARNING]   ✗ Not found: Mitsubishi 2026 gt_s-awc keywords=['outlander', 'gt', 's', 'awc']
2026-06-22 15:10:39,825 [DEBUG] Sheet '2026 Outlander' trim 'le_s-awc': Searching with keywords=['outlander', 'le', 's', 'awc']
2026-06-22 15:10:39,826 [WARNING]   ✗ Not found: Mitsubishi 2026 le_s-awc keywords=['outlander', 'le', 's', 'awc']
2026-06-22 15:10:39,826 [DEBUG] Sheet '2026 Outlander' trim 'se_s-awc': Searching with keywords=['outlander', 'se', 's', 'awc']
2026-06-22 15:10:39,827 [WARNING]   ✗ Not found: Mitsubishi 2026 se_s-awc keywords=['outlander', 'se', 's', 'awc']
2026-06-22 15:10:39,827 [DEBUG] Sheet '2026 Outlander' trim 'sel_s-awc': Searching with keywords=['outlander', 'sel', 's', 'awc']
2026-06-22 15:10:39,827 [WARNING]   ✗ Not found: Mitsubishi 2026 sel_s-awc keywords=['outlander', 'sel', 's', 'awc']
2026-06-22 15:10:39,830 [DEBUG] Sheet '2026 Outlander': 744 rows before, 744 excluded (missing trims: ['es_s-awc', 'gt_prem_s-awc', 'gt_s-awc', 'le_s-awc', 'se_s-awc', 'sel_s-awc']), 0 rows in output
2026-06-22 15:10:39,832 [DEBUG] Sheet '2026 Outlander': 744 rows before, 744 excluded (missing trims: ['es_s-awc', 'gt_prem_s-awc', 'gt_s-awc', 'le_s-awc', 'se_s-awc', 'sel_s-awc']), 0 rows in output
2026-06-22 15:10:39,835 [INFO] SHEET COMPLETE | sheet=2026 Outlander | records_in=129 | records_out=0
2026-06-22 15:10:39,835 [INFO] SHEET START | sheet=2026 Eclipse Cross
2026-06-22 15:10:39,850 [DEBUG] Column mapping for '2026 Eclipse Cross': {'part_number': 'part_number', 'english_description': 'english_description', 'french_description': 'french_description', 'remarks': 'remarks', 'es': None, 'se': None, 'noir': None, 'gt': None, 'photo': None, 'install_sheets': None, 'category': None, 'dnp_$': 'dnp', 'msrp_$': 'msrp', 'install_time': 'install_time', 'labour_rate': 'labour_rate', 'installed_price': None}
2026-06-22 15:10:39,850 [DEBUG] Trim candidates for '2026 Eclipse Cross': ['es', 'se', 'noir', 'gt']
2026-06-22 15:10:39,852 [DEBUG] Valid trim cols for '2026 Eclipse Cross': ['es', 'se', 'noir', 'gt']
2026-06-22 15:10:39,856 [DEBUG] Extracted vehicle_year: 2026 from sheet '2026 Eclipse Cross'
2026-06-22 15:10:39,870 [DEBUG] Sheet '2026 Eclipse Cross': 122 records -> 458 after melt
2026-06-22 15:10:39,871 [DEBUG] Sheet '2026 Eclipse Cross': Unique trims identified: ['es', 'gt', 'noir', 'se']
2026-06-22 15:10:39,871 [DEBUG] Sheet '2026 Eclipse Cross' trim 'es': Searching with keywords=['eclipse', 'cross', 'es']
2026-06-22 15:10:39,872 [WARNING]   ✗ Not found: Mitsubishi 2026 es keywords=['eclipse', 'cross', 'es']
2026-06-22 15:10:39,872 [DEBUG] Sheet '2026 Eclipse Cross' trim 'gt': Searching with keywords=['eclipse', 'cross', 'gt']
2026-06-22 15:10:39,873 [WARNING]   ✗ Not found: Mitsubishi 2026 gt keywords=['eclipse', 'cross', 'gt']
2026-06-22 15:10:39,873 [DEBUG] Sheet '2026 Eclipse Cross' trim 'noir': Searching with keywords=['eclipse', 'cross', 'noir']
2026-06-22 15:10:39,873 [WARNING]   ✗ Not found: Mitsubishi 2026 noir keywords=['eclipse', 'cross', 'noir']
2026-06-22 15:10:39,874 [DEBUG] Sheet '2026 Eclipse Cross' trim 'se': Searching with keywords=['eclipse', 'cross', 'se']
2026-06-22 15:10:39,874 [WARNING]   ✗ Not found: Mitsubishi 2026 se keywords=['eclipse', 'cross', 'se']
2026-06-22 15:10:39,877 [DEBUG] Sheet '2026 Eclipse Cross': 458 rows before, 458 excluded (missing trims: ['es', 'gt', 'noir', 'se']), 0 rows in output
2026-06-22 15:10:39,879 [DEBUG] Sheet '2026 Eclipse Cross': 458 rows before, 458 excluded (missing trims: ['es', 'gt', 'noir', 'se']), 0 rows in output
2026-06-22 15:10:39,881 [INFO] SHEET COMPLETE | sheet=2026 Eclipse Cross | records_in=122 | records_out=0
2026-06-22 15:10:39,881 [INFO] SHEET START | sheet=2026 RVR
2026-06-22 15:10:39,896 [DEBUG] Column mapping for '2026 RVR': {'part_number': 'part_number', 'english_description': 'english_description', 'french_description': 'french_description', 'remarks': 'remarks', 'es_fwd': None, 'es_awc': None, 'se_awc': None, 'sel_awc': None, 'noir_awc': None, 'gt_awc': None, 'photo': None, 'install_sheets': None, 'category': None, 'dnp_$': 'dnp', 'msrp_$': 'msrp', 'install_time': 'install_time', 'labour_rate': 'labour_rate', 'installed_price': None}
2026-06-22 15:10:39,897 [DEBUG] Trim candidates for '2026 RVR': ['es_fwd', 'es_awc', 'se_awc', 'sel_awc', 'noir_awc', 'gt_awc']
2026-06-22 15:10:39,899 [DEBUG] Valid trim cols for '2026 RVR': ['es_fwd', 'es_awc', 'se_awc', 'sel_awc', 'noir_awc', 'gt_awc']
2026-06-22 15:10:39,904 [DEBUG] Extracted vehicle_year: 2026 from sheet '2026 RVR'
2026-06-22 15:10:39,918 [DEBUG] Sheet '2026 RVR': 111 records -> 623 after melt
2026-06-22 15:10:39,920 [DEBUG] Sheet '2026 RVR': Unique trims identified: ['es_awc', 'es_fwd', 'gt_awc', 'noir_awc', 'se_awc', 'sel_awc']
2026-06-22 15:10:39,920 [DEBUG] Sheet '2026 RVR' trim 'es_awc': Searching with keywords=['rvr', 'es', 'awc']
2026-06-22 15:10:39,921 [WARNING]   ✗ Not found: Mitsubishi 2026 es_awc keywords=['rvr', 'es', 'awc']
2026-06-22 15:10:39,921 [DEBUG] Sheet '2026 RVR' trim 'es_fwd': Searching with keywords=['rvr', 'es', 'fwd']
2026-06-22 15:10:39,921 [WARNING]   ✗ Not found: Mitsubishi 2026 es_fwd keywords=['rvr', 'es', 'fwd']
2026-06-22 15:10:39,922 [DEBUG] Sheet '2026 RVR' trim 'gt_awc': Searching with keywords=['rvr', 'gt', 'awc']
2026-06-22 15:10:39,922 [WARNING]   ✗ Not found: Mitsubishi 2026 gt_awc keywords=['rvr', 'gt', 'awc']
2026-06-22 15:10:39,922 [DEBUG] Sheet '2026 RVR' trim 'noir_awc': Searching with keywords=['rvr', 'noir', 'awc']
2026-06-22 15:10:39,923 [WARNING]   ✗ Not found: Mitsubishi 2026 noir_awc keywords=['rvr', 'noir', 'awc']
2026-06-22 15:10:39,923 [DEBUG] Sheet '2026 RVR' trim 'se_awc': Searching with keywords=['rvr', 'se', 'awc']
2026-06-22 15:10:39,924 [WARNING]   ✗ Not found: Mitsubishi 2026 se_awc keywords=['rvr', 'se', 'awc']
2026-06-22 15:10:39,924 [DEBUG] Sheet '2026 RVR' trim 'sel_awc': Searching with keywords=['rvr', 'sel', 'awc']
2026-06-22 15:10:39,925 [WARNING]   ✗ Not found: Mitsubishi 2026 sel_awc keywords=['rvr', 'sel', 'awc']
2026-06-22 15:10:39,928 [DEBUG] Sheet '2026 RVR': 623 rows before, 623 excluded (missing trims: ['es_awc', 'es_fwd', 'gt_awc', 'noir_awc', 'se_awc', 'sel_awc']), 0 rows in output
2026-06-22 15:10:39,930 [DEBUG] Sheet '2026 RVR': 623 rows before, 623 excluded (missing trims: ['es_awc', 'es_fwd', 'gt_awc', 'noir_awc', 'se_awc', 'sel_awc']), 0 rows in output
2026-06-22 15:10:39,932 [INFO] SHEET COMPLETE | sheet=2026 RVR | records_in=111 | records_out=0
2026-06-22 15:10:39,932 [INFO] SHEET START | sheet=2025 Outlander 
2026-06-22 15:10:39,949 [DEBUG] Column mapping for '2025 Outlander ': {'part_number': 'part_number', 'english_description': 'english_description', 'french_description': 'french_description', 'remarks': 'remarks', 'es_s-awc': None, 'se_s-awc': None, 'le_s-awc': None, 'sel_s-awc': None, 'gt_s-awc': None, 'gt_prem_s-awc': None, 'photo': None, 'install_sheets': None, 'category': None, 'dnp_$': 'dnp', 'msrp_$': 'msrp', 'install_time': 'install_time', 'labour_rate': 'labour_rate', 'installed_price': None}
2026-06-22 15:10:39,949 [DEBUG] Trim candidates for '2025 Outlander ': ['es_s-awc', 'se_s-awc', 'le_s-awc', 'sel_s-awc', 'gt_s-awc', 'gt_prem_s-awc']
2026-06-22 15:10:39,953 [DEBUG] Valid trim cols for '2025 Outlander ': ['es_s-awc', 'se_s-awc', 'le_s-awc', 'sel_s-awc', 'gt_s-awc', 'gt_prem_s-awc']
2026-06-22 15:10:39,960 [DEBUG] Extracted vehicle_year: 2025 from sheet '2025 Outlander '
2026-06-22 15:10:39,975 [DEBUG] Sheet '2025 Outlander ': 130 records -> 750 after melt
2026-06-22 15:10:39,977 [DEBUG] Sheet '2025 Outlander ': Unique trims identified: ['es_s-awc', 'gt_prem_s-awc', 'gt_s-awc', 'le_s-awc', 'se_s-awc', 'sel_s-awc']
2026-06-22 15:10:39,977 [DEBUG] Sheet '2025 Outlander ' trim 'es_s-awc': Searching with keywords=['outlander', 'es', 's', 'awc']
2026-06-22 15:10:39,978 [WARNING]   ✗ Not found: Mitsubishi 2025 es_s-awc keywords=['outlander', 'es', 's', 'awc']
2026-06-22 15:10:39,978 [DEBUG] Sheet '2025 Outlander ' trim 'gt_prem_s-awc': Searching with keywords=['outlander', 'gt', 'prem', 's', 'awc']
2026-06-22 15:10:39,979 [WARNING]   ✗ Not found: Mitsubishi 2025 gt_prem_s-awc keywords=['outlander', 'gt', 'prem', 's', 'awc']
2026-06-22 15:10:39,979 [DEBUG] Sheet '2025 Outlander ' trim 'gt_s-awc': Searching with keywords=['outlander', 'gt', 's', 'awc']
2026-06-22 15:10:39,979 [WARNING]   ✗ Not found: Mitsubishi 2025 gt_s-awc keywords=['outlander', 'gt', 's', 'awc']
2026-06-22 15:10:39,980 [DEBUG] Sheet '2025 Outlander ' trim 'le_s-awc': Searching with keywords=['outlander', 'le', 's', 'awc']
2026-06-22 15:10:39,980 [WARNING]   ✗ Not found: Mitsubishi 2025 le_s-awc keywords=['outlander', 'le', 's', 'awc']
2026-06-22 15:10:39,980 [DEBUG] Sheet '2025 Outlander ' trim 'se_s-awc': Searching with keywords=['outlander', 'se', 's', 'awc']
2026-06-22 15:10:39,981 [WARNING]   ✗ Not found: Mitsubishi 2025 se_s-awc keywords=['outlander', 'se', 's', 'awc']
2026-06-22 15:10:39,981 [DEBUG] Sheet '2025 Outlander ' trim 'sel_s-awc': Searching with keywords=['outlander', 'sel', 's', 'awc']
2026-06-22 15:10:39,982 [WARNING]   ✗ Not found: Mitsubishi 2025 sel_s-awc keywords=['outlander', 'sel', 's', 'awc']
2026-06-22 15:10:39,985 [DEBUG] Sheet '2025 Outlander ': 750 rows before, 750 excluded (missing trims: ['es_s-awc', 'gt_prem_s-awc', 'gt_s-awc', 'le_s-awc', 'se_s-awc', 'sel_s-awc']), 0 rows in output
2026-06-22 15:10:39,988 [DEBUG] Sheet '2025 Outlander ': 750 rows before, 750 excluded (missing trims: ['es_s-awc', 'gt_prem_s-awc', 'gt_s-awc', 'le_s-awc', 'se_s-awc', 'sel_s-awc']), 0 rows in output
2026-06-22 15:10:39,990 [INFO] SHEET COMPLETE | sheet=2025 Outlander  | records_in=130 | records_out=0
2026-06-22 15:10:39,990 [INFO] SHEET START | sheet=2025 PHEV
2026-06-22 15:10:40,008 [DEBUG] Column mapping for '2025 PHEV': {'part_number': 'part_number', 'english_description': 'english_description', 'french_description': 'french_description', 'remarks': 'remarks', 'es': None, 'se': None, 'le': None, 'sel': None, 'gt': None, 'gt-p': None, 'gt-n': None, 'image': None, 'install_sheet': None, 'category': None, 'dnp_$': 'dnp', 'msrp_$': 'msrp', 'install_time': 'install_time', 'labour_rate': 'labour_rate', 'installed_price': None}
2026-06-22 15:10:40,008 [DEBUG] Trim candidates for '2025 PHEV': ['es', 'se', 'le', 'sel', 'gt', 'gt-p', 'gt-n']
2026-06-22 15:10:40,012 [DEBUG] Valid trim cols for '2025 PHEV': ['es', 'se', 'le', 'sel', 'gt', 'gt-p', 'gt-n']
2026-06-22 15:10:40,018 [DEBUG] Extracted vehicle_year: 2025 from sheet '2025 PHEV'
2026-06-22 15:10:40,034 [DEBUG] Sheet '2025 PHEV': 133 records -> 861 after melt
2026-06-22 15:10:40,036 [DEBUG] Sheet '2025 PHEV': Unique trims identified: ['es', 'gt', 'gt-n', 'gt-p', 'le', 'se', 'sel']
2026-06-22 15:10:40,036 [DEBUG] Detected fuel type: PHEV
2026-06-22 15:10:40,036 [DEBUG] Sheet '2025 PHEV' trim 'es': Searching with keywords=['es', 'phev']
2026-06-22 15:10:40,037 [WARNING]   ✗ Not found: Mitsubishi 2025 es keywords=['es', 'phev']
2026-06-22 15:10:40,037 [DEBUG] Detected fuel type: PHEV
2026-06-22 15:10:40,037 [DEBUG] Sheet '2025 PHEV' trim 'gt': Searching with keywords=['gt', 'phev']
2026-06-22 15:10:40,038 [WARNING]   ✗ Not found: Mitsubishi 2025 gt keywords=['gt', 'phev']
2026-06-22 15:10:40,038 [DEBUG] Detected fuel type: PHEV
2026-06-22 15:10:40,038 [DEBUG] Abbreviation matched: '-n' → 'noir'
2026-06-22 15:10:40,038 [DEBUG] Sheet '2025 PHEV' trim 'gt-n': Searching with keywords=['gt', 'noir', 'phev']
2026-06-22 15:10:40,039 [WARNING]   ✗ Not found: Mitsubishi 2025 gt-n keywords=['gt', 'noir', 'phev']
2026-06-22 15:10:40,039 [DEBUG] Detected fuel type: PHEV
2026-06-22 15:10:40,039 [DEBUG] Abbreviation matched: '-p' → 'premium'
2026-06-22 15:10:40,039 [DEBUG] Sheet '2025 PHEV' trim 'gt-p': Searching with keywords=['gt', 'premium', 'phev']
2026-06-22 15:10:40,040 [WARNING]   ✗ Not found: Mitsubishi 2025 gt-p keywords=['gt', 'premium', 'phev']
2026-06-22 15:10:40,040 [DEBUG] Detected fuel type: PHEV
2026-06-22 15:10:40,040 [DEBUG] Sheet '2025 PHEV' trim 'le': Searching with keywords=['le', 'phev']
2026-06-22 15:10:40,041 [WARNING]   ✗ Not found: Mitsubishi 2025 le keywords=['le', 'phev']
2026-06-22 15:10:40,042 [DEBUG] Detected fuel type: PHEV
2026-06-22 15:10:40,042 [DEBUG] Sheet '2025 PHEV' trim 'se': Searching with keywords=['se', 'phev']
2026-06-22 15:10:40,043 [WARNING]   ✗ Not found: Mitsubishi 2025 se keywords=['se', 'phev']
2026-06-22 15:10:40,043 [DEBUG] Detected fuel type: PHEV
2026-06-22 15:10:40,043 [DEBUG] Sheet '2025 PHEV' trim 'sel': Searching with keywords=['sel', 'phev']
2026-06-22 15:10:40,044 [WARNING]   ✗ Not found: Mitsubishi 2025 sel keywords=['sel', 'phev']
2026-06-22 15:10:40,047 [DEBUG] Sheet '2025 PHEV': 861 rows before, 861 excluded (missing trims: ['es', 'gt', 'gt-n', 'gt-p', 'le', 'se', 'sel']), 0 rows in output
2026-06-22 15:10:40,049 [DEBUG] Sheet '2025 PHEV': 861 rows before, 861 excluded (missing trims: ['es', 'gt', 'gt-n', 'gt-p', 'le', 'se', 'sel']), 0 rows in output
2026-06-22 15:10:40,052 [INFO] SHEET COMPLETE | sheet=2025 PHEV | records_in=133 | records_out=0
2026-06-22 15:10:40,052 [INFO] SHEET START | sheet=2025 Eclipse Cross
2026-06-22 15:10:40,069 [DEBUG] Column mapping for '2025 Eclipse Cross': {'part_number': 'part_number', 'english_description': 'english_description', 'french_description': 'french_description', 'remarks': 'remarks', 'es': None, 'se': None, 'sel': None, 'noir': None, 'gt': None, 'photo': None, 'install_sheets': None, 'category': None, 'dnp_$': 'dnp', 'msrp_$': 'msrp', 'install_time': 'install_time', 'labour_rate': 'labour_rate', 'installed_price': None}
2026-06-22 15:10:40,069 [DEBUG] Trim candidates for '2025 Eclipse Cross': ['es', 'se', 'sel', 'noir', 'gt']
2026-06-22 15:10:40,071 [DEBUG] Valid trim cols for '2025 Eclipse Cross': ['es', 'se', 'sel', 'noir', 'gt']
2026-06-22 15:10:40,078 [DEBUG] Extracted vehicle_year: 2025 from sheet '2025 Eclipse Cross'
2026-06-22 15:10:40,094 [DEBUG] Sheet '2025 Eclipse Cross': 121 records -> 574 after melt
2026-06-22 15:10:40,096 [DEBUG] Sheet '2025 Eclipse Cross': Unique trims identified: ['es', 'gt', 'noir', 'se', 'sel']
2026-06-22 15:10:40,096 [DEBUG] Sheet '2025 Eclipse Cross' trim 'es': Searching with keywords=['eclipse', 'cross', 'es']
2026-06-22 15:10:40,097 [WARNING]   ✗ Not found: Mitsubishi 2025 es keywords=['eclipse', 'cross', 'es']
2026-06-22 15:10:40,098 [DEBUG] Sheet '2025 Eclipse Cross' trim 'gt': Searching with keywords=['eclipse', 'cross', 'gt']
2026-06-22 15:10:40,098 [WARNING]   ✗ Not found: Mitsubishi 2025 gt keywords=['eclipse', 'cross', 'gt']
2026-06-22 15:10:40,099 [DEBUG] Sheet '2025 Eclipse Cross' trim 'noir': Searching with keywords=['eclipse', 'cross', 'noir']
2026-06-22 15:10:40,099 [WARNING]   ✗ Not found: Mitsubishi 2025 noir keywords=['eclipse', 'cross', 'noir']
2026-06-22 15:10:40,099 [DEBUG] Sheet '2025 Eclipse Cross' trim 'se': Searching with keywords=['eclipse', 'cross', 'se']
2026-06-22 15:10:40,100 [WARNING]   ✗ Not found: Mitsubishi 2025 se keywords=['eclipse', 'cross', 'se']
2026-06-22 15:10:40,100 [DEBUG] Sheet '2025 Eclipse Cross' trim 'sel': Searching with keywords=['eclipse', 'cross', 'sel']
2026-06-22 15:10:40,101 [WARNING]   ✗ Not found: Mitsubishi 2025 sel keywords=['eclipse', 'cross', 'sel']
2026-06-22 15:10:40,103 [DEBUG] Sheet '2025 Eclipse Cross': 574 rows before, 574 excluded (missing trims: ['es', 'gt', 'noir', 'se', 'sel']), 0 rows in output
2026-06-22 15:10:40,105 [DEBUG] Sheet '2025 Eclipse Cross': 574 rows before, 574 excluded (missing trims: ['es', 'gt', 'noir', 'se', 'sel']), 0 rows in output
2026-06-22 15:10:40,108 [INFO] SHEET COMPLETE | sheet=2025 Eclipse Cross | records_in=121 | records_out=0
2026-06-22 15:10:40,109 [INFO] SHEET START | sheet=2025 RVR
2026-06-22 15:10:40,125 [DEBUG] Column mapping for '2025 RVR': {'part_number': 'part_number', 'english_description': 'english_description', 'french_description': 'french_description', 'remarks': 'remarks', 'es_fwd': None, 'es_awc': None, 'se_awc': None, 'sel_awc': None, 'noir_awc': None, 'gt_awc': None, 'photo': None, 'install_sheets': None, 'category': None, 'dnp_$': 'dnp', 'msrp_$': 'msrp', 'install_time': 'install_time', 'labour_rate': 'labour_rate', 'installed_price': None}
2026-06-22 15:10:40,126 [DEBUG] Trim candidates for '2025 RVR': ['es_fwd', 'es_awc', 'se_awc', 'sel_awc', 'noir_awc', 'gt_awc']
2026-06-22 15:10:40,129 [DEBUG] Valid trim cols for '2025 RVR': ['es_fwd', 'es_awc', 'se_awc', 'sel_awc', 'noir_awc', 'gt_awc']
2026-06-22 15:10:40,134 [DEBUG] Extracted vehicle_year: 2025 from sheet '2025 RVR'
2026-06-22 15:10:40,148 [DEBUG] Sheet '2025 RVR': 111 records -> 627 after melt
2026-06-22 15:10:40,150 [DEBUG] Sheet '2025 RVR': Unique trims identified: ['es_awc', 'es_fwd', 'gt_awc', 'noir_awc', 'se_awc', 'sel_awc']
2026-06-22 15:10:40,150 [DEBUG] Sheet '2025 RVR' trim 'es_awc': Searching with keywords=['rvr', 'es', 'awc']
2026-06-22 15:10:40,151 [WARNING]   ✗ Not found: Mitsubishi 2025 es_awc keywords=['rvr', 'es', 'awc']
2026-06-22 15:10:40,151 [DEBUG] Sheet '2025 RVR' trim 'es_fwd': Searching with keywords=['rvr', 'es', 'fwd']
2026-06-22 15:10:40,151 [WARNING]   ✗ Not found: Mitsubishi 2025 es_fwd keywords=['rvr', 'es', 'fwd']
2026-06-22 15:10:40,151 [DEBUG] Sheet '2025 RVR' trim 'gt_awc': Searching with keywords=['rvr', 'gt', 'awc']
2026-06-22 15:10:40,152 [WARNING]   ✗ Not found: Mitsubishi 2025 gt_awc keywords=['rvr', 'gt', 'awc']
2026-06-22 15:10:40,152 [DEBUG] Sheet '2025 RVR' trim 'noir_awc': Searching with keywords=['rvr', 'noir', 'awc']
2026-06-22 15:10:40,153 [WARNING]   ✗ Not found: Mitsubishi 2025 noir_awc keywords=['rvr', 'noir', 'awc']
2026-06-22 15:10:40,153 [DEBUG] Sheet '2025 RVR' trim 'se_awc': Searching with keywords=['rvr', 'se', 'awc']
2026-06-22 15:10:40,153 [WARNING]   ✗ Not found: Mitsubishi 2025 se_awc keywords=['rvr', 'se', 'awc']
2026-06-22 15:10:40,153 [DEBUG] Sheet '2025 RVR' trim 'sel_awc': Searching with keywords=['rvr', 'sel', 'awc']
2026-06-22 15:10:40,154 [WARNING]   ✗ Not found: Mitsubishi 2025 sel_awc keywords=['rvr', 'sel', 'awc']
2026-06-22 15:10:40,156 [DEBUG] Sheet '2025 RVR': 627 rows before, 627 excluded (missing trims: ['es_awc', 'es_fwd', 'gt_awc', 'noir_awc', 'se_awc', 'sel_awc']), 0 rows in output
2026-06-22 15:10:40,159 [DEBUG] Sheet '2025 RVR': 627 rows before, 627 excluded (missing trims: ['es_awc', 'es_fwd', 'gt_awc', 'noir_awc', 'se_awc', 'sel_awc']), 0 rows in output
2026-06-22 15:10:40,162 [INFO] SHEET COMPLETE | sheet=2025 RVR | records_in=111 | records_out=0
2026-06-22 15:10:40,162 [INFO] SHEET START | sheet=2024 PHEV
2026-06-22 15:10:40,187 [DEBUG] Column mapping for '2024 PHEV': {'part_number': 'part_number', 'english_description': 'english_description', 'french_description': 'french_description', 'remarks': 'remarks', 'es': None, 'le': None, 'sel': None, 'gt': None, 'gt-premium': None, 'photo': None, 'install_sheets': None, 'category': None, 'dnp_$': 'dnp', 'msrp_$': 'msrp', 'install_time': 'install_time', 'labour_rate': 'labour_rate', 'installed_price': None}
2026-06-22 15:10:40,188 [DEBUG] Trim candidates for '2024 PHEV': ['es', 'le', 'sel', 'gt', 'gt-premium']
2026-06-22 15:10:40,191 [DEBUG] Valid trim cols for '2024 PHEV': ['es', 'le', 'sel', 'gt', 'gt-premium']
2026-06-22 15:10:40,196 [DEBUG] Extracted vehicle_year: 2024 from sheet '2024 PHEV'
2026-06-22 15:10:40,211 [DEBUG] Sheet '2024 PHEV': 136 records -> 636 after melt
2026-06-22 15:10:40,212 [DEBUG] Sheet '2024 PHEV': Unique trims identified: ['es', 'gt', 'gt-premium', 'le', 'sel']
2026-06-22 15:10:40,212 [DEBUG] Detected fuel type: PHEV
2026-06-22 15:10:40,213 [DEBUG] Sheet '2024 PHEV' trim 'es': Searching with keywords=['es', 'phev']
2026-06-22 15:10:40,213 [WARNING]   ✗ Not found: Mitsubishi 2024 es keywords=['es', 'phev']
2026-06-22 15:10:40,213 [DEBUG] Detected fuel type: PHEV
2026-06-22 15:10:40,213 [DEBUG] Sheet '2024 PHEV' trim 'gt': Searching with keywords=['gt', 'phev']
2026-06-22 15:10:40,214 [WARNING]   ✗ Not found: Mitsubishi 2024 gt keywords=['gt', 'phev']
2026-06-22 15:10:40,214 [DEBUG] Detected fuel type: PHEV
2026-06-22 15:10:40,214 [DEBUG] Sheet '2024 PHEV' trim 'gt-premium': Searching with keywords=['gt', 'premium', 'phev']
2026-06-22 15:10:40,215 [WARNING]   ✗ Not found: Mitsubishi 2024 gt-premium keywords=['gt', 'premium', 'phev']
2026-06-22 15:10:40,215 [DEBUG] Detected fuel type: PHEV
2026-06-22 15:10:40,215 [DEBUG] Sheet '2024 PHEV' trim 'le': Searching with keywords=['le', 'phev']
2026-06-22 15:10:40,216 [WARNING]   ✗ Not found: Mitsubishi 2024 le keywords=['le', 'phev']
2026-06-22 15:10:40,216 [DEBUG] Detected fuel type: PHEV
2026-06-22 15:10:40,216 [DEBUG] Sheet '2024 PHEV' trim 'sel': Searching with keywords=['sel', 'phev']
2026-06-22 15:10:40,217 [WARNING]   ✗ Not found: Mitsubishi 2024 sel keywords=['sel', 'phev']
2026-06-22 15:10:40,219 [DEBUG] Sheet '2024 PHEV': 636 rows before, 636 excluded (missing trims: ['es', 'gt', 'gt-premium', 'le', 'sel']), 0 rows in output
2026-06-22 15:10:40,221 [DEBUG] Sheet '2024 PHEV': 636 rows before, 636 excluded (missing trims: ['es', 'gt', 'gt-premium', 'le', 'sel']), 0 rows in output
2026-06-22 15:10:40,224 [INFO] SHEET COMPLETE | sheet=2024 PHEV | records_in=136 | records_out=0
2026-06-22 15:10:40,224 [INFO] SHEET START | sheet=2024 Mirage
2026-06-22 15:10:40,243 [DEBUG] Column mapping for '2024 Mirage': {'part_number': 'part_number', 'english_description': 'english_description', 'french_description': 'french_description', 'remarks': 'remarks', 'es_cvt': None, 'noir_cvt': None, 'gt_cvt': None, 'photo': None, 'install_sheets': None, 'category': None, 'dnp_$': 'dnp', 'msrp_$': 'msrp', 'install_time': 'install_time', 'labour_rate': 'labour_rate', 'installed_price': None}
2026-06-22 15:10:40,243 [DEBUG] Trim candidates for '2024 Mirage': ['es_cvt', 'noir_cvt', 'gt_cvt']
2026-06-22 15:10:40,245 [DEBUG] Valid trim cols for '2024 Mirage': ['es_cvt', 'noir_cvt', 'gt_cvt']
2026-06-22 15:10:40,250 [DEBUG] Extracted vehicle_year: 2024 from sheet '2024 Mirage'
2026-06-22 15:10:40,263 [DEBUG] Sheet '2024 Mirage': 114 records -> 280 after melt
2026-06-22 15:10:40,264 [DEBUG] Sheet '2024 Mirage': Unique trims identified: ['es_cvt', 'gt_cvt', 'noir_cvt']
2026-06-22 15:10:40,265 [DEBUG] Sheet '2024 Mirage' trim 'es_cvt': Searching with keywords=['mirage', 'es', 'cvt']
2026-06-22 15:10:40,265 [WARNING]   ✗ Not found: Mitsubishi 2024 es_cvt keywords=['mirage', 'es', 'cvt']
2026-06-22 15:10:40,265 [DEBUG] Sheet '2024 Mirage' trim 'gt_cvt': Searching with keywords=['mirage', 'gt', 'cvt']
2026-06-22 15:10:40,266 [WARNING]   ✗ Not found: Mitsubishi 2024 gt_cvt keywords=['mirage', 'gt', 'cvt']
2026-06-22 15:10:40,266 [DEBUG] Sheet '2024 Mirage' trim 'noir_cvt': Searching with keywords=['mirage', 'noir', 'cvt']
2026-06-22 15:10:40,266 [WARNING]   ✗ Not found: Mitsubishi 2024 noir_cvt keywords=['mirage', 'noir', 'cvt']
2026-06-22 15:10:40,269 [DEBUG] Sheet '2024 Mirage': 280 rows before, 280 excluded (missing trims: ['es_cvt', 'gt_cvt', 'noir_cvt']), 0 rows in output
2026-06-22 15:10:40,271 [DEBUG] Sheet '2024 Mirage': 280 rows before, 280 excluded (missing trims: ['es_cvt', 'gt_cvt', 'noir_cvt']), 0 rows in output
2026-06-22 15:10:40,273 [INFO] SHEET COMPLETE | sheet=2024 Mirage | records_in=115 | records_out=0
2026-06-22 15:10:40,274 [INFO] SHEET START | sheet=2020 RVR
2026-06-22 15:10:40,300 [DEBUG] Column mapping for '2020 RVR': {'part_number': 'part_number', 'english_description': 'english_description', 'french_description': 'french_description', 'remarks': 'remarks', 'es': None, 'se': None, 'es_awc': None, 'se_awc': None, 'sel_awc': None, 'limited_edition_awc': None, 'gt_awc': None, 'category': None, 'photo': None, 'dnp_$': 'dnp', 'msrp_$': 'msrp', 'install_time': 'install_time', 'labour_rate': 'labour_rate', 'installed_price': None, 'imc': None, 'oh+oh': None}
2026-06-22 15:10:40,301 [DEBUG] Trim candidates for '2020 RVR': ['es', 'se', 'es_awc', 'se_awc', 'sel_awc', 'limited_edition_awc', 'gt_awc', 'category']
2026-06-22 15:10:40,303 [DEBUG] Valid trim cols for '2020 RVR': ['es', 'se', 'es_awc', 'se_awc', 'sel_awc', 'limited_edition_awc', 'gt_awc']
2026-06-22 15:10:40,310 [DEBUG] Extracted vehicle_year: 2020 from sheet '2020 RVR'
2026-06-22 15:10:40,322 [DEBUG] Sheet '2020 RVR': 119 records -> 809 after melt
2026-06-22 15:10:40,323 [DEBUG] Sheet '2020 RVR': Unique trims identified: ['es', 'es_awc', 'gt_awc', 'limited_edition_awc', 'se', 'se_awc', 'sel_awc']
2026-06-22 15:10:40,324 [DEBUG] Sheet '2020 RVR' trim 'es': Searching with keywords=['rvr', 'es']
2026-06-22 15:10:40,324 [WARNING]   ✗ Not found: Mitsubishi 2020 es keywords=['rvr', 'es']
2026-06-22 15:10:40,325 [DEBUG] Sheet '2020 RVR' trim 'es_awc': Searching with keywords=['rvr', 'es', 'awc']
2026-06-22 15:10:40,325 [WARNING]   ✗ Not found: Mitsubishi 2020 es_awc keywords=['rvr', 'es', 'awc']
2026-06-22 15:10:40,325 [DEBUG] Sheet '2020 RVR' trim 'gt_awc': Searching with keywords=['rvr', 'gt', 'awc']
2026-06-22 15:10:40,326 [WARNING]   ✗ Not found: Mitsubishi 2020 gt_awc keywords=['rvr', 'gt', 'awc']
2026-06-22 15:10:40,326 [DEBUG] Sheet '2020 RVR' trim 'limited_edition_awc': Searching with keywords=['rvr', 'limited', 'edition', 'awc']
2026-06-22 15:10:40,326 [WARNING]   ✗ Not found: Mitsubishi 2020 limited_edition_awc keywords=['rvr', 'limited', 'edition', 'awc']
2026-06-22 15:10:40,327 [DEBUG] Sheet '2020 RVR' trim 'se': Searching with keywords=['rvr', 'se']
2026-06-22 15:10:40,327 [WARNING]   ✗ Not found: Mitsubishi 2020 se keywords=['rvr', 'se']
2026-06-22 15:10:40,327 [DEBUG] Sheet '2020 RVR' trim 'se_awc': Searching with keywords=['rvr', 'se', 'awc']
2026-06-22 15:10:40,328 [WARNING]   ✗ Not found: Mitsubishi 2020 se_awc keywords=['rvr', 'se', 'awc']
2026-06-22 15:10:40,328 [DEBUG] Sheet '2020 RVR' trim 'sel_awc': Searching with keywords=['rvr', 'sel', 'awc']
2026-06-22 15:10:40,328 [WARNING]   ✗ Not found: Mitsubishi 2020 sel_awc keywords=['rvr', 'sel', 'awc']
2026-06-22 15:10:40,331 [DEBUG] Sheet '2020 RVR': 809 rows before, 809 excluded (missing trims: ['es', 'es_awc', 'gt_awc', 'limited_edition_awc', 'se', 'se_awc', 'sel_awc']), 0 rows in output
2026-06-22 15:10:40,333 [DEBUG] Sheet '2020 RVR': 809 rows before, 809 excluded (missing trims: ['es', 'es_awc', 'gt_awc', 'limited_edition_awc', 'se', 'se_awc', 'sel_awc']), 0 rows in output
2026-06-22 15:10:40,335 [INFO] SHEET COMPLETE | sheet=2020 RVR | records_in=119 | records_out=0
2026-06-22 15:10:40,335 [INFO] SHEET START | sheet=Luxwood English
2026-06-22 15:10:40,335 [ERROR] FATAL | sheet=Luxwood English | step=pipeline | reason=Sheet 'Luxwood English': required column 'part_number' (keywords: ['part', 'number']) not found in header row
2026-06-22 15:10:40,335 [INFO] SHEET START | sheet=Luxwood French
2026-06-22 15:10:40,335 [ERROR] FATAL | sheet=Luxwood French | step=pipeline | reason=Sheet 'Luxwood French': required column 'part_number' (keywords: ['part', 'number']) not found in header row
2026-06-22 15:10:40,439 [INFO] Combined output saved: output\ready_to_upload\mitsubishi\mitsubishi_df996f51_20260622_211040.xlsx
2026-06-22 15:10:40,446 [INFO] RUN COMPLETE | sheets_processed=11 | sheets_skipped=2
