[2026-08-06 15:22:12] [INFO    ] [root] Logging initialized | Log file: accy_v2\model_lookup\logs\refresh_db_ads_20260806_152212.log
[2026-08-06 15:22:12] [DEBUG   ] [root] Console level: INFO | File level: DEBUG
[2026-08-06 15:22:12] [INFO    ] [refresh_db_ads] ================================================================================
[2026-08-06 15:22:12] [INFO    ] [refresh_db_ads] DATABASE REFRESH FROM ADS STARTED (APPEND MODE (no archive))
[2026-08-06 15:22:12] [INFO    ] [refresh_db_ads] ================================================================================
[2026-08-06 15:22:12] [INFO    ] [refresh_db_ads] Run ID: 0b1d982f
[2026-08-06 15:22:12] [INFO    ] [refresh_db_ads] Makes: Honda
[2026-08-06 15:22:12] [INFO    ] [refresh_db_ads] Years: 2024
[2026-08-06 15:22:12] [INFO    ] [refresh_db_ads] Archive mode: disabled
[2026-08-06 15:22:12] [INFO    ] [refresh_db_ads] Log file: accy_v2\model_lookup\logs\refresh_db_ads_20260806_152212.log
[2026-08-06 15:22:12] [INFO    ] [refresh_db_ads] ================================================================================
[2026-08-06 15:22:12] [INFO    ] [refresh_db_ads] 
[Step 1/4] Initializing ADS service...
[2026-08-06 15:22:12] [INFO    ] [refresh_db_ads] ADS service initialized successfully | Credentials loaded and client ready
[2026-08-06 15:22:12] [INFO    ] [refresh_db_ads] 
[Step 2/3] (Archival skipped - append mode enabled)
[2026-08-06 15:22:12] [INFO    ] [refresh_db_ads] 
[Step 2/3] Fetching data from ADS API...
[2026-08-06 15:22:12] [DEBUG   ] [refresh_db_ads] Fetching for makes: ['Honda'] | years: [2024]
[2026-08-06 15:22:12] [INFO    ] [accy_v2.model_lookup.chrome_api.service] refresh_from_ads | Honda | Starting fetch
[2026-08-06 15:22:12] [DEBUG   ] [accy_v2.model_lookup.chrome_api.service] service | Honda | Loading configs from: C:\Users\paxm\OneDrive - PBS SYSTEMS\Desktop\Office\Projects\OEM Accessory project\OEM_Accessories_v1\accy_v2\model_lookup\configs
[2026-08-06 15:22:12] [DEBUG   ] [accy_v2.model_lookup.chrome_api.service] service | Honda | Loaded classification.yaml (48 keywords)
[2026-08-06 15:22:12] [WARNING ] [accy_v2.model_lookup.chrome_api.service] service | Honda | Translator file not found
[2026-08-06 15:22:12] [DEBUG   ] [accy_v2.model_lookup.chrome_api.service] service | Honda | Standardization file not found: C:\Users\paxm\OneDrive - PBS SYSTEMS\Desktop\Office\Projects\OEM Accessory project\OEM_Accessories_v1\accy_v2\model_lookup\configs\honda\standardization.yaml
[2026-08-06 15:22:12] [INFO    ] [accy_v2.model_lookup.chrome_api.service] service | Honda | Configs loaded | components: classification
[2026-08-06 15:22:12] [ERROR   ] [refresh_db_ads] FAILED to fetch from ADS | Error: [Errno 22] Invalid argument
[2026-08-06 15:22:12] [CRITICAL] [refresh_db_ads] FATAL ERROR | Database refresh aborted | Error: [Errno 22] Invalid argument
[2026-08-06 15:22:12] [DEBUG   ] [refresh_db_ads] Traceback:
Traceback (most recent call last):
  File "C:\Users\paxm\OneDrive - PBS SYSTEMS\Desktop\Office\Projects\OEM Accessory project\OEM_Accessories_v1\accy_v2\model_lookup\refresh_db_ads.py", line 149, in refresh_from_ads
    df = service.refresh_from_ads(makes=makes, years=years)
  File "C:\Users\paxm\OneDrive - PBS SYSTEMS\Desktop\Office\Projects\OEM Accessory project\OEM_Accessories_v1\accy_v2\model_lookup\chrome_api\service.py", line 227, in refresh_from_ads
    print(f"  {year}...", end=" ", flush=True)
    ~~~~~^^^^^^^^^^^^^^^^^^^^^^^^^^^^^^^^^^^^^
OSError: [Errno 22] Invalid argument

